<html>
<body>
<pre>
<h1>µVision Build Log</h1>
<h2>Project:</h2>
F:\1-YSRDATA\2_D_Drive_Embedded_PC\7_EmbeddedLAb20.com\Kits\Emtron_ARM_Kit\LPC2148_example_codes\LPC2148_example_codes\1_Blinky _Input\blinky.uvproj
Project File Date:  08/04/2015

<h2>Output:</h2>
Build target 'Target 1'
compiling main.c...
main.c(22): warning:  #61-D: integer operation result is out of range
main.c(22): warning:  #68-D: integer conversion resulted in a change of sign
main.c(28): warning:  #61-D: integer operation result is out of range
main.c(28): warning:  #68-D: integer conversion resulted in a change of sign
main.c(34): warning:  #61-D: integer operation result is out of range
main.c(34): warning:  #68-D: integer conversion resulted in a change of sign
assembling Startup.s...
linking...
Program Size: Code=908 RO-data=16 RW-data=0 ZI-data=1256  
FromELF: creating hex file...
"blinky.axf" - 0 Error(s), 6 Warning(s).
