<html>
<body>
<pre>
<h1>µVision Build Log</h1>
<h2>Project:</h2>
E:\Passport\2_D_Drive_Embedded_PC\7_EmbeddedLAb20.com\Kits\Emtron_ARM_Kit\LPC2148_example_codes\LPC2148_example_codes\6_Serial\uart_test.uvproj
Project File Date:  08/05/2015

<h2>Output:</h2>
Build target 'Target 1'
compiling main.c...
compiling Serial.c...
assembling Startup.s...
linking...
Program Size: Code=2548 RO-data=76 RW-data=0 ZI-data=1256  
FromELF: creating hex file...
"uart_test.axf" - 0 Error(s), 0 Warning(s).
Build target 'Target 1'
compiling main.c...
compiling Serial.c...
assembling Startup.s...
linking...
Program Size: Code=2548 RO-data=76 RW-data=0 ZI-data=1256  
FromELF: creating hex file...
"uart_test.axf" - 0 Error(s), 0 Warning(s).
Build target 'Target 1'
compiling main.c...
compiling Serial.c...
assembling Startup.s...
linking...
Program Size: Code=2548 RO-data=76 RW-data=0 ZI-data=1256  
FromELF: creating hex file...
"uart_test.axf" - 0 Error(s), 0 Warning(s).
