<html>
<body>
<pre>
<h1>µVision Build Log</h1>
<h2>Project:</h2>
E:\Passport\2_D_Drive_Embedded_PC\7_EmbeddedLAb20.com\Kits\Emtron_ARM_Kit\LPC2148_example_codes\LPC2148_example_codes\7_RTC\rtc.uvproj
Project File Date:  07/19/2013

<h2>Output:</h2>
Build target 'Target 1'
assembling Startup.s...
compiling lcd.c...
compiling main.c...
main.c(17): warning:  #223-D: function "lcd_clear" declared implicitly
main.c(36): warning:  #1-D: last line of file ends without a newline
linking...
Program Size: Code=2688 RO-data=36 RW-data=0 ZI-data=2280  
FromELF: creating hex file...
"rtc.axf" - 0 Error(s), 2 Warning(s).
