ARM Linker, RVCT4.0 [Build 524] for uVision [Evaluation]

==============================================================================

Section Cross References

    startup.o(STACK) refers (Special) to heapauxi.o(.text) for __use_two_region_memory
    startup.o(HEAP) refers (Special) to heapauxi.o(.text) for __use_two_region_memory
    startup.o(RESET) refers (Special) to heapauxi.o(.text) for __use_two_region_memory
    startup.o(RESET) refers to startup.o(STACK) for Stack_Top
    startup.o(RESET) refers to __main.o(!!!main) for __main
    startup.o(.text) refers (Special) to heapauxi.o(.text) for __use_two_region_memory
    startup.o(.text) refers to startup.o(HEAP) for Heap_Mem
    startup.o(.text) refers to startup.o(STACK) for Stack_Mem
    gsmat.o(.text) refers to lcd.o(.text) for lcd_init
    gsmat.o(.text) refers to fflt_noclz.o(x$fpl$ffltu) for __aeabi_ui2f
    gsmat.o(.text) refers to fdiv.o(x$fpl$fdiv) for __aeabi_fdiv
    gsmat.o(.text) refers to f2d.o(x$fpl$f2d) for __aeabi_f2d
    gsmat.o(.text) refers to dmul.o(x$fpl$dmul) for __aeabi_dmul
    gsmat.o(.text) refers to sin.o(i.sin) for sin
    gsmat.o(.text) refers to dfixu.o(x$fpl$dfixu) for __aeabi_d2uiz
    gsmat.o(.text) refers to aeabi_sdiv.o(.text) for __aeabi_idivmod
    aeabi_sdiv.o(.text_udiv) refers to aeabi_sdiv.o(.text) for __arm_div4
    aeabi_sdiv_div0.o(.text_udiv) refers to aeabi_sdiv_div0.o(.text) for __arm_div4
    __main.o(!!!main) refers to rtentry.o(.ARM.Collect$$rtentry$$00000000) for __rt_entry
    dfixu.o(x$fpl$dfixu) refers (Special) to usenofp.o(x$fpl$usenofp) for __I$use$fp
    dfixu.o(x$fpl$dfixu) refers to dcheck1.o(x$fpl$dcheck1) for __fpl_dcheck_NaN1
    dfixu.o(x$fpl$dfixur) refers (Special) to usenofp.o(x$fpl$usenofp) for __I$use$fp
    dfixu.o(x$fpl$dfixur) refers to dcheck1.o(x$fpl$dcheck1) for __fpl_dcheck_NaN1
    dmul.o(x$fpl$dmul) refers (Special) to usenofp.o(x$fpl$usenofp) for __I$use$fp
    dmul.o(x$fpl$dmul) refers (Special) to dunder.o(x$fpl$dunder) for __dunder
    dmul.o(x$fpl$dmul) refers to dcheck.o(x$fpl$dcheck) for __fpl_dcheck_NaN2
    f2d.o(x$fpl$f2d) refers (Special) to usenofp.o(x$fpl$usenofp) for __I$use$fp
    f2d.o(x$fpl$f2d) refers (Special) to dflt_noclz.o(x$fpl$dflt) for __dflt_normalise
    f2d.o(x$fpl$f2d) refers to fcheck1.o(x$fpl$fcheck1) for __fpl_fcheck_NaN1
    fdiv.o(x$fpl$frdiv) refers (Special) to usenofp.o(x$fpl$usenofp) for __I$use$fp
    fdiv.o(x$fpl$frdiv) refers (Special) to fnorm2_noclz.o(x$fpl$fnorm2) for __fpl_normalise2
    fdiv.o(x$fpl$frdiv) refers (Special) to funder.o(x$fpl$funder) for __funder
    fdiv.o(x$fpl$frdiv) refers to fdiv.o(x$fpl$fdiv) for _fdiv1
    fdiv.o(x$fpl$fdiv) refers (Special) to usenofp.o(x$fpl$usenofp) for __I$use$fp
    fdiv.o(x$fpl$fdiv) refers (Special) to fnorm2_noclz.o(x$fpl$fnorm2) for __fpl_normalise2
    fdiv.o(x$fpl$fdiv) refers (Special) to funder.o(x$fpl$funder) for __funder
    fdiv.o(x$fpl$fdiv) refers to fcheck.o(x$fpl$fcheck) for __fpl_fcheck_NaN2
    fflt_noclz.o(x$fpl$ffltu) refers (Special) to usenofp.o(x$fpl$usenofp) for __I$use$fp
    fflt_noclz.o(x$fpl$ffltu) refers to fflt_noclz.o(x$fpl$fflt) for __fflt_normalise
    fflt_noclz.o(x$fpl$fflt) refers (Special) to usenofp.o(x$fpl$usenofp) for __I$use$fp
    sin.o(i.__softfp_sin) refers (Special) to usenofp.o(x$fpl$usenofp) for __I$use$fp
    sin.o(i.__softfp_sin) refers to sin.o(i.sin) for sin
    sin.o(i.sin) refers (Special) to usenofp.o(x$fpl$usenofp) for __I$use$fp
    sin.o(i.sin) refers to _rserrno.o(.text) for __set_errno
    sin.o(i.sin) refers to scalbn.o(x$fpl$scalbn) for __ARM_scalbn
    sin.o(i.sin) refers to rred.o(i.__ieee754_rem_pio2) for __ieee754_rem_pio2
    sin.o(i.sin) refers to sin_i.o(i.__kernel_sin) for __kernel_sin
    sin.o(i.sin) refers to cos_i.o(i.__kernel_cos) for __kernel_cos
    rtentry.o(.ARM.Collect$$rtentry$$00000000) refers (Special) to rtentry2.o(.ARM.Collect$$rtentry$$0000000A) for __rt_entry_li
    rtentry.o(.ARM.Collect$$rtentry$$00000000) refers (Special) to rtentry2.o(.ARM.Collect$$rtentry$$0000000D) for __rt_entry_main
    rtentry.o(.ARM.Collect$$rtentry$$00000000) refers (Special) to rtentry2.o(.ARM.Collect$$rtentry$$0000000C) for __rt_entry_postli_1
    rtentry.o(.ARM.Collect$$rtentry$$00000000) refers (Special) to rtentry2.o(.ARM.Collect$$rtentry$$00000009) for __rt_entry_postsh_1
    rtentry.o(.ARM.Collect$$rtentry$$00000000) refers (Special) to rtentry2.o(.ARM.Collect$$rtentry$$00000002) for __rt_entry_presh_1
    rtentry.o(.ARM.Collect$$rtentry$$00000000) refers (Special) to rtentry4.o(.ARM.Collect$$rtentry$$00000004) for __rt_entry_sh
    rtentry.o(.ARM.exidx) refers (Special) to rtentry2.o(.ARM.Collect$$rtentry$$0000000A) for __rt_entry_li
    rtentry.o(.ARM.exidx) refers (Special) to rtentry2.o(.ARM.Collect$$rtentry$$0000000D) for __rt_entry_main
    rtentry.o(.ARM.exidx) refers (Special) to rtentry2.o(.ARM.Collect$$rtentry$$0000000C) for __rt_entry_postli_1
    rtentry.o(.ARM.exidx) refers (Special) to rtentry2.o(.ARM.Collect$$rtentry$$00000009) for __rt_entry_postsh_1
    rtentry.o(.ARM.exidx) refers (Special) to rtentry2.o(.ARM.Collect$$rtentry$$00000002) for __rt_entry_presh_1
    rtentry.o(.ARM.exidx) refers (Special) to rtentry4.o(.ARM.Collect$$rtentry$$00000004) for __rt_entry_sh
    rtentry.o(.ARM.exidx) refers to rtentry.o(.ARM.Collect$$rtentry$$00000000) for .ARM.Collect$$rtentry$$00000000
    aeabi_idiv0_sigfpe.o(.text) refers to rt_div0.o(.text) for __rt_div0
    _rserrno.o(.text) refers to rt_errno_addr_intlibspace.o(.text) for __aeabi_errno_addr
    dcheck.o(x$fpl$dcheck) refers (Special) to usenofp.o(x$fpl$usenofp) for __I$use$fp
    dcheck.o(x$fpl$dcheck) refers to retnan.o(x$fpl$retnan) for __fpl_return_NaN
    dcheck1.o(x$fpl$dcheck1) refers (Special) to usenofp.o(x$fpl$usenofp) for __I$use$fp
    dcheck1.o(x$fpl$dcheck1) refers to retnan.o(x$fpl$retnan) for __fpl_return_NaN
    dflt_noclz.o(x$fpl$dfltu) refers (Special) to usenofp.o(x$fpl$usenofp) for __I$use$fp
    dflt_noclz.o(x$fpl$dfltu) refers to dflt_noclz.o(x$fpl$dflt) for __dflt_normalise
    dflt_noclz.o(x$fpl$dflt) refers (Special) to usenofp.o(x$fpl$usenofp) for __I$use$fp
    dunder.o(x$fpl$dunder) refers (Special) to usenofp.o(x$fpl$usenofp) for __I$use$fp
    fcheck.o(x$fpl$fcheck) refers (Special) to usenofp.o(x$fpl$usenofp) for __I$use$fp
    fcheck.o(x$fpl$fcheck) refers to retnan.o(x$fpl$retnan) for __fpl_return_NaN
    fcheck1.o(x$fpl$fcheck1) refers (Special) to usenofp.o(x$fpl$usenofp) for __I$use$fp
    fcheck1.o(x$fpl$fcheck1) refers to retnan.o(x$fpl$retnan) for __fpl_return_NaN
    fnorm2_noclz.o(x$fpl$fnorm2) refers (Special) to usenofp.o(x$fpl$usenofp) for __I$use$fp
    funder.o(x$fpl$funder) refers (Special) to usenofp.o(x$fpl$usenofp) for __I$use$fp
    scalbn.o(x$fpl$scalbnl) refers (Special) to usenofp.o(x$fpl$usenofp) for __I$use$fp
    scalbn.o(x$fpl$scalbnl) refers to scalbn.o(x$fpl$scalbn) for scalbn
    scalbn.o(x$fpl$scalblnl) refers (Special) to usenofp.o(x$fpl$usenofp) for __I$use$fp
    scalbn.o(x$fpl$scalblnl) refers to scalbn.o(x$fpl$scalbn) for scalbn
    scalbn.o(x$fpl$scalbln) refers (Special) to usenofp.o(x$fpl$usenofp) for __I$use$fp
    scalbn.o(x$fpl$scalbln) refers to scalbn.o(x$fpl$scalbn) for scalbn
    scalbn.o(x$fpl$scalbn) refers (Special) to usenofp.o(x$fpl$usenofp) for __I$use$fp
    scalbn.o(x$fpl$scalbn) refers to dcheck1.o(x$fpl$dcheck1) for __fpl_dcheck_NaN1
    cos_i.o(i.__kernel_cos) refers (Special) to usenofp.o(x$fpl$usenofp) for __I$use$fp
    cos_i.o(i.__kernel_cos) refers to dfix.o(x$fpl$dfix) for __aeabi_d2iz
    cos_i.o(i.__kernel_cos) refers to dmul.o(x$fpl$dmul) for __aeabi_dmul
    cos_i.o(i.__kernel_cos) refers to poly.o(i.__kernel_poly) for __kernel_poly
    cos_i.o(i.__kernel_cos) refers to daddsub_noclz.o(x$fpl$dsub) for __aeabi_dsub
    cos_i.o(i.__kernel_cos) refers to scalbn.o(x$fpl$scalbn) for __ARM_scalbn
    cos_i.o(i.__kernel_cos) refers to daddsub_noclz.o(x$fpl$drsb) for __aeabi_drsub
    cos_i.o(i.__kernel_cos) refers to cos_i.o(.constdata) for .constdata
    cos_i.o(.constdata) refers (Special) to usenofp.o(x$fpl$usenofp) for __I$use$fp
    rred.o(i.__ieee754_rem_pio2) refers (Special) to usenofp.o(x$fpl$usenofp) for __I$use$fp
    rred.o(i.__ieee754_rem_pio2) refers to daddsub_noclz.o(x$fpl$dsub) for __aeabi_dsub
    rred.o(i.__ieee754_rem_pio2) refers to daddsub_noclz.o(x$fpl$dadd) for __aeabi_dadd
    rred.o(i.__ieee754_rem_pio2) refers to dmul.o(x$fpl$dmul) for __aeabi_dmul
    rred.o(i.__ieee754_rem_pio2) refers to dfix.o(x$fpl$dfix) for __aeabi_d2iz
    rred.o(i.__ieee754_rem_pio2) refers to dflt_noclz.o(x$fpl$dflt) for __aeabi_i2d
    rred.o(i.__ieee754_rem_pio2) refers to daddsub_noclz.o(x$fpl$drsb) for __aeabi_drsub
    rred.o(i.__ieee754_rem_pio2) refers to aeabi_sdiv.o(.text_udiv) for __aeabi_uidivmod
    rred.o(i.__ieee754_rem_pio2) refers to rred.o(.constdata) for .constdata
    rred.o(i.__ieee754_rem_pio2) refers to drem_noclz.o(x$fpl$drem) for _drem
    rred.o(i.__ieee754_rem_pio2) refers to ddiv.o(x$fpl$ddiv) for __aeabi_ddiv
    rred.o(i.__ieee754_rem_pio2) refers to scalbn.o(x$fpl$scalbn) for __ARM_scalbn
    rred.o(.constdata) refers (Special) to usenofp.o(x$fpl$usenofp) for __I$use$fp
    sin_i.o(i.__kernel_sin) refers (Special) to usenofp.o(x$fpl$usenofp) for __I$use$fp
    sin_i.o(i.__kernel_sin) refers to dfix.o(x$fpl$dfix) for __aeabi_d2iz
    sin_i.o(i.__kernel_sin) refers to dmul.o(x$fpl$dmul) for __aeabi_dmul
    sin_i.o(i.__kernel_sin) refers to poly.o(i.__kernel_poly) for __kernel_poly
    sin_i.o(i.__kernel_sin) refers to daddsub_noclz.o(x$fpl$dadd) for __aeabi_dadd
    sin_i.o(i.__kernel_sin) refers to scalbn.o(x$fpl$scalbn) for __ARM_scalbn
    sin_i.o(i.__kernel_sin) refers to daddsub_noclz.o(x$fpl$dsub) for __aeabi_dsub
    sin_i.o(i.__kernel_sin) refers to daddsub_noclz.o(x$fpl$drsb) for __aeabi_drsub
    sin_i.o(i.__kernel_sin) refers to sin_i.o(.constdata) for .constdata
    sin_i.o(.constdata) refers (Special) to usenofp.o(x$fpl$usenofp) for __I$use$fp
    rtentry2.o(.ARM.Collect$$rtentry$$00000008) refers to boardinit2.o(.text) for _platform_post_stackheap_init
    rtentry2.o(.ARM.Collect$$rtentry$$0000000A) refers to libinit.o(.ARM.Collect$$libinit$$00000000) for __rt_lib_init
    rtentry2.o(.ARM.Collect$$rtentry$$0000000B) refers to boardinit3.o(.text) for _platform_post_lib_init
    rtentry2.o(.ARM.Collect$$rtentry$$0000000D) refers to exit.o(.text) for exit
    rtentry2.o(.ARM.Collect$$rtentry$$0000000D) refers to gsmat.o(.text) for main
    rtentry2.o(.ARM.exidx) refers to rtentry2.o(.ARM.Collect$$rtentry$$00000001) for .ARM.Collect$$rtentry$$00000001
    rtentry2.o(.ARM.exidx) refers to rtentry2.o(.ARM.Collect$$rtentry$$00000002) for .ARM.Collect$$rtentry$$00000002
    rtentry2.o(.ARM.exidx) refers to rtentry2.o(.ARM.Collect$$rtentry$$00000008) for .ARM.Collect$$rtentry$$00000008
    rtentry2.o(.ARM.exidx) refers to rtentry2.o(.ARM.Collect$$rtentry$$00000009) for .ARM.Collect$$rtentry$$00000009
    rtentry2.o(.ARM.exidx) refers to rtentry2.o(.ARM.Collect$$rtentry$$0000000A) for .ARM.Collect$$rtentry$$0000000A
    rtentry2.o(.ARM.exidx) refers to rtentry2.o(.ARM.Collect$$rtentry$$0000000B) for .ARM.Collect$$rtentry$$0000000B
    rtentry2.o(.ARM.exidx) refers to rtentry2.o(.ARM.Collect$$rtentry$$0000000C) for .ARM.Collect$$rtentry$$0000000C
    rtentry2.o(.ARM.exidx) refers to rtentry2.o(.ARM.Collect$$rtentry$$0000000D) for .ARM.Collect$$rtentry$$0000000D
    rtentry4.o(.ARM.Collect$$rtentry$$00000004) refers to sys_stackheap_outer.o(.text) for __user_setup_stackheap
    rtentry4.o(.ARM.exidx) refers to rtentry4.o(.ARM.Collect$$rtentry$$00000004) for .ARM.Collect$$rtentry$$00000004
    rt_div0.o(.text) refers to defsig_fpe_outer.o(.text) for __rt_SIGFPE
    rt_errno_addr.o(.text) refers to rt_errno_addr.o(.bss) for __aeabi_errno_addr_data
    rt_errno_addr_intlibspace.o(.text) refers to libspace.o(.bss) for __libspace_start
    daddsub_noclz.o(x$fpl$dadd) refers (Special) to usenofp.o(x$fpl$usenofp) for __I$use$fp
    daddsub_noclz.o(x$fpl$dadd) refers (Special) to dunder.o(x$fpl$dunder) for __dunder
    daddsub_noclz.o(x$fpl$dadd) refers to daddsub_noclz.o(x$fpl$dsub) for _dsub1
    daddsub_noclz.o(x$fpl$dadd) refers to dcheck.o(x$fpl$dcheck) for __fpl_dcheck_NaN2
    daddsub_noclz.o(x$fpl$drsb) refers (Special) to usenofp.o(x$fpl$usenofp) for __I$use$fp
    daddsub_noclz.o(x$fpl$drsb) refers (Special) to dunder.o(x$fpl$dunder) for __dunder
    daddsub_noclz.o(x$fpl$drsb) refers to daddsub_noclz.o(x$fpl$dadd) for _dadd1
    daddsub_noclz.o(x$fpl$drsb) refers to daddsub_noclz.o(x$fpl$dsub) for _dsub1
    daddsub_noclz.o(x$fpl$dsub) refers (Special) to usenofp.o(x$fpl$usenofp) for __I$use$fp
    daddsub_noclz.o(x$fpl$dsub) refers (Special) to dunder.o(x$fpl$dunder) for __dunder
    daddsub_noclz.o(x$fpl$dsub) refers to daddsub_noclz.o(x$fpl$dadd) for _dadd1
    daddsub_noclz.o(x$fpl$dsub) refers to dcheck.o(x$fpl$dcheck) for __fpl_dcheck_NaN2
    ddiv.o(x$fpl$drdiv) refers (Special) to usenofp.o(x$fpl$usenofp) for __I$use$fp
    ddiv.o(x$fpl$drdiv) refers (Special) to dunder.o(x$fpl$dunder) for __dunder
    ddiv.o(x$fpl$drdiv) refers to ddiv.o(x$fpl$ddiv) for ddiv_entry
    ddiv.o(x$fpl$ddiv) refers (Special) to usenofp.o(x$fpl$usenofp) for __I$use$fp
    ddiv.o(x$fpl$ddiv) refers (Special) to dunder.o(x$fpl$dunder) for __dunder
    ddiv.o(x$fpl$ddiv) refers to dcheck.o(x$fpl$dcheck) for __fpl_dcheck_NaN2
    dfix.o(x$fpl$dfix) refers (Special) to usenofp.o(x$fpl$usenofp) for __I$use$fp
    dfix.o(x$fpl$dfix) refers to dcheck1.o(x$fpl$dcheck1) for __fpl_dcheck_NaN1
    dfix.o(x$fpl$dfixr) refers (Special) to usenofp.o(x$fpl$usenofp) for __I$use$fp
    dfix.o(x$fpl$dfixr) refers to dcheck1.o(x$fpl$dcheck1) for __fpl_dcheck_NaN1
    drem_noclz.o(x$fpl$drem) refers (Special) to usenofp.o(x$fpl$usenofp) for __I$use$fp
    drem_noclz.o(x$fpl$drem) refers (Special) to dunder.o(x$fpl$dunder) for __dunder
    drem_noclz.o(x$fpl$drem) refers to dcheck.o(x$fpl$dcheck) for __fpl_dcheck_NaN2
    retnan.o(x$fpl$retnan) refers (Special) to usenofp.o(x$fpl$usenofp) for __I$use$fp
    retnan.o(x$fpl$retnan) refers to trapv.o(x$fpl$trapveneer) for __fpl_cmpreturn
    poly.o(i.__kernel_poly) refers (Special) to usenofp.o(x$fpl$usenofp) for __I$use$fp
    poly.o(i.__kernel_poly) refers to dmul.o(x$fpl$dmul) for __aeabi_dmul
    poly.o(i.__kernel_poly) refers to daddsub_noclz.o(x$fpl$dadd) for __aeabi_dadd
    libspace.o(.text) refers to libspace.o(.bss) for __libspace_start
    sys_stackheap_outer.o(.text) refers to libspace.o(.text) for __user_perproc_libspace
    sys_stackheap_outer.o(.text) refers to startup.o(.text) for __user_initial_stackheap
    exit.o(.text) refers to rtexit.o(.ARM.Collect$$rtexit$$00000000) for __rt_exit
    defsig_fpe_outer.o(.text) refers to defsig_fpe_inner.o(.text) for __rt_SIGFPE_inner
    defsig_fpe_outer.o(.text) refers to defsig_exit.o(.text) for __sig_exit
    defsig_fpe_formal.o(.text) refers to rt_raise.o(.text) for __rt_raise
    libinit.o(.ARM.Collect$$libinit$$00000000) refers (Special) to libinit2.o(.ARM.Collect$$libinit$$0000002A) for __rt_lib_init_alloca_1
    libinit.o(.ARM.Collect$$libinit$$00000000) refers (Special) to libinit2.o(.ARM.Collect$$libinit$$00000028) for __rt_lib_init_argv_1
    libinit.o(.ARM.Collect$$libinit$$00000000) refers (Special) to libinit2.o(.ARM.Collect$$libinit$$00000017) for __rt_lib_init_atexit_1
    libinit.o(.ARM.Collect$$libinit$$00000000) refers (Special) to libinit2.o(.ARM.Collect$$libinit$$0000001D) for __rt_lib_init_clock_1
    libinit.o(.ARM.Collect$$libinit$$00000000) refers (Special) to libinit2.o(.ARM.Collect$$libinit$$0000002E) for __rt_lib_init_cpp_1
    libinit.o(.ARM.Collect$$libinit$$00000000) refers (Special) to libinit2.o(.ARM.Collect$$libinit$$0000002C) for __rt_lib_init_exceptions_1
    libinit.o(.ARM.Collect$$libinit$$00000000) refers (Special) to libinit2.o(.ARM.Collect$$libinit$$0000001B) for __rt_lib_init_fp_trap_1
    libinit.o(.ARM.Collect$$libinit$$00000000) refers (Special) to libinit2.o(.ARM.Collect$$libinit$$0000001F) for __rt_lib_init_getenv_1
    libinit.o(.ARM.Collect$$libinit$$00000000) refers (Special) to libinit2.o(.ARM.Collect$$libinit$$00000006) for __rt_lib_init_heap_1
    libinit.o(.ARM.Collect$$libinit$$00000000) refers (Special) to libinit2.o(.ARM.Collect$$libinit$$0000000D) for __rt_lib_init_lc_collate_1
    libinit.o(.ARM.Collect$$libinit$$00000000) refers (Special) to libinit2.o(.ARM.Collect$$libinit$$0000000F) for __rt_lib_init_lc_ctype_1
    libinit.o(.ARM.Collect$$libinit$$00000000) refers (Special) to libinit2.o(.ARM.Collect$$libinit$$00000011) for __rt_lib_init_lc_monetary_1
    libinit.o(.ARM.Collect$$libinit$$00000000) refers (Special) to libinit2.o(.ARM.Collect$$libinit$$00000013) for __rt_lib_init_lc_numeric_1
    libinit.o(.ARM.Collect$$libinit$$00000000) refers (Special) to libinit2.o(.ARM.Collect$$libinit$$00000015) for __rt_lib_init_lc_time_1
    libinit.o(.ARM.Collect$$libinit$$00000000) refers (Special) to libinit2.o(.ARM.Collect$$libinit$$0000000A) for __rt_lib_init_rand_1
    libinit.o(.ARM.Collect$$libinit$$00000000) refers (Special) to libinit2.o(.ARM.Collect$$libinit$$0000002F) for __rt_lib_init_return
    libinit.o(.ARM.Collect$$libinit$$00000000) refers (Special) to libinit2.o(.ARM.Collect$$libinit$$00000019) for __rt_lib_init_signal_1
    libinit.o(.ARM.Collect$$libinit$$00000000) refers (Special) to libinit2.o(.ARM.Collect$$libinit$$00000021) for __rt_lib_init_stdio_1
    libinit.o(.ARM.Collect$$libinit$$00000000) refers (Special) to libinit2.o(.ARM.Collect$$libinit$$00000008) for __rt_lib_init_user_alloc_1
    libinit.o(.ARM.Collect$$libinit$$00000000) refers to fpinit.o(x$fpl$fpinit) for _fp_init
    trapv.o(x$fpl$trapveneer) refers (Special) to usenofp.o(x$fpl$usenofp) for __I$use$fp
    rtexit.o(.ARM.Collect$$rtexit$$00000000) refers (Special) to rtexit2.o(.ARM.Collect$$rtexit$$00000004) for __rt_exit_exit
    rtexit.o(.ARM.Collect$$rtexit$$00000000) refers (Special) to rtexit2.o(.ARM.Collect$$rtexit$$00000003) for __rt_exit_ls
    rtexit.o(.ARM.Collect$$rtexit$$00000000) refers (Special) to rtexit2.o(.ARM.Collect$$rtexit$$00000002) for __rt_exit_prels_1
    rtexit.o(.ARM.exidx) refers (Special) to rtexit2.o(.ARM.Collect$$rtexit$$00000004) for __rt_exit_exit
    rtexit.o(.ARM.exidx) refers (Special) to rtexit2.o(.ARM.Collect$$rtexit$$00000003) for __rt_exit_ls
    rtexit.o(.ARM.exidx) refers (Special) to rtexit2.o(.ARM.Collect$$rtexit$$00000002) for __rt_exit_prels_1
    rtexit.o(.ARM.exidx) refers to rtexit.o(.ARM.Collect$$rtexit$$00000000) for .ARM.Collect$$rtexit$$00000000
    rt_raise.o(.text) refers to __raise.o(.text) for __raise
    rt_raise.o(.text) refers to sys_exit.o(.text) for _sys_exit
    defsig_exit.o(.text) refers to sys_exit.o(.text) for _sys_exit
    defsig_fpe_inner.o(.text) refers to defsig_general.o(.text) for __default_signal_display
    libinit2.o(.ARM.Collect$$libinit$$0000000C) refers to libinit2.o(.ARM.Collect$$libinit$$0000000B) for .ARM.Collect$$libinit$$0000000B
    libinit2.o(.ARM.Collect$$libinit$$0000000E) refers to libinit2.o(.ARM.Collect$$libinit$$0000000B) for .ARM.Collect$$libinit$$0000000B
    libinit2.o(.ARM.Collect$$libinit$$00000010) refers to libinit2.o(.ARM.Collect$$libinit$$0000000B) for .ARM.Collect$$libinit$$0000000B
    libinit2.o(.ARM.Collect$$libinit$$00000012) refers to libinit2.o(.ARM.Collect$$libinit$$0000000B) for .ARM.Collect$$libinit$$0000000B
    libinit2.o(.ARM.Collect$$libinit$$00000014) refers to libinit2.o(.ARM.Collect$$libinit$$0000000B) for .ARM.Collect$$libinit$$0000000B
    libinit2.o(.ARM.Collect$$libinit$$00000022) refers to argv_veneer.o(.emb_text) for __ARM_argv_veneer
    libinit2.o(.ARM.Collect$$libinit$$00000023) refers to argv_veneer.o(.emb_text) for __ARM_argv_veneer
    sys_exit.o(.text) refers to use_no_semi.o(.text) for __I$use$semihosting
    rtexit2.o(.ARM.Collect$$rtexit$$00000003) refers to libshutdown.o(.ARM.Collect$$libshutdown$$00000000) for __rt_lib_shutdown
    rtexit2.o(.ARM.Collect$$rtexit$$00000004) refers to sys_exit.o(.text) for _sys_exit
    rtexit2.o(.ARM.exidx) refers to rtexit2.o(.ARM.Collect$$rtexit$$00000001) for .ARM.Collect$$rtexit$$00000001
    rtexit2.o(.ARM.exidx) refers to rtexit2.o(.ARM.Collect$$rtexit$$00000002) for .ARM.Collect$$rtexit$$00000002
    rtexit2.o(.ARM.exidx) refers to rtexit2.o(.ARM.Collect$$rtexit$$00000003) for .ARM.Collect$$rtexit$$00000003
    rtexit2.o(.ARM.exidx) refers to rtexit2.o(.ARM.Collect$$rtexit$$00000004) for .ARM.Collect$$rtexit$$00000004
    __raise.o(.text) refers to defsig.o(CL$$defsig) for __default_signal_handler
    __raise.o(.text) refers to __raise.o(i.__ARM_common_call_via_r2) for __ARM_common_call_via_r2
    defsig_general.o(.text) refers to sys_wrch.o(.text) for _ttywrch
    argv_veneer.o(.emb_text) refers to no_argv.o(.text) for __ARM_get_argv
    sys_wrch.o(.text) refers (Special) to use_no_semi.o(.text) for __I$use$semihosting
    defsig.o(CL$$defsig) refers to defsig_fpe_inner.o(.text) for __rt_SIGFPE_inner
    defsig.o(CL$$defsig) refers to defsig_rtmem_inner.o(.text) for __rt_SIGRTMEM_inner
    _get_argv_nomalloc.o(.text) refers (Special) to hrguard.o(.text) for __heap_region$guard
    _get_argv_nomalloc.o(.text) refers to defsig_rtmem_outer.o(.text) for __rt_SIGRTMEM
    _get_argv_nomalloc.o(.text) refers to sys_command.o(.text) for _sys_command_string
    libshutdown.o(.ARM.Collect$$libshutdown$$00000000) refers (Special) to libshutdown2.o(.ARM.Collect$$libshutdown$$00000006) for __rt_lib_shutdown_fp_trap_1
    libshutdown.o(.ARM.Collect$$libshutdown$$00000000) refers (Special) to libshutdown2.o(.ARM.Collect$$libshutdown$$0000000E) for __rt_lib_shutdown_heap_1
    libshutdown.o(.ARM.Collect$$libshutdown$$00000000) refers (Special) to libshutdown2.o(.ARM.Collect$$libshutdown$$0000000F) for __rt_lib_shutdown_return
    libshutdown.o(.ARM.Collect$$libshutdown$$00000000) refers (Special) to libshutdown2.o(.ARM.Collect$$libshutdown$$00000009) for __rt_lib_shutdown_signal_1
    libshutdown.o(.ARM.Collect$$libshutdown$$00000000) refers (Special) to libshutdown2.o(.ARM.Collect$$libshutdown$$00000003) for __rt_lib_shutdown_stdio_1
    libshutdown.o(.ARM.Collect$$libshutdown$$00000000) refers (Special) to libshutdown2.o(.ARM.Collect$$libshutdown$$0000000B) for __rt_lib_shutdown_user_alloc_1
    sys_command.o(.text) refers (Special) to use_no_semi.o(.text) for __I$use$semihosting
    defsig_abrt_inner.o(.text) refers to defsig_general.o(.text) for __default_signal_display
    defsig_rtred_inner.o(.text) refers to defsig_general.o(.text) for __default_signal_display
    defsig_rtmem_inner.o(.text) refers to defsig_general.o(.text) for __default_signal_display
    defsig_rtmem_outer.o(.text) refers to defsig_rtmem_inner.o(.text) for __rt_SIGRTMEM_inner
    defsig_rtmem_outer.o(.text) refers to defsig_exit.o(.text) for __sig_exit
    defsig_rtmem_formal.o(.text) refers to rt_raise.o(.text) for __rt_raise
    defsig_stak_inner.o(.text) refers to defsig_general.o(.text) for __default_signal_display
    defsig_pvfn_inner.o(.text) refers to defsig_general.o(.text) for __default_signal_display
    defsig_cppl_inner.o(.text) refers to defsig_general.o(.text) for __default_signal_display
    defsig_segv_inner.o(.text) refers to defsig_general.o(.text) for __default_signal_display
    defsig_other.o(.text) refers to defsig_general.o(.text) for __default_signal_display


==============================================================================

Adding Veneers to the image

    Adding AT veneer (8 bytes, Inline) for call to '__rt_lib_init' from rtentry2.o(.ARM.Collect$$rtentry$$0000000A).
    Adding AT veneer (8 bytes, Inline) for call to '__rt_lib_shutdown' from rtexit2.o(.ARM.Collect$$rtexit$$00000003).
    Adding TA veneer (4 bytes, Inline) for call to '__rt_exit' from exit.o(.text).
    Adding AT veneer (8 bytes, Inline) for call to '__set_errno' from sin.o(i.sin).
    Adding TA veneer (4 bytes, Inline) for call to '__aeabi_errno_addr' from _rserrno.o(.text).
    Adding TA veneer (4 bytes, Inline) for call to '_fp_init' from libinit.o(.ARM.Collect$$libinit$$00000000).

6 Veneer(s) (total 36 bytes) added to the image.

==============================================================================

Image Symbol Table

    Local Symbols

    Symbol Name                              Value     Ov Type        Size  Object(Section)

    RESET                                    0x00000000   Section      272  startup.o(RESET)
    ../../angel/boardlib.s                   0x00000000   Number         0  boardinit1.o ABSOLUTE
    ../../angel/boardlib.s                   0x00000000   Number         0  boardinit2.o ABSOLUTE
    ../../angel/boardlib.s                   0x00000000   Number         0  boardshut.o ABSOLUTE
    ../../angel/boardlib.s                   0x00000000   Number         0  boardinit3.o ABSOLUTE
    ../../angel/handlers.s                   0x00000000   Number         0  __scatter_zi.o ABSOLUTE
    ../../angel/kernel.s                     0x00000000   Number         0  rtexit2.o ABSOLUTE
    ../../angel/kernel.s                     0x00000000   Number         0  rtentry.o ABSOLUTE
    ../../angel/kernel.s                     0x00000000   Number         0  rtentry4.o ABSOLUTE
    ../../angel/kernel.s                     0x00000000   Number         0  rtexit.o ABSOLUTE
    ../../angel/kernel.s                     0x00000000   Number         0  rtentry2.o ABSOLUTE
    ../../angel/rt.s                         0x00000000   Number         0  aeabi_idiv0.o ABSOLUTE
    ../../angel/rt.s                         0x00000000   Number         0  rt_errno_addr_intlibspace.o ABSOLUTE
    ../../angel/rt.s                         0x00000000   Number         0  aeabi_idiv0_sigfpe.o ABSOLUTE
    ../../angel/rt.s                         0x00000000   Number         0  rt_errno_addr.o ABSOLUTE
    ../../angel/rt.s                         0x00000000   Number         0  rt_div0.o ABSOLUTE
    ../../angel/rt.s                         0x00000000   Number         0  rt_raise.o ABSOLUTE
    ../../angel/scatter.s                    0x00000000   Number         0  __scatter.o ABSOLUTE
    ../../angel/startup.s                    0x00000000   Number         0  __main.o ABSOLUTE
    ../../angel/sys.s                        0x00000000   Number         0  sys_exit.o ABSOLUTE
    ../../angel/sys.s                        0x00000000   Number         0  use_no_semi.o ABSOLUTE
    ../../angel/sys.s                        0x00000000   Number         0  libspace.o ABSOLUTE
    ../../angel/sys.s                        0x00000000   Number         0  sys_stackheap_outer.o ABSOLUTE
    ../../angel/sysapp.c                     0x00000000   Number         0  sys_wrch.o ABSOLUTE
    ../../angel/sysapp.c                     0x00000000   Number         0  sys_command.o ABSOLUTE
    ../../armsys.c                           0x00000000   Number         0  _get_argv_nomalloc.o ABSOLUTE
    ../../armsys.c                           0x00000000   Number         0  argv_veneer.o ABSOLUTE
    ../../armsys.c                           0x00000000   Number         0  argv_veneer.o ABSOLUTE
    ../../armsys.c                           0x00000000   Number         0  no_argv.o ABSOLUTE
    ../../cos_i.c                            0x00000000   Number         0  cos_i.o ABSOLUTE
    ../../daddsub.s                          0x00000000   Number         0  daddsub_noclz.o ABSOLUTE
    ../../dcheck.s                           0x00000000   Number         0  dcheck.o ABSOLUTE
    ../../dcheck1.s                          0x00000000   Number         0  dcheck1.o ABSOLUTE
    ../../ddiv.s                             0x00000000   Number         0  ddiv.o ABSOLUTE
    ../../dfix.s                             0x00000000   Number         0  dfix.o ABSOLUTE
    ../../dfixu.s                            0x00000000   Number         0  dfixu.o ABSOLUTE
    ../../dflt.s                             0x00000000   Number         0  dflt_noclz.o ABSOLUTE
    ../../division.s                         0x00000000   Number         0  aeabi_sdiv_div0.o ABSOLUTE
    ../../division.s                         0x00000000   Number         0  aeabi_sdiv.o ABSOLUTE
    ../../divrt.s                            0x00000000   Number         0  divrt_7tdmi.o ABSOLUTE
    ../../divrt.s                            0x00000000   Number         0  divrt_7tdmi_div0.o ABSOLUTE
    ../../dmul.s                             0x00000000   Number         0  dmul.o ABSOLUTE
    ../../drem.s                             0x00000000   Number         0  drem_noclz.o ABSOLUTE
    ../../dunder.s                           0x00000000   Number         0  dunder.o ABSOLUTE
    ../../f2d.s                              0x00000000   Number         0  f2d.o ABSOLUTE
    ../../fcheck.s                           0x00000000   Number         0  fcheck.o ABSOLUTE
    ../../fcheck1.s                          0x00000000   Number         0  fcheck1.o ABSOLUTE
    ../../fdiv.s                             0x00000000   Number         0  fdiv.o ABSOLUTE
    ../../fenv.c                             0x00000000   Number         0  _rserrno.o ABSOLUTE
    ../../fflt.s                             0x00000000   Number         0  fflt_noclz.o ABSOLUTE
    ../../fnorm2.s                           0x00000000   Number         0  fnorm2_noclz.o ABSOLUTE
    ../../fpinit.s                           0x00000000   Number         0  fpinit.o ABSOLUTE
    ../../funder.s                           0x00000000   Number         0  funder.o ABSOLUTE
    ../../heapalloc.c                        0x00000000   Number         0  hrguard.o ABSOLUTE
    ../../heapaux.c                          0x00000000   Number         0  heapauxi.o ABSOLUTE
    ../../libinit.s                          0x00000000   Number         0  libshutdown2.o ABSOLUTE
    ../../libinit.s                          0x00000000   Number         0  libshutdown.o ABSOLUTE
    ../../libinit.s                          0x00000000   Number         0  libinit.o ABSOLUTE
    ../../libinit.s                          0x00000000   Number         0  libinit2.o ABSOLUTE
    ../../poly.c                             0x00000000   Number         0  poly.o ABSOLUTE
    ../../retnan.s                           0x00000000   Number         0  retnan.o ABSOLUTE
    ../../rred.c                             0x00000000   Number         0  rred.o ABSOLUTE
    ../../scalbn.s                           0x00000000   Number         0  scalbn.o ABSOLUTE
    ../../signal.c                           0x00000000   Number         0  defsig_general.o ABSOLUTE
    ../../signal.c                           0x00000000   Number         0  defsig_other.o ABSOLUTE
    ../../signal.c                           0x00000000   Number         0  defsig_fpe_inner.o ABSOLUTE
    ../../signal.c                           0x00000000   Number         0  defsig_abrt_inner.o ABSOLUTE
    ../../signal.c                           0x00000000   Number         0  defsig_rtred_inner.o ABSOLUTE
    ../../signal.c                           0x00000000   Number         0  defsig_rtmem_inner.o ABSOLUTE
    ../../signal.c                           0x00000000   Number         0  __raise.o ABSOLUTE
    ../../signal.c                           0x00000000   Number         0  defsig_rtmem_outer.o ABSOLUTE
    ../../signal.c                           0x00000000   Number         0  defsig_fpe_outer.o ABSOLUTE
    ../../signal.c                           0x00000000   Number         0  defsig_exit.o ABSOLUTE
    ../../signal.c                           0x00000000   Number         0  defsig_rtmem_formal.o ABSOLUTE
    ../../signal.c                           0x00000000   Number         0  defsig_stak_inner.o ABSOLUTE
    ../../signal.c                           0x00000000   Number         0  defsig_pvfn_inner.o ABSOLUTE
    ../../signal.c                           0x00000000   Number         0  defsig_cppl_inner.o ABSOLUTE
    ../../signal.c                           0x00000000   Number         0  defsig_fpe_formal.o ABSOLUTE
    ../../signal.c                           0x00000000   Number         0  defsig_segv_inner.o ABSOLUTE
    ../../signal.s                           0x00000000   Number         0  defsig.o ABSOLUTE
    ../../sin.c                              0x00000000   Number         0  sin.o ABSOLUTE
    ../../sin_i.c                            0x00000000   Number         0  sin_i.o ABSOLUTE
    ../../stdlib.c                           0x00000000   Number         0  exit.o ABSOLUTE
    ../../trapv.s                            0x00000000   Number         0  trapv.o ABSOLUTE
    ../../usenofp.s                          0x00000000   Number         0  usenofp.o ABSOLUTE
    Startup.s                                0x00000000   Number         0  startup.o ABSOLUTE
    dc.s                                     0x00000000   Number         0  dc.o ABSOLUTE
    gsmAT.c                                  0x00000000   Number         0  gsmat.o ABSOLUTE
    lcd.c                                    0x00000000   Number         0  lcd.o ABSOLUTE
    Undef_Handler                            0x00000040   ARM Code       4  startup.o(RESET)
    SWI_Handler                              0x00000044   ARM Code       4  startup.o(RESET)
    PAbt_Handler                             0x00000048   ARM Code       4  startup.o(RESET)
    DAbt_Handler                             0x0000004c   ARM Code       4  startup.o(RESET)
    IRQ_Handler                              0x00000050   ARM Code       4  startup.o(RESET)
    FIQ_Handler                              0x00000054   ARM Code       4  startup.o(RESET)
    !!!main                                  0x00000110   Section        8  __main.o(!!!main)
    !!!scatter                               0x00000118   Section       60  __scatter.o(!!!scatter)
    !!handler_zi                             0x00000154   Section       44  __scatter_zi.o(!!handler_zi)
    .ARM.Collect$$libinit$$00000000          0x00000188   Section        6  libinit.o(.ARM.Collect$$libinit$$00000000)
    .ARM.Collect$$libinit$$00000006          0x0000018e   Section        0  libinit2.o(.ARM.Collect$$libinit$$00000006)
    .ARM.Collect$$libinit$$00000008          0x0000018e   Section        0  libinit2.o(.ARM.Collect$$libinit$$00000008)
    .ARM.Collect$$libinit$$0000000A          0x0000018e   Section        0  libinit2.o(.ARM.Collect$$libinit$$0000000A)
    .ARM.Collect$$libinit$$0000000D          0x0000018e   Section        0  libinit2.o(.ARM.Collect$$libinit$$0000000D)
    .ARM.Collect$$libinit$$0000000F          0x0000018e   Section        0  libinit2.o(.ARM.Collect$$libinit$$0000000F)
    .ARM.Collect$$libinit$$00000011          0x0000018e   Section        0  libinit2.o(.ARM.Collect$$libinit$$00000011)
    .ARM.Collect$$libinit$$00000013          0x0000018e   Section        0  libinit2.o(.ARM.Collect$$libinit$$00000013)
    .ARM.Collect$$libinit$$00000015          0x0000018e   Section        0  libinit2.o(.ARM.Collect$$libinit$$00000015)
    .ARM.Collect$$libinit$$00000017          0x0000018e   Section        0  libinit2.o(.ARM.Collect$$libinit$$00000017)
    .ARM.Collect$$libinit$$00000019          0x0000018e   Section        0  libinit2.o(.ARM.Collect$$libinit$$00000019)
    .ARM.Collect$$libinit$$0000001B          0x0000018e   Section        0  libinit2.o(.ARM.Collect$$libinit$$0000001B)
    .ARM.Collect$$libinit$$0000001D          0x0000018e   Section        0  libinit2.o(.ARM.Collect$$libinit$$0000001D)
    .ARM.Collect$$libinit$$0000001F          0x0000018e   Section        0  libinit2.o(.ARM.Collect$$libinit$$0000001F)
    .ARM.Collect$$libinit$$00000021          0x0000018e   Section        0  libinit2.o(.ARM.Collect$$libinit$$00000021)
    .ARM.Collect$$libinit$$00000028          0x0000018e   Section        0  libinit2.o(.ARM.Collect$$libinit$$00000028)
    .ARM.Collect$$libinit$$0000002A          0x0000018e   Section        0  libinit2.o(.ARM.Collect$$libinit$$0000002A)
    .ARM.Collect$$libinit$$0000002C          0x0000018e   Section        0  libinit2.o(.ARM.Collect$$libinit$$0000002C)
    .ARM.Collect$$libinit$$0000002E          0x0000018e   Section        0  libinit2.o(.ARM.Collect$$libinit$$0000002E)
    .ARM.Collect$$libinit$$0000002F          0x0000018e   Section       12  libinit2.o(.ARM.Collect$$libinit$$0000002F)
    .ARM.Collect$$libshutdown$$00000000      0x000001a4   Section        4  libshutdown.o(.ARM.Collect$$libshutdown$$00000000)
    .ARM.Collect$$libshutdown$$00000003      0x000001a8   Section        0  libshutdown2.o(.ARM.Collect$$libshutdown$$00000003)
    .ARM.Collect$$libshutdown$$00000006      0x000001a8   Section        0  libshutdown2.o(.ARM.Collect$$libshutdown$$00000006)
    .ARM.Collect$$libshutdown$$00000009      0x000001a8   Section        0  libshutdown2.o(.ARM.Collect$$libshutdown$$00000009)
    .ARM.Collect$$libshutdown$$0000000B      0x000001a8   Section        0  libshutdown2.o(.ARM.Collect$$libshutdown$$0000000B)
    .ARM.Collect$$libshutdown$$0000000E      0x000001a8   Section        0  libshutdown2.o(.ARM.Collect$$libshutdown$$0000000E)
    .ARM.Collect$$libshutdown$$0000000F      0x000001a8   Section        6  libshutdown2.o(.ARM.Collect$$libshutdown$$0000000F)
    .ARM.Collect$$rtentry$$00000000          0x000001b0   Section        0  rtentry.o(.ARM.Collect$$rtentry$$00000000)
    .ARM.Collect$$rtentry$$00000002          0x000001b0   Section        0  rtentry2.o(.ARM.Collect$$rtentry$$00000002)
    .ARM.Collect$$rtentry$$00000004          0x000001b0   Section        8  rtentry4.o(.ARM.Collect$$rtentry$$00000004)
    .ARM.Collect$$rtentry$$00000009          0x000001b8   Section        0  rtentry2.o(.ARM.Collect$$rtentry$$00000009)
    .ARM.Collect$$rtentry$$0000000A          0x000001b8   Section        4  rtentry2.o(.ARM.Collect$$rtentry$$0000000A)
    .ARM.Collect$$rtentry$$0000000C          0x000001bc   Section        0  rtentry2.o(.ARM.Collect$$rtentry$$0000000C)
    .ARM.Collect$$rtentry$$0000000D          0x000001bc   Section       40  rtentry2.o(.ARM.Collect$$rtentry$$0000000D)
    .ARM.Collect$$rtexit$$00000000           0x000001e8   Section        0  rtexit.o(.ARM.Collect$$rtexit$$00000000)
    .ARM.Collect$$rtexit$$00000002           0x000001e8   Section        0  rtexit2.o(.ARM.Collect$$rtexit$$00000002)
    .ARM.Collect$$rtexit$$00000003           0x000001e8   Section        4  rtexit2.o(.ARM.Collect$$rtexit$$00000003)
    .ARM.Collect$$rtexit$$00000004           0x000001ec   Section        4  rtexit2.o(.ARM.Collect$$rtexit$$00000004)
    .text                                    0x000001f0   Section       32  startup.o(.text)
    .text                                    0x00000210   Section      416  gsmat.o(.text)
    .text                                    0x000003b0   Section      804  lcd.o(.text)
    .text                                    0x000006d4   Section      384  aeabi_sdiv.o(.text)
    __arm_div8                               0x00000700   ARM Code       0  aeabi_sdiv.o(.text)
    __arm_div4                               0x00000730   ARM Code       0  aeabi_sdiv.o(.text)
    __arm_div_large                          0x00000784   ARM Code       0  aeabi_sdiv.o(.text)
    .text                                    0x00000854   Section        6  heapauxi.o(.text)
    .text                                    0x00000864   Section       26  _rserrno.o(.text)
    .text                                    0x00000884   Section       16  rt_errno_addr_intlibspace.o(.text)
    .text                                    0x00000894   Section       12  libspace.o(.text)
    .text                                    0x000008a0   Section       96  sys_stackheap_outer.o(.text)
    .text                                    0x00000900   Section       12  exit.o(.text)
    .text                                    0x0000090c   Section       24  sys_exit.o(.text)
    .text                                    0x00000924   Section        4  use_no_semi.o(.text)
    .text_udiv                               0x00000928   Section       28  aeabi_sdiv.o(.text_udiv)
    i.__ieee754_rem_pio2                     0x00000944   Section     1196  rred.o(i.__ieee754_rem_pio2)
    i.__kernel_cos                           0x00000df0   Section      400  cos_i.o(i.__kernel_cos)
    i.__kernel_poly                          0x00000f80   Section      248  poly.o(i.__kernel_poly)
    i.__kernel_sin                           0x00001078   Section      376  sin_i.o(i.__kernel_sin)
    i.sin                                    0x000011f0   Section      252  sin.o(i.sin)
    x$fpl$dadd                               0x000012ec   Section      468  daddsub_noclz.o(x$fpl$dadd)
    _dadd1                                   0x000012fc   ARM Code       0  daddsub_noclz.o(x$fpl$dadd)
    x$fpl$dcheck                             0x000014c0   Section       16  dcheck.o(x$fpl$dcheck)
    x$fpl$dcheck1                            0x000014d0   Section       16  dcheck1.o(x$fpl$dcheck1)
    x$fpl$ddiv                               0x000014e0   Section     1116  ddiv.o(x$fpl$ddiv)
    ddiv_entry                               0x000014e4   ARM Code       0  ddiv.o(x$fpl$ddiv)
    x$fpl$dfix                               0x0000193c   Section      176  dfix.o(x$fpl$dfix)
    x$fpl$dfixu                              0x000019ec   Section      136  dfixu.o(x$fpl$dfixu)
    x$fpl$dflt                               0x00001a74   Section       88  dflt_noclz.o(x$fpl$dflt)
    x$fpl$dmul                               0x00001acc   Section      476  dmul.o(x$fpl$dmul)
    x$fpl$drem                               0x00001ca8   Section      508  drem_noclz.o(x$fpl$drem)
    x$fpl$drsb                               0x00001ea4   Section       24  daddsub_noclz.o(x$fpl$drsb)
    x$fpl$dsub                               0x00001ebc   Section      584  daddsub_noclz.o(x$fpl$dsub)
    _dsub1                                   0x00001ecc   ARM Code       0  daddsub_noclz.o(x$fpl$dsub)
    x$fpl$dunder                             0x00002104   Section      280  dunder.o(x$fpl$dunder)
    x$fpl$f2d                                0x0000221c   Section      100  f2d.o(x$fpl$f2d)
    x$fpl$fcheck                             0x00002280   Section       12  fcheck.o(x$fpl$fcheck)
    x$fpl$fcheck1                            0x0000228c   Section       12  fcheck1.o(x$fpl$fcheck1)
    x$fpl$fdiv                               0x00002298   Section      484  fdiv.o(x$fpl$fdiv)
    _fdiv1                                   0x00002298   ARM Code       0  fdiv.o(x$fpl$fdiv)
    x$fpl$fflt                               0x0000247c   Section       92  fflt_noclz.o(x$fpl$fflt)
    x$fpl$ffltu                              0x000024d8   Section        8  fflt_noclz.o(x$fpl$ffltu)
    x$fpl$fnorm2                             0x000024e0   Section      148  fnorm2_noclz.o(x$fpl$fnorm2)
    x$fpl$fpinit                             0x00002578   Section        4  fpinit.o(x$fpl$fpinit)
    x$fpl$funder                             0x0000257c   Section      148  funder.o(x$fpl$funder)
    x$fpl$retnan                             0x00002610   Section      116  retnan.o(x$fpl$retnan)
    x$fpl$scalbn                             0x00002684   Section      108  scalbn.o(x$fpl$scalbn)
    x$fpl$trapveneer                         0x000026f0   Section       60  trapv.o(x$fpl$trapveneer)
    x$fpl$usenofp                            0x0000272c   Section        0  usenofp.o(x$fpl$usenofp)
    .constdata                               0x00002730   Section       48  cos_i.o(.constdata)
    C                                        0x00002730   Data          48  cos_i.o(.constdata)
    .constdata                               0x00002760   Section      192  rred.o(.constdata)
    reductions                               0x00002760   Data         144  rred.o(.constdata)
    pio2s                                    0x000027f0   Data          48  rred.o(.constdata)
    .constdata                               0x00002820   Section       40  sin_i.o(.constdata)
    S                                        0x00002820   Data          40  sin_i.o(.constdata)
    .bss                                     0x40000000   Section       96  libspace.o(.bss)
    HEAP                                     0x40000060   Section        0  startup.o(HEAP)
    STACK                                    0x40000060   Section     1160  startup.o(STACK)
    Heap_Mem                                 0x40000060   Data           0  startup.o(HEAP)
    Stack_Mem                                0x40000060   Data        1024  startup.o(STACK)
    Stack_Top                                0x400004e8   Data           0  startup.o(STACK)

    Global Symbols

    Symbol Name                              Value     Ov Type        Size  Object(Section)

    BuildAttributes$$THM_ISAv1$ARM_ISAv4$S$PE$A:L22$X:L11$S22$IEEE1$IW$USESV6$~STKCKD$USESV7$~SHL$OSPACE$ROPI$IEEEJ$EBA8$UX$STANDARDLIB$REQ8$PRES8$EABIv2 0x00000000   Number         0  anon$$obj.o ABSOLUTE
    __ARM_use_no_argv                        0x00000000   Number         0  gsmat.o ABSOLUTE
    __ARM_exceptions_init                     - Undefined Weak Reference
    __alloca_initialize                       - Undefined Weak Reference
    __cpp_initialize__aeabi_                  - Undefined Weak Reference
    __cxa_finalize                            - Undefined Weak Reference
    __fpl_infinity                            - Undefined Weak Reference
    __rt_locale                               - Undefined Weak Reference
    __sigvec_lookup                           - Undefined Weak Reference
    _atexit_init                              - Undefined Weak Reference
    _call_atexit_fns                          - Undefined Weak Reference
    _clock_init                               - Undefined Weak Reference
    _fp_trap_init                             - Undefined Weak Reference
    _fp_trap_shutdown                         - Undefined Weak Reference
    _get_lc_collate                           - Undefined Weak Reference
    _get_lc_ctype                             - Undefined Weak Reference
    _get_lc_monetary                          - Undefined Weak Reference
    _get_lc_numeric                           - Undefined Weak Reference
    _get_lc_time                              - Undefined Weak Reference
    _getenv_init                              - Undefined Weak Reference
    _handle_redirection                       - Undefined Weak Reference
    _init_alloc                               - Undefined Weak Reference
    _init_user_alloc                          - Undefined Weak Reference
    _initio                                   - Undefined Weak Reference
    _rand_init                                - Undefined Weak Reference
    _signal_finish                            - Undefined Weak Reference
    _signal_init                              - Undefined Weak Reference
    _terminate_alloc                          - Undefined Weak Reference
    _terminate_user_alloc                     - Undefined Weak Reference
    _terminateio                              - Undefined Weak Reference
    Reset_Handler                            0x00000058   ARM Code       0  startup.o(RESET)
    __main                                   0x00000110   ARM Code       8  __main.o(!!!main)
    __scatterload                            0x00000118   ARM Code       0  __scatter.o(!!!scatter)
    __scatterload_rt2                        0x00000118   ARM Code      52  __scatter.o(!!!scatter)
    __scatterload_null                       0x0000012c   ARM Code       0  __scatter.o(!!!scatter)
    __scatterload_zeroinit                   0x00000154   ARM Code      44  __scatter_zi.o(!!handler_zi)
    Inline ARM to Thumb Veneer to __rt_lib_init 0x00000180   ARM Code       8  libinit.o(.ARM.Collect$$libinit$$00000000)
    __rt_lib_init                            0x00000189   Thumb Code     0  libinit.o(.ARM.Collect$$libinit$$00000000)
    __rt_lib_init_alloca_1                   0x0000018f   Thumb Code     0  libinit2.o(.ARM.Collect$$libinit$$0000002A)
    __rt_lib_init_argv_1                     0x0000018f   Thumb Code     0  libinit2.o(.ARM.Collect$$libinit$$00000028)
    __rt_lib_init_atexit_1                   0x0000018f   Thumb Code     0  libinit2.o(.ARM.Collect$$libinit$$00000017)
    __rt_lib_init_clock_1                    0x0000018f   Thumb Code     0  libinit2.o(.ARM.Collect$$libinit$$0000001D)
    __rt_lib_init_cpp_1                      0x0000018f   Thumb Code     0  libinit2.o(.ARM.Collect$$libinit$$0000002E)
    __rt_lib_init_exceptions_1               0x0000018f   Thumb Code     0  libinit2.o(.ARM.Collect$$libinit$$0000002C)
    __rt_lib_init_fp_trap_1                  0x0000018f   Thumb Code     0  libinit2.o(.ARM.Collect$$libinit$$0000001B)
    __rt_lib_init_getenv_1                   0x0000018f   Thumb Code     0  libinit2.o(.ARM.Collect$$libinit$$0000001F)
    __rt_lib_init_heap_1                     0x0000018f   Thumb Code     0  libinit2.o(.ARM.Collect$$libinit$$00000006)
    __rt_lib_init_lc_collate_1               0x0000018f   Thumb Code     0  libinit2.o(.ARM.Collect$$libinit$$0000000D)
    __rt_lib_init_lc_ctype_1                 0x0000018f   Thumb Code     0  libinit2.o(.ARM.Collect$$libinit$$0000000F)
    __rt_lib_init_lc_monetary_1              0x0000018f   Thumb Code     0  libinit2.o(.ARM.Collect$$libinit$$00000011)
    __rt_lib_init_lc_numeric_1               0x0000018f   Thumb Code     0  libinit2.o(.ARM.Collect$$libinit$$00000013)
    __rt_lib_init_lc_time_1                  0x0000018f   Thumb Code     0  libinit2.o(.ARM.Collect$$libinit$$00000015)
    __rt_lib_init_rand_1                     0x0000018f   Thumb Code     0  libinit2.o(.ARM.Collect$$libinit$$0000000A)
    __rt_lib_init_return                     0x0000018f   Thumb Code     0  libinit2.o(.ARM.Collect$$libinit$$0000002F)
    __rt_lib_init_signal_1                   0x0000018f   Thumb Code     0  libinit2.o(.ARM.Collect$$libinit$$00000019)
    __rt_lib_init_stdio_1                    0x0000018f   Thumb Code     0  libinit2.o(.ARM.Collect$$libinit$$00000021)
    __rt_lib_init_user_alloc_1               0x0000018f   Thumb Code     0  libinit2.o(.ARM.Collect$$libinit$$00000008)
    Inline ARM to Thumb Veneer to __rt_lib_shutdown 0x0000019c   ARM Code       8  libshutdown.o(.ARM.Collect$$libshutdown$$00000000)
    __rt_lib_shutdown                        0x000001a5   Thumb Code     0  libshutdown.o(.ARM.Collect$$libshutdown$$00000000)
    __rt_lib_shutdown_fp_trap_1              0x000001a9   Thumb Code     0  libshutdown2.o(.ARM.Collect$$libshutdown$$00000006)
    __rt_lib_shutdown_heap_1                 0x000001a9   Thumb Code     0  libshutdown2.o(.ARM.Collect$$libshutdown$$0000000E)
    __rt_lib_shutdown_return                 0x000001a9   Thumb Code     0  libshutdown2.o(.ARM.Collect$$libshutdown$$0000000F)
    __rt_lib_shutdown_signal_1               0x000001a9   Thumb Code     0  libshutdown2.o(.ARM.Collect$$libshutdown$$00000009)
    __rt_lib_shutdown_stdio_1                0x000001a9   Thumb Code     0  libshutdown2.o(.ARM.Collect$$libshutdown$$00000003)
    __rt_lib_shutdown_user_alloc_1           0x000001a9   Thumb Code     0  libshutdown2.o(.ARM.Collect$$libshutdown$$0000000B)
    __rt_entry                               0x000001b0   ARM Code       0  rtentry.o(.ARM.Collect$$rtentry$$00000000)
    __rt_entry_presh_1                       0x000001b0   ARM Code       0  rtentry2.o(.ARM.Collect$$rtentry$$00000002)
    __rt_entry_sh                            0x000001b0   ARM Code       0  rtentry4.o(.ARM.Collect$$rtentry$$00000004)
    __rt_entry_li                            0x000001b8   ARM Code       0  rtentry2.o(.ARM.Collect$$rtentry$$0000000A)
    __rt_entry_postsh_1                      0x000001b8   ARM Code       0  rtentry2.o(.ARM.Collect$$rtentry$$00000009)
    __rt_entry_main                          0x000001bc   ARM Code       0  rtentry2.o(.ARM.Collect$$rtentry$$0000000D)
    __rt_entry_postli_1                      0x000001bc   ARM Code       0  rtentry2.o(.ARM.Collect$$rtentry$$0000000C)
    Inline Thumb to ARM Veneer to __rt_exit  0x000001e5   Thumb Code     4  rtexit.o(.ARM.Collect$$rtexit$$00000000)
    __rt_exit                                0x000001e8   ARM Code       0  rtexit.o(.ARM.Collect$$rtexit$$00000000)
    __rt_exit_ls                             0x000001e8   ARM Code       0  rtexit2.o(.ARM.Collect$$rtexit$$00000003)
    __rt_exit_prels_1                        0x000001e8   ARM Code       0  rtexit2.o(.ARM.Collect$$rtexit$$00000002)
    __rt_exit_exit                           0x000001ec   ARM Code       0  rtexit2.o(.ARM.Collect$$rtexit$$00000004)
    __user_initial_stackheap                 0x000001f0   ARM Code       0  startup.o(.text)
    main                                     0x00000210   ARM Code     336  gsmat.o(.text)
    soft_delay_ms                            0x000003b0   ARM Code      48  lcd.o(.text)
    soft_delay_us                            0x000003e0   ARM Code      44  lcd.o(.text)
    LCD_Cmd                                  0x0000040c   ARM Code     160  lcd.o(.text)
    lcd_init                                 0x000004ac   ARM Code     196  lcd.o(.text)
    LCD_Write_DATA                           0x00000570   ARM Code     160  lcd.o(.text)
    LCD_WriteString                          0x00000610   ARM Code      48  lcd.o(.text)
    delay                                    0x00000640   ARM Code      44  lcd.o(.text)
    gotoloc                                  0x0000066c   ARM Code      64  lcd.o(.text)
    lcd_clear                                0x000006ac   ARM Code      28  lcd.o(.text)
    __aeabi_idiv                             0x000006d4   ARM Code       0  aeabi_sdiv.o(.text)
    __aeabi_idivmod                          0x000006d4   ARM Code     384  aeabi_sdiv.o(.text)
    __use_two_region_memory                  0x00000855   Thumb Code     2  heapauxi.o(.text)
    __rt_heap_escrow$2region                 0x00000857   Thumb Code     2  heapauxi.o(.text)
    __rt_heap_expand$2region                 0x00000859   Thumb Code     2  heapauxi.o(.text)
    Inline ARM to Thumb Veneer to __set_errno 0x0000085c   ARM Code       8  _rserrno.o(.text)
    __read_errno                             0x00000865   Thumb Code    14  _rserrno.o(.text)
    __set_errno                              0x00000873   Thumb Code    12  _rserrno.o(.text)
    Inline Thumb to ARM Veneer to __aeabi_errno_addr 0x00000881   Thumb Code     4  rt_errno_addr_intlibspace.o(.text)
    __aeabi_errno_addr                       0x00000884   ARM Code      16  rt_errno_addr_intlibspace.o(.text)
    __errno$intlibspace                      0x00000884   ARM Code       0  rt_errno_addr_intlibspace.o(.text)
    __rt_errno_addr$intlibspace              0x00000884   ARM Code       0  rt_errno_addr_intlibspace.o(.text)
    __user_libspace                          0x00000894   ARM Code      12  libspace.o(.text)
    __user_perproc_libspace                  0x00000894   ARM Code       0  libspace.o(.text)
    __user_perthread_libspace                0x00000894   ARM Code       0  libspace.o(.text)
    __user_setup_stackheap                   0x000008a0   ARM Code      96  sys_stackheap_outer.o(.text)
    exit                                     0x00000901   Thumb Code    12  exit.o(.text)
    _sys_exit                                0x0000090c   ARM Code      20  sys_exit.o(.text)
    __I$use$semihosting                      0x00000924   ARM Code       0  use_no_semi.o(.text)
    __use_no_semihosting_swi                 0x00000924   ARM Code       4  use_no_semi.o(.text)
    __aeabi_uidiv                            0x00000928   ARM Code       0  aeabi_sdiv.o(.text_udiv)
    __aeabi_uidivmod                         0x00000928   ARM Code      28  aeabi_sdiv.o(.text_udiv)
    __ieee754_rem_pio2                       0x00000944   ARM Code    1172  rred.o(i.__ieee754_rem_pio2)
    __kernel_cos                             0x00000df0   ARM Code     372  cos_i.o(i.__kernel_cos)
    __kernel_poly                            0x00000f80   ARM Code     248  poly.o(i.__kernel_poly)
    __kernel_sin                             0x00001078   ARM Code     364  sin_i.o(i.__kernel_sin)
    sin                                      0x000011f0   ARM Code     228  sin.o(i.sin)
    __aeabi_dadd                             0x000012ec   ARM Code       0  daddsub_noclz.o(x$fpl$dadd)
    _dadd                                    0x000012ec   ARM Code     452  daddsub_noclz.o(x$fpl$dadd)
    __fpl_inf_dadd                           0x00001468   ARM Code       0  daddsub_noclz.o(x$fpl$dadd)
    __fpl_dcheck_NaN2                        0x000014c0   ARM Code      12  dcheck.o(x$fpl$dcheck)
    __fpl_dcheck_NaN1                        0x000014d0   ARM Code      12  dcheck1.o(x$fpl$dcheck1)
    __aeabi_ddiv                             0x000014e0   ARM Code       0  ddiv.o(x$fpl$ddiv)
    _ddiv                                    0x000014e0   ARM Code     464  ddiv.o(x$fpl$ddiv)
    __fpl_inf_ddiv                           0x0000166c   ARM Code       0  ddiv.o(x$fpl$ddiv)
    _ddiv_mantissas                          0x000016b0   ARM Code     380  ddiv.o(x$fpl$ddiv)
    __aeabi_d2iz                             0x0000193c   ARM Code       0  dfix.o(x$fpl$dfix)
    _dfix                                    0x0000193c   ARM Code     172  dfix.o(x$fpl$dfix)
    __fpl_inf_dfix                           0x000019dc   ARM Code       0  dfix.o(x$fpl$dfix)
    __aeabi_d2uiz                            0x000019ec   ARM Code       0  dfixu.o(x$fpl$dfixu)
    _dfixu                                   0x000019ec   ARM Code     132  dfixu.o(x$fpl$dfixu)
    __fpl_inf_dfixu                          0x00001a68   ARM Code       0  dfixu.o(x$fpl$dfixu)
    __aeabi_i2d                              0x00001a74   ARM Code       0  dflt_noclz.o(x$fpl$dflt)
    _dflt                                    0x00001a74   ARM Code      88  dflt_noclz.o(x$fpl$dflt)
    __dflt_normalise                         0x00001a84   ARM Code       0  dflt_noclz.o(x$fpl$dflt)
    __aeabi_dmul                             0x00001acc   ARM Code       0  dmul.o(x$fpl$dmul)
    _dmul                                    0x00001acc   ARM Code     460  dmul.o(x$fpl$dmul)
    __fpl_inf_dmul                           0x00001c64   ARM Code       0  dmul.o(x$fpl$dmul)
    _drem                                    0x00001ca8   ARM Code     496  drem_noclz.o(x$fpl$drem)
    __fpl_inf_drem                           0x00001e60   ARM Code       0  drem_noclz.o(x$fpl$drem)
    __aeabi_drsub                            0x00001ea4   ARM Code       0  daddsub_noclz.o(x$fpl$drsb)
    _drsb                                    0x00001ea4   ARM Code      24  daddsub_noclz.o(x$fpl$drsb)
    __aeabi_dsub                             0x00001ebc   ARM Code       0  daddsub_noclz.o(x$fpl$dsub)
    _dsub                                    0x00001ebc   ARM Code     572  daddsub_noclz.o(x$fpl$dsub)
    __fpl_inf_dsub                           0x000020b0   ARM Code       0  daddsub_noclz.o(x$fpl$dsub)
    __dunder                                 0x00002104   ARM Code     276  dunder.o(x$fpl$dunder)
    __dunder_d                               0x00002218   ARM Code       4  dunder.o(x$fpl$dunder)
    __aeabi_f2d                              0x0000221c   ARM Code       0  f2d.o(x$fpl$f2d)
    _f2d                                     0x0000221c   ARM Code      96  f2d.o(x$fpl$f2d)
    __fpl_inf_f2d                            0x00002270   ARM Code       0  f2d.o(x$fpl$f2d)
    __fpl_fcheck_NaN2                        0x00002280   ARM Code       8  fcheck.o(x$fpl$fcheck)
    __fpl_fcheck_NaN1                        0x0000228c   ARM Code       8  fcheck1.o(x$fpl$fcheck1)
    __aeabi_fdiv                             0x00002298   ARM Code       0  fdiv.o(x$fpl$fdiv)
    _fdiv                                    0x00002298   ARM Code     476  fdiv.o(x$fpl$fdiv)
    __fpl_inf_fdiv                           0x00002434   ARM Code       0  fdiv.o(x$fpl$fdiv)
    __aeabi_i2f                              0x0000247c   ARM Code       0  fflt_noclz.o(x$fpl$fflt)
    _fflt                                    0x0000247c   ARM Code      92  fflt_noclz.o(x$fpl$fflt)
    __fflt_normalise                         0x00002488   ARM Code       0  fflt_noclz.o(x$fpl$fflt)
    __aeabi_ui2f                             0x000024d8   ARM Code       0  fflt_noclz.o(x$fpl$ffltu)
    _ffltu                                   0x000024d8   ARM Code       8  fflt_noclz.o(x$fpl$ffltu)
    __fpl_normalise2                         0x000024e0   ARM Code     148  fnorm2_noclz.o(x$fpl$fnorm2)
    Inline Thumb to ARM Veneer to _fp_init   0x00002575   Thumb Code     4  fpinit.o(x$fpl$fpinit)
    __fplib_config_pureend_doubles           0x00002578   ARM Code       0  fpinit.o(x$fpl$fpinit)
    _fp_init                                 0x00002578   ARM Code       4  fpinit.o(x$fpl$fpinit)
    __funder                                 0x0000257c   ARM Code     144  funder.o(x$fpl$funder)
    __funder_d                               0x0000260c   ARM Code       4  funder.o(x$fpl$funder)
    __fpl_return_NaN                         0x00002610   ARM Code     116  retnan.o(x$fpl$retnan)
    __ARM_scalbn                             0x00002684   ARM Code       0  scalbn.o(x$fpl$scalbn)
    scalbn                                   0x00002684   ARM Code     108  scalbn.o(x$fpl$scalbn)
    __fpl_inf_scalbn                         0x000026ec   ARM Code       0  scalbn.o(x$fpl$scalbn)
    __fpl_cmpreturn                          0x000026f0   ARM Code      60  trapv.o(x$fpl$trapveneer)
    __I$use$fp                               0x0000272c   ARM Code       0  usenofp.o(x$fpl$usenofp)
    Region$$Table$$Base                      0x00002848   Number         0  anon$$obj.o(Region$$Table)
    Region$$Table$$Limit                     0x00002858   Number         0  anon$$obj.o(Region$$Table)
    __libspace_start                         0x40000000   Data          96  libspace.o(.bss)
    __temporary_stack_top$libspace           0x40000060   Data           0  libspace.o(.bss)



==============================================================================

Memory Map of the image

  Image Entry point : 0x00000110

  Load Region LR_IROM1 (Base: 0x00000000, Size: 0x00002858, Max: 0x00080000, ABSOLUTE)

    Execution Region ER_IROM1 (Base: 0x00000000, Size: 0x00002858, Max: 0x00080000, ABSOLUTE)

    Base Addr    Size         Type   Attr      Idx    E Section Name        Object

    0x00000000   0x00000110   Code   RO            3    RESET               startup.o
    0x00000110   0x00000008   Code   RO           66  * !!!main             __main.o(c_t.l)
    0x00000118   0x0000003c   Code   RO          320    !!!scatter          __scatter.o(c_t.l)
    0x00000154   0x0000002c   Code   RO          322    !!handler_zi        __scatter_zi.o(c_t.l)
    0x00000180   0x00000008   Ven    RO          194    .ARM.Collect$$libinit$$00000000  libinit.o(c_t.l)
    0x00000188   0x00000006   Code   RO          194    .ARM.Collect$$libinit$$00000000  libinit.o(c_t.l)
    0x0000018e   0x00000000   Code   RO          207    .ARM.Collect$$libinit$$00000006  libinit2.o(c_t.l)
    0x0000018e   0x00000000   Code   RO          209    .ARM.Collect$$libinit$$00000008  libinit2.o(c_t.l)
    0x0000018e   0x00000000   Code   RO          211    .ARM.Collect$$libinit$$0000000A  libinit2.o(c_t.l)
    0x0000018e   0x00000000   Code   RO          214    .ARM.Collect$$libinit$$0000000D  libinit2.o(c_t.l)
    0x0000018e   0x00000000   Code   RO          216    .ARM.Collect$$libinit$$0000000F  libinit2.o(c_t.l)
    0x0000018e   0x00000000   Code   RO          218    .ARM.Collect$$libinit$$00000011  libinit2.o(c_t.l)
    0x0000018e   0x00000000   Code   RO          220    .ARM.Collect$$libinit$$00000013  libinit2.o(c_t.l)
    0x0000018e   0x00000000   Code   RO          222    .ARM.Collect$$libinit$$00000015  libinit2.o(c_t.l)
    0x0000018e   0x00000000   Code   RO          224    .ARM.Collect$$libinit$$00000017  libinit2.o(c_t.l)
    0x0000018e   0x00000000   Code   RO          226    .ARM.Collect$$libinit$$00000019  libinit2.o(c_t.l)
    0x0000018e   0x00000000   Code   RO          228    .ARM.Collect$$libinit$$0000001B  libinit2.o(c_t.l)
    0x0000018e   0x00000000   Code   RO          230    .ARM.Collect$$libinit$$0000001D  libinit2.o(c_t.l)
    0x0000018e   0x00000000   Code   RO          232    .ARM.Collect$$libinit$$0000001F  libinit2.o(c_t.l)
    0x0000018e   0x00000000   Code   RO          234    .ARM.Collect$$libinit$$00000021  libinit2.o(c_t.l)
    0x0000018e   0x00000000   Code   RO          238    .ARM.Collect$$libinit$$00000028  libinit2.o(c_t.l)
    0x0000018e   0x00000000   Code   RO          240    .ARM.Collect$$libinit$$0000002A  libinit2.o(c_t.l)
    0x0000018e   0x00000000   Code   RO          242    .ARM.Collect$$libinit$$0000002C  libinit2.o(c_t.l)
    0x0000018e   0x00000000   Code   RO          244    .ARM.Collect$$libinit$$0000002E  libinit2.o(c_t.l)
    0x0000018e   0x0000000c   Code   RO          245    .ARM.Collect$$libinit$$0000002F  libinit2.o(c_t.l)
    0x0000019a   0x00000002   PAD
    0x0000019c   0x00000008   Ven    RO          278    .ARM.Collect$$libshutdown$$00000000  libshutdown.o(c_t.l)
    0x000001a4   0x00000004   Code   RO          278    .ARM.Collect$$libshutdown$$00000000  libshutdown.o(c_t.l)
    0x000001a8   0x00000000   Code   RO          305    .ARM.Collect$$libshutdown$$00000003  libshutdown2.o(c_t.l)
    0x000001a8   0x00000000   Code   RO          308    .ARM.Collect$$libshutdown$$00000006  libshutdown2.o(c_t.l)
    0x000001a8   0x00000000   Code   RO          311    .ARM.Collect$$libshutdown$$00000009  libshutdown2.o(c_t.l)
    0x000001a8   0x00000000   Code   RO          313    .ARM.Collect$$libshutdown$$0000000B  libshutdown2.o(c_t.l)
    0x000001a8   0x00000000   Code   RO          316    .ARM.Collect$$libshutdown$$0000000E  libshutdown2.o(c_t.l)
    0x000001a8   0x00000006   Code   RO          317    .ARM.Collect$$libshutdown$$0000000F  libshutdown2.o(c_t.l)
    0x000001ae   0x00000002   PAD
    0x000001b0   0x00000000   Code   RO           88    .ARM.Collect$$rtentry$$00000000  rtentry.o(c_t.l)
    0x000001b0   0x00000000   Code   RO          133    .ARM.Collect$$rtentry$$00000002  rtentry2.o(c_t.l)
    0x000001b0   0x00000008   Code   RO          148    .ARM.Collect$$rtentry$$00000004  rtentry4.o(c_t.l)
    0x000001b8   0x00000000   Code   RO          135    .ARM.Collect$$rtentry$$00000009  rtentry2.o(c_t.l)
    0x000001b8   0x00000004   Code   RO          136    .ARM.Collect$$rtentry$$0000000A  rtentry2.o(c_t.l)
    0x000001bc   0x00000000   Code   RO          138    .ARM.Collect$$rtentry$$0000000C  rtentry2.o(c_t.l)
    0x000001bc   0x00000028   Code   RO          139    .ARM.Collect$$rtentry$$0000000D  rtentry2.o(c_t.l)
    0x000001e4   0x00000004   Ven    RO          197    .ARM.Collect$$rtexit$$00000000  rtexit.o(c_t.l)
    0x000001e8   0x00000000   Code   RO          197    .ARM.Collect$$rtexit$$00000000  rtexit.o(c_t.l)
    0x000001e8   0x00000000   Code   RO          251    .ARM.Collect$$rtexit$$00000002  rtexit2.o(c_t.l)
    0x000001e8   0x00000004   Code   RO          252    .ARM.Collect$$rtexit$$00000003  rtexit2.o(c_t.l)
    0x000001ec   0x00000004   Code   RO          253    .ARM.Collect$$rtexit$$00000004  rtexit2.o(c_t.l)
    0x000001f0   0x00000020   Code   RO            4    .text               startup.o
    0x00000210   0x000001a0   Code   RO           11    .text               gsmat.o
    0x000003b0   0x00000324   Code   RO           31    .text               lcd.o
    0x000006d4   0x00000180   Code   RO           48    .text               aeabi_sdiv.o(c_t.l)
    0x00000854   0x00000006   Code   RO           64    .text               heapauxi.o(c_t.l)
    0x0000085a   0x00000002   PAD
    0x0000085c   0x00000008   Ven    RO           94    .text               _rserrno.o(c_t.l)
    0x00000864   0x0000001a   Code   RO           94    .text               _rserrno.o(c_t.l)
    0x0000087e   0x00000002   PAD
    0x00000880   0x00000004   Ven    RO          155    .text               rt_errno_addr_intlibspace.o(c_t.l)
    0x00000884   0x00000010   Code   RO          155    .text               rt_errno_addr_intlibspace.o(c_t.l)
    0x00000894   0x0000000c   Code   RO          177    .text               libspace.o(c_t.l)
    0x000008a0   0x00000060   Code   RO          180    .text               sys_stackheap_outer.o(c_t.l)
    0x00000900   0x0000000c   Code   RO          182    .text               exit.o(c_t.l)
    0x0000090c   0x00000018   Code   RO          248    .text               sys_exit.o(c_t.l)
    0x00000924   0x00000004   Code   RO          268    .text               use_no_semi.o(c_t.l)
    0x00000928   0x0000001c   Code   RO           49    .text_udiv          aeabi_sdiv.o(c_t.l)
    0x00000944   0x000004ac   Code   RO          126    i.__ieee754_rem_pio2  rred.o(m_ts.l)
    0x00000df0   0x00000190   Code   RO          123    i.__kernel_cos      cos_i.o(m_ts.l)
    0x00000f80   0x000000f8   Code   RO          175    i.__kernel_poly     poly.o(m_ts.l)
    0x00001078   0x00000178   Code   RO          129    i.__kernel_sin      sin_i.o(m_ts.l)
    0x000011f0   0x000000fc   Code   RO           85    i.sin               sin.o(m_ts.l)
    0x000012ec   0x000001d4   Code   RO          157    x$fpl$dadd          daddsub_noclz.o(fz_ts.l)
    0x000014c0   0x00000010   Code   RO           96    x$fpl$dcheck        dcheck.o(fz_ts.l)
    0x000014d0   0x00000010   Code   RO           98    x$fpl$dcheck1       dcheck1.o(fz_ts.l)
    0x000014e0   0x0000045c   Code   RO          164    x$fpl$ddiv          ddiv.o(fz_ts.l)
    0x0000193c   0x000000b0   Code   RO          167    x$fpl$dfix          dfix.o(fz_ts.l)
    0x000019ec   0x00000088   Code   RO           68    x$fpl$dfixu         dfixu.o(fz_ts.l)
    0x00001a74   0x00000058   Code   RO          101    x$fpl$dflt          dflt_noclz.o(fz_ts.l)
    0x00001acc   0x000001dc   Code   RO           72    x$fpl$dmul          dmul.o(fz_ts.l)
    0x00001ca8   0x000001fc   Code   RO          171    x$fpl$drem          drem_noclz.o(fz_ts.l)
    0x00001ea4   0x00000018   Code   RO          158    x$fpl$drsb          daddsub_noclz.o(fz_ts.l)
    0x00001ebc   0x00000248   Code   RO          159    x$fpl$dsub          daddsub_noclz.o(fz_ts.l)
    0x00002104   0x00000118   Code   RO          104    x$fpl$dunder        dunder.o(fz_ts.l)
    0x0000221c   0x00000064   Code   RO           74    x$fpl$f2d           f2d.o(fz_ts.l)
    0x00002280   0x0000000c   Code   RO          106    x$fpl$fcheck        fcheck.o(fz_ts.l)
    0x0000228c   0x0000000c   Code   RO          108    x$fpl$fcheck1       fcheck1.o(fz_ts.l)
    0x00002298   0x000001e4   Code   RO           77    x$fpl$fdiv          fdiv.o(fz_ts.l)
    0x0000247c   0x0000005c   Code   RO           81    x$fpl$fflt          fflt_noclz.o(fz_ts.l)
    0x000024d8   0x00000008   Code   RO           80    x$fpl$ffltu         fflt_noclz.o(fz_ts.l)
    0x000024e0   0x00000094   Code   RO          110    x$fpl$fnorm2        fnorm2_noclz.o(fz_ts.l)
    0x00002574   0x00000004   Ven    RO          246    x$fpl$fpinit        fpinit.o(fz_ts.l)
    0x00002578   0x00000004   Code   RO          246    x$fpl$fpinit        fpinit.o(fz_ts.l)
    0x0000257c   0x00000094   Code   RO          112    x$fpl$funder        funder.o(fz_ts.l)
    0x00002610   0x00000074   Code   RO          173    x$fpl$retnan        retnan.o(fz_ts.l)
    0x00002684   0x0000006c   Code   RO          117    x$fpl$scalbn        scalbn.o(fz_ts.l)
    0x000026f0   0x0000003c   Code   RO          195    x$fpl$trapveneer    trapv.o(fz_ts.l)
    0x0000272c   0x00000000   Code   RO          122    x$fpl$usenofp       usenofp.o(fz_ts.l)
    0x0000272c   0x00000004   PAD
    0x00002730   0x00000030   Data   RO          124    .constdata          cos_i.o(m_ts.l)
    0x00002760   0x000000c0   Data   RO          127    .constdata          rred.o(m_ts.l)
    0x00002820   0x00000028   Data   RO          130    .constdata          sin_i.o(m_ts.l)
    0x00002848   0x00000010   Data   RO          318    Region$$Table       anon$$obj.o


    Execution Region RW_IRAM1 (Base: 0x40000000, Size: 0x000004e8, Max: 0x00008000, ABSOLUTE)

    Base Addr    Size         Type   Attr      Idx    E Section Name        Object

    0x40000000   0x00000060   Zero   RW          178    .bss                libspace.o(c_t.l)
    0x40000060   0x00000000   Zero   RW            2    HEAP                startup.o
    0x40000060   0x00000488   Zero   RW            1    STACK               startup.o


==============================================================================

Image component sizes


      Code (inc. data)   RO Data    RW Data    ZI Data      Debug   Object Name

       416         80          0          0          0       2183   gsmat.o
       804         12          0          0          0       2222   lcd.o
       304         60          0          0       1160        616   startup.o

    ----------------------------------------------------------------------
      1524        152         16          0       1160       5021   Object Totals
         0          0         16          0          0          0   (incl. Generated)
         0          0          0          0          0          1   (incl. Padding)

    ----------------------------------------------------------------------

      Code (inc. data)   RO Data    RW Data    ZI Data      Debug   Library Member Name

         8          0          0          0          0         68   __main.o
        60          8          0          0          0          0   __scatter.o
        44          0          0          0          0          0   __scatter_zi.o
        34          0          0          0          0        100   _rserrno.o
       412          0          0          0          0        148   aeabi_sdiv.o
       400         28         48          0          0        112   cos_i.o
      1076         28          0          0          0        328   daddsub_noclz.o
        16          4          0          0          0         68   dcheck.o
        16          4          0          0          0         68   dcheck1.o
      1116        272          0          0          0        212   ddiv.o
       176          4          0          0          0         76   dfix.o
       136          4          0          0          0         76   dfixu.o
        88          0          0          0          0         68   dflt_noclz.o
       476         16          0          0          0        128   dmul.o
       508         12          0          0          0        140   drem_noclz.o
       280          0          0          0          0         92   dunder.o
        12          0          0          0          0         60   exit.o
       100          4          0          0          0         68   f2d.o
        12          4          0          0          0         68   fcheck.o
        12          4          0          0          0         68   fcheck1.o
       484         76          0          0          0         76   fdiv.o
       100          0          0          0          0        136   fflt_noclz.o
       148          0          0          0          0         68   fnorm2_noclz.o
         8          0          0          0          0         68   fpinit.o
       148          0          0          0          0         84   funder.o
         6          0          0          0          0        132   heapauxi.o
        14          0          0          0          0          0   libinit.o
        12          0          0          0          0          0   libinit2.o
        12          0          0          0          0          0   libshutdown.o
         6          0          0          0          0          0   libshutdown2.o
        12          4          0          0         96         68   libspace.o
       248          0          0          0          0         96   poly.o
       116          0          0          0          0         68   retnan.o
      1196        104        192          0          0        116   rred.o
        20          4          0          0          0         68   rt_errno_addr_intlibspace.o
         0          0          0          0          0          0   rtentry.o
        44          4          0          0          0          0   rtentry2.o
         8          0          0          0          0          0   rtentry4.o
         4          0          0          0          0          0   rtexit.o
         8          0          0          0          0          0   rtexit2.o
       108          0          0          0          0         68   scalbn.o
       252         24          0          0          0        100   sin.o
       376         12         40          0          0        116   sin_i.o
        24          8          0          0          0         68   sys_exit.o
        96          0          0          0          0         80   sys_stackheap_outer.o
        60          0          0          0          0         68   trapv.o
         4          0          0          0          0         68   use_no_semi.o
         0          0          0          0          0          0   usenofp.o

    ----------------------------------------------------------------------
      8508        628        280          0         96       3496   Library Totals
        12          0          0          0          0          0   (incl. Padding)

    ----------------------------------------------------------------------

      Code (inc. data)   RO Data    RW Data    ZI Data      Debug   Library Name

       840         28          0          0         96        860   c_t.l
      5184        432          0          0          0       2096   fz_ts.l
      2472        168        280          0          0        540   m_ts.l

    ----------------------------------------------------------------------
      8508        628        280          0         96       3496   Library Totals

    ----------------------------------------------------------------------

==============================================================================


      Code (inc. data)   RO Data    RW Data    ZI Data      Debug   

     10032        780        296          0       1256       6584   Grand Totals
     10032        780        296          0       1256       6584   ELF Image Totals
     10032        780        296          0          0          0   ROM Totals

==============================================================================

    Total RO  Size (Code + RO Data)                10328 (  10.09kB)
    Total RW  Size (RW Data + ZI Data)              1256 (   1.23kB)
    Total ROM Size (Code + RO Data + RW Data)      10328 (  10.09kB)

==============================================================================

