<html>
<body>
<pre>
<h1>µVision Build Log</h1>
<h2>Project:</h2>
F:\Passport\2_D_Drive_Embedded_PC\7_EmbeddedLAb20.com\Kits\Emtron_ARM_Kit\LPC2148_example_codes\LPC2148_example_codes\1_Blinky - Copy\blinky.uvproj
Project File Date:  08/04/2015

<h2>Output:</h2>
Build target 'Target 1'
compiling main.c...
main.c(25): error:  #268: declaration may not appear after executable statement in block
assembling Startup.s...
Target not created
Build target 'Target 1'
compiling main.c...
main.c(25): error:  #268: declaration may not appear after executable statement in block
assembling Startup.s...
Target not created
Build target 'Target 1'
compiling main.c...
main.c(25): error:  #268: declaration may not appear after executable statement in block
assembling Startup.s...
Target not created
Build target 'Target 1'
compiling main.c...
main.c(25): error:  #268: declaration may not appear after executable statement in block
assembling Startup.s...
Target not created
Build target 'Target 1'
compiling main.c...
main.c(25): error:  #268: declaration may not appear after executable statement in block
assembling Startup.s...
Target not created
Build target 'Target 1'
compiling main.c...
main.c(25): error:  #268: declaration may not appear after executable statement in block
assembling Startup.s...
Target not created
Build target 'Target 1'
compiling main.c...
assembling Startup.s...
linking...
Program Size: Code=892 RO-data=32 RW-data=4 ZI-data=1260  
FromELF: creating hex file...
"blinky.axf" - 0 Error(s), 0 Warning(s).
Build target 'Target 1'
compiling main.c...
assembling Startup.s...
linking...
Program Size: Code=892 RO-data=32 RW-data=4 ZI-data=1260  
FromELF: creating hex file...
"blinky.axf" - 0 Error(s), 0 Warning(s).
Build target 'Target 1'
compiling main.c...
assembling Startup.s...
linking...
Program Size: Code=892 RO-data=32 RW-data=4 ZI-data=1260  
FromELF: creating hex file...
"blinky.axf" - 0 Error(s), 0 Warning(s).
Build target 'Target 1'
compiling main.c...
assembling Startup.s...
linking...
Program Size: Code=984 RO-data=32 RW-data=4 ZI-data=1260  
FromELF: creating hex file...
"blinky.axf" - 0 Error(s), 0 Warning(s).
Build target 'Target 1'
compiling main.c...
assembling Startup.s...
linking...
Program Size: Code=1048 RO-data=32 RW-data=4 ZI-data=1260  
FromELF: creating hex file...
"blinky.axf" - 0 Error(s), 0 Warning(s).
Build target 'Target 1'
compiling main.c...
assembling Startup.s...
linking...
Program Size: Code=1052 RO-data=32 RW-data=4 ZI-data=1260  
FromELF: creating hex file...
"blinky.axf" - 0 Error(s), 0 Warning(s).
Build target 'Target 1'
compiling main.c...
assembling Startup.s...
linking...
Program Size: Code=1048 RO-data=32 RW-data=4 ZI-data=1260  
FromELF: creating hex file...
"blinky.axf" - 0 Error(s), 0 Warning(s).
