<html>
<body>
<pre>
<h1>µVision Build Log</h1>
<h2>Project:</h2>
D:\1-YSRDATA\2_D_Drive_Embedded_PC\7_EmbeddedLAb20.com\Kits\Emtron_ARM_Kit\Emtron-ARM-7\4-LPC2148_example_codes\LPC2148_example_codes\14_DC_STEP\blinky.uvproj
Project File Date:  10/03/2017

<h2>Output:</h2>
Rebuild target 'Target 1'
compiling main.c...
assembling Startup.s...
linking...
Program Size: Code=1036 RO-data=32 RW-data=4 ZI-data=1260  
FromELF: creating hex file...
".\blinky.axf" - 0 Error(s), 0 Warning(s).
</pre>
</body>
</html>
