ARM Linker, RVCT4.0 [Build 524] for uVision [Evaluation]

==============================================================================

Section Cross References

    retarget.o(.text) refers (Special) to use_no_semi.o(.text) for __use_no_semihosting_swi
    sd.o(.text) refers (Special) to _printf_d.o(.ARM.Collect$$_printf_percent$$00000009) for _printf_d
    sd.o(.text) refers (Special) to _printf_dec.o(.text) for _printf_int_dec
    sd.o(.text) refers (Special) to _printf_percent.o(.ARM.Collect$$_printf_percent$$00000000) for _printf_percent
    sd.o(.text) refers to ssp.o(.text) for spiSendRcv
    sd.o(.text) refers to serial.o(.text) for uart0_puts
    sd.o(.text) refers to sd.o(.data) for SD_version
    sd.o(.text) refers to sd.o(.bss) for sd_buf
    sd.o(.text) refers to noretval__2sprintf.o(.text) for __2sprintf
    sd.o(.bss) refers (Special) to _printf_d.o(.ARM.Collect$$_printf_percent$$00000009) for _printf_d
    sd.o(.bss) refers (Special) to _printf_dec.o(.text) for _printf_int_dec
    sd.o(.bss) refers (Special) to _printf_percent.o(.ARM.Collect$$_printf_percent$$00000000) for _printf_percent
    sd.o(.data) refers (Special) to _printf_d.o(.ARM.Collect$$_printf_percent$$00000009) for _printf_d
    sd.o(.data) refers (Special) to _printf_dec.o(.text) for _printf_int_dec
    sd.o(.data) refers (Special) to _printf_percent.o(.ARM.Collect$$_printf_percent$$00000000) for _printf_percent
    startup.o(STACK) refers (Special) to heapauxi.o(.text) for __use_two_region_memory
    startup.o(HEAP) refers (Special) to heapauxi.o(.text) for __use_two_region_memory
    startup.o(RESET) refers (Special) to heapauxi.o(.text) for __use_two_region_memory
    startup.o(RESET) refers to startup.o(STACK) for Stack_Top
    startup.o(RESET) refers to __main.o(!!!main) for __main
    startup.o(.text) refers (Special) to heapauxi.o(.text) for __use_two_region_memory
    startup.o(.text) refers to startup.o(HEAP) for Heap_Mem
    startup.o(.text) refers to startup.o(STACK) for Stack_Mem
    serial.o(.text) refers (Special) to _printf_hex_int.o(.text) for _printf_longlong_hex
    serial.o(.text) refers (Special) to _printf_percent.o(.ARM.Collect$$_printf_percent$$00000000) for _printf_percent
    serial.o(.text) refers (Special) to _printf_pad.o(.text) for _printf_pre_padding
    serial.o(.text) refers (Special) to _printf_x.o(.ARM.Collect$$_printf_percent$$0000000C) for _printf_x
    serial.o(.text) refers to aeabi_sdiv.o(.text) for __aeabi_idivmod
    serial.o(.text) refers to noretval__2sprintf.o(.text) for __2sprintf
    fat.o(.text) refers (Special) to _printf_c.o(.ARM.Collect$$_printf_percent$$00000013) for _printf_c
    fat.o(.text) refers (Special) to _printf_d.o(.ARM.Collect$$_printf_percent$$00000009) for _printf_d
    fat.o(.text) refers (Special) to _printf_f.o(.ARM.Collect$$_printf_percent$$00000003) for _printf_f
    fat.o(.text) refers (Special) to printf1.o(x$fpl$printf1) for _printf_fp_dec
    fat.o(.text) refers (Special) to _printf_dec.o(.text) for _printf_int_dec
    fat.o(.text) refers (Special) to _printf_percent.o(.ARM.Collect$$_printf_percent$$00000000) for _printf_percent
    fat.o(.text) refers (Special) to _printf_str.o(.text) for _printf_str
    fat.o(.text) refers to sd.o(.text) for sd_readSector
    fat.o(.text) refers to serial.o(.text) for uart0_puts
    fat.o(.text) refers to fat.o(.data) for bytesPerSec
    fat.o(.text) refers to sd.o(.data) for SDHC_flag
    fat.o(.text) refers to sd.o(.bss) for sd_buf
    fat.o(.text) refers to aeabi_sdiv.o(.text) for __aeabi_idivmod
    fat.o(.text) refers to fflt_noclz.o(x$fpl$ffltu) for __aeabi_ui2f
    fat.o(.text) refers to fdiv.o(x$fpl$fdiv) for __aeabi_fdiv
    fat.o(.text) refers to frleqf.o(x$fpl$frleqf) for __aeabi_cfrcmple
    fat.o(.text) refers to f2d.o(x$fpl$f2d) for __aeabi_f2d
    fat.o(.text) refers to noretval__2sprintf.o(.text) for __2sprintf
    fat.o(.text) refers to strlen.o(.text) for strlen
    fat.o(.text) refers to strcspn.o(.text) for strcspn
    fat.o(.text) refers to strncmp.o(.text) for strncmp
    fat.o(.text) refers to strcmp.o(.text) for strcmp
    fat.o(.data) refers (Special) to _printf_c.o(.ARM.Collect$$_printf_percent$$00000013) for _printf_c
    fat.o(.data) refers (Special) to _printf_d.o(.ARM.Collect$$_printf_percent$$00000009) for _printf_d
    fat.o(.data) refers (Special) to _printf_f.o(.ARM.Collect$$_printf_percent$$00000003) for _printf_f
    fat.o(.data) refers (Special) to printf1.o(x$fpl$printf1) for _printf_fp_dec
    fat.o(.data) refers (Special) to _printf_dec.o(.text) for _printf_int_dec
    fat.o(.data) refers (Special) to _printf_percent.o(.ARM.Collect$$_printf_percent$$00000000) for _printf_percent
    fat.o(.data) refers (Special) to _printf_str.o(.text) for _printf_str
    main2.o(.text) refers (Special) to _printf_d.o(.ARM.Collect$$_printf_percent$$00000009) for _printf_d
    main2.o(.text) refers (Special) to _printf_dec.o(.text) for _printf_int_dec
[...]
    rtentry2.o(.ARM.exidx) refers to rtentry2.o(.ARM.Collect$$rtentry$$0000000D) for .ARM.Collect$$rtentry$$0000000D
    rtentry4.o(.ARM.Collect$$rtentry$$00000004) refers to sys_stackheap_outer.o(.text) for __user_setup_stackheap
    rtentry4.o(.ARM.exidx) refers to rtentry4.o(.ARM.Collect$$rtentry$$00000004) for .ARM.Collect$$rtentry$$00000004
    rt_div0.o(.text) refers to defsig_fpe_outer.o(.text) for __rt_SIGFPE
    rt_locale.o(.text) refers to rt_locale.o(.bss) for __rt_locale_data
    rt_locale_intlibspace.o(.text) refers to libspace.o(.bss) for __libspace_start
    _printf_fp_infnan.o(.text) refers (Weak) to _printf_pad.o(.text) for _printf_pre_padding
    _printf_fp_infnan.o(.text) refers to __printf.o(i.__ARM_common_call_via_r2) for __ARM_common_call_via_r2
    _printf_fp_infnan.o(.text) refers (Weak) to _printf_pad.o(.text) for _printf_post_padding
    __printf_nopercent.o(.text) refers to __printf_nopercent.o(i.__ARM_common_call_via_r7) for __ARM_common_call_via_r7
    __printf_nopercent.o(.text) refers to __printf_nopercent.o(i.__ARM_common_call_via_r5) for __ARM_common_call_via_r5
    bigflt0.o(.text) refers (Special) to usenofp.o(x$fpl$usenofp) for __I$use$fp
    bigflt0.o(.text) refers to aeabi_sdiv.o(.text) for __aeabi_idivmod
    bigflt0.o(.text) refers to btod.o(CL$$btod_emul) for _btod_emul
    bigflt0.o(.text) refers to btod.o(CL$$btod_ediv) for _btod_ediv
    bigflt0.o(.text) refers to bigflt0.o(.constdata) for .constdata
    bigflt0.o(.constdata) refers (Special) to usenofp.o(x$fpl$usenofp) for __I$use$fp
    btod.o(CL$$btod_d2e) refers (Special) to usenofp.o(x$fpl$usenofp) for __I$use$fp
    btod.o(CL$$btod_d2e) refers to btod.o(CL$$btod_d2e_norm_op1) for _d2e_norm_op1
    btod.o(CL$$btod_d2e_norm_op1) refers (Special) to usenofp.o(x$fpl$usenofp) for __I$use$fp
    btod.o(CL$$btod_d2e_norm_op1) refers to btod.o(CL$$btod_d2e_denorm_low) for _d2e_denorm_low
    btod.o(CL$$btod_d2e_denorm_low) refers (Special) to usenofp.o(x$fpl$usenofp) for __I$use$fp
    btod.o(CL$$btod_emul) refers (Special) to usenofp.o(x$fpl$usenofp) for __I$use$fp
    btod.o(CL$$btod_emul) refers to btod.o(CL$$btod_mult_common) for __btod_mult_common
    btod.o(CL$$btod_emul) refers to btod.o(CL$$btod_e2e) for _e2e
    btod.o(CL$$btod_ediv) refers (Special) to usenofp.o(x$fpl$usenofp) for __I$use$fp
    btod.o(CL$$btod_ediv) refers to btod.o(CL$$btod_div_common) for __btod_div_common
    btod.o(CL$$btod_ediv) refers to btod.o(CL$$btod_e2e) for _e2e
    btod.o(CL$$btod_emuld) refers (Special) to usenofp.o(x$fpl$usenofp) for __I$use$fp
    btod.o(CL$$btod_emuld) refers to btod.o(CL$$btod_mult_common) for __btod_mult_common
    btod.o(CL$$btod_emuld) refers to btod.o(CL$$btod_e2d) for _e2d
    btod.o(CL$$btod_edivd) refers (Special) to usenofp.o(x$fpl$usenofp) for __I$use$fp
    btod.o(CL$$btod_edivd) refers to btod.o(CL$$btod_div_common) for __btod_div_common
    btod.o(CL$$btod_edivd) refers to btod.o(CL$$btod_e2d) for _e2d
    btod.o(CL$$btod_e2e) refers (Special) to usenofp.o(x$fpl$usenofp) for __I$use$fp
    btod.o(CL$$btod_e2d) refers (Special) to usenofp.o(x$fpl$usenofp) for __I$use$fp
    btod.o(CL$$btod_e2d) refers to btod.o(CL$$btod_e2e) for _e2e
    btod.o(CL$$btod_mult_common) refers (Special) to usenofp.o(x$fpl$usenofp) for __I$use$fp
    btod.o(CL$$btod_div_common) refers (Special) to usenofp.o(x$fpl$usenofp) for __I$use$fp
    lc_numeric_c.o(locale$$data) refers (Special) to libinit2.o(.ARM.Collect$$libinit$$00000012) for __rt_lib_init_lc_numeric_2
    lc_numeric_c.o(locale$$code) refers (Special) to libinit2.o(.ARM.Collect$$libinit$$00000012) for __rt_lib_init_lc_numeric_2
    lc_numeric_c.o(locale$$code) refers to strcmp.o(.text) for strcmp
    lc_numeric_c.o(locale$$code) refers to lc_numeric_c.o(locale$$data) for __lcnum_c_name
    istatus.o(x$fpl$ieeestatus) refers (Special) to usenofp.o(x$fpl$usenofp) for __I$use$fp
    retnan.o(x$fpl$retnan) refers (Special) to usenofp.o(x$fpl$usenofp) for __I$use$fp
    retnan.o(x$fpl$retnan) refers to trapv.o(x$fpl$trapveneer) for __fpl_cmpreturn
    trapv.o(x$fpl$trapveneer) refers (Special) to usenofp.o(x$fpl$usenofp) for __I$use$fp
    fpclassify.o(i.__ARM_fpclassify) refers (Special) to usenofp.o(x$fpl$usenofp) for __I$use$fp
    libspace.o(.text) refers to libspace.o(.bss) for __libspace_start
    sys_stackheap_outer.o(.text) refers to libspace.o(.text) for __user_perproc_libspace
    sys_stackheap_outer.o(.text) refers to startup.o(.text) for __user_initial_stackheap
    exit.o(.text) refers to rtexit.o(.ARM.Collect$$rtexit$$00000000) for __rt_exit
    defsig_fpe_outer.o(.text) refers to defsig_fpe_inner.o(.text) for __rt_SIGFPE_inner
    defsig_fpe_outer.o(.text) refers to defsig_exit.o(.text) for __sig_exit
    defsig_fpe_formal.o(.text) refers to rt_raise.o(.text) for __rt_raise
    libinit.o(.ARM.Collect$$libinit$$00000000) refers (Special) to libinit2.o(.ARM.Collect$$libinit$$0000002A) for __rt_lib_init_alloca_1
    libinit.o(.ARM.Collect$$libinit$$00000000) refers (Special) to libinit2.o(.ARM.Collect$$libinit$$00000028) for __rt_lib_init_argv_1
    libinit.o(.ARM.Collect$$libinit$$00000000) refers (Special) to libinit2.o(.ARM.Collect$$libinit$$00000017) for __rt_lib_init_atexit_1
    libinit.o(.ARM.Collect$$libinit$$00000000) refers (Special) to libinit2.o(.ARM.Collect$$libinit$$0000001D) for __rt_lib_init_clock_1
    libinit.o(.ARM.Collect$$libinit$$00000000) refers (Special) to libinit2.o(.ARM.Collect$$libinit$$0000002E) for __rt_lib_init_cpp_1
    libinit.o(.ARM.Collect$$libinit$$00000000) refers (Special) to libinit2.o(.ARM.Collect$$libinit$$0000002C) for __rt_lib_init_exceptions_1
    libinit.o(.ARM.Collect$$libinit$$00000000) refers (Special) to libinit2.o(.ARM.Collect$$libinit$$0000001B) for __rt_lib_init_fp_trap_1
    libinit.o(.ARM.Collect$$libinit$$00000000) refers (Special) to libinit2.o(.ARM.Collect$$libinit$$0000001F) for __rt_lib_init_getenv_1
    libinit.o(.ARM.Collect$$libinit$$00000000) refers (Special) to libinit2.o(.ARM.Collect$$libinit$$00000006) for __rt_lib_init_heap_1
    libinit.o(.ARM.Collect$$libinit$$00000000) refers (Special) to libinit2.o(.ARM.Collect$$libinit$$0000000D) for __rt_lib_init_lc_collate_1
    libinit.o(.ARM.Collect$$libinit$$00000000) refers (Special) to libinit2.o(.ARM.Collect$$libinit$$0000000F) for __rt_lib_init_lc_ctype_1
    libinit.o(.ARM.Collect$$libinit$$00000000) refers (Special) to libinit2.o(.ARM.Collect$$libinit$$00000011) for __rt_lib_init_lc_monetary_1
    libinit.o(.ARM.Collect$$libinit$$00000000) refers (Special) to libinit2.o(.ARM.Collect$$libinit$$00000013) for __rt_lib_init_lc_numeric_1
    libinit.o(.ARM.Collect$$libinit$$00000000) refers (Special) to libinit2.o(.ARM.Collect$$libinit$$00000015) for __rt_lib_init_lc_time_1
    libinit.o(.ARM.Collect$$libinit$$00000000) refers (Special) to libinit2.o(.ARM.Collect$$libinit$$0000000A) for __rt_lib_init_rand_1
    libinit.o(.ARM.Collect$$libinit$$00000000) refers (Special) to libinit2.o(.ARM.Collect$$libinit$$0000002F) for __rt_lib_init_return
    libinit.o(.ARM.Collect$$libinit$$00000000) refers (Special) to libinit2.o(.ARM.Collect$$libinit$$00000019) for __rt_lib_init_signal_1
    libinit.o(.ARM.Collect$$libinit$$00000000) refers (Special) to libinit2.o(.ARM.Collect$$libinit$$00000021) for __rt_lib_init_stdio_1
    libinit.o(.ARM.Collect$$libinit$$00000000) refers (Special) to libinit2.o(.ARM.Collect$$libinit$$00000008) for __rt_lib_init_user_alloc_1
    libinit.o(.ARM.Collect$$libinit$$00000000) refers to fpinit.o(x$fpl$fpinit) for _fp_init
    libinit2.o(.ARM.Collect$$libinit$$0000000B) refers (Weak) to rt_locale_intlibspace.o(.text) for __rt_locale
    libinit2.o(.ARM.Collect$$libinit$$0000000C) refers to libinit2.o(.ARM.Collect$$libinit$$0000000B) for .ARM.Collect$$libinit$$0000000B
    libinit2.o(.ARM.Collect$$libinit$$0000000E) refers to libinit2.o(.ARM.Collect$$libinit$$0000000B) for .ARM.Collect$$libinit$$0000000B
    libinit2.o(.ARM.Collect$$libinit$$00000010) refers to libinit2.o(.ARM.Collect$$libinit$$0000000B) for .ARM.Collect$$libinit$$0000000B
    libinit2.o(.ARM.Collect$$libinit$$00000012) refers to libinit2.o(.ARM.Collect$$libinit$$0000000B) for .ARM.Collect$$libinit$$0000000B
    libinit2.o(.ARM.Collect$$libinit$$00000012) refers (Weak) to lc_numeric_c.o(locale$$code) for _get_lc_numeric
    libinit2.o(.ARM.Collect$$libinit$$00000014) refers to libinit2.o(.ARM.Collect$$libinit$$0000000B) for .ARM.Collect$$libinit$$0000000B
    libinit2.o(.ARM.Collect$$libinit$$00000022) refers to argv_veneer.o(.emb_text) for __ARM_argv_veneer
    libinit2.o(.ARM.Collect$$libinit$$00000023) refers to argv_veneer.o(.emb_text) for __ARM_argv_veneer
    rtexit.o(.ARM.Collect$$rtexit$$00000000) refers (Special) to rtexit2.o(.ARM.Collect$$rtexit$$00000004) for __rt_exit_exit
    rtexit.o(.ARM.Collect$$rtexit$$00000000) refers (Special) to rtexit2.o(.ARM.Collect$$rtexit$$00000003) for __rt_exit_ls
    rtexit.o(.ARM.Collect$$rtexit$$00000000) refers (Special) to rtexit2.o(.ARM.Collect$$rtexit$$00000002) for __rt_exit_prels_1
    rtexit.o(.ARM.exidx) refers (Special) to rtexit2.o(.ARM.Collect$$rtexit$$00000004) for __rt_exit_exit
    rtexit.o(.ARM.exidx) refers (Special) to rtexit2.o(.ARM.Collect$$rtexit$$00000003) for __rt_exit_ls
    rtexit.o(.ARM.exidx) refers (Special) to rtexit2.o(.ARM.Collect$$rtexit$$00000002) for __rt_exit_prels_1
    rtexit.o(.ARM.exidx) refers to rtexit.o(.ARM.Collect$$rtexit$$00000000) for .ARM.Collect$$rtexit$$00000000
    rt_raise.o(.text) refers to __raise.o(.text) for __raise
    rt_raise.o(.text) refers to retarget.o(.text) for _sys_exit
    defsig_exit.o(.text) refers to retarget.o(.text) for _sys_exit
    defsig_fpe_inner.o(.text) refers to defsig_general.o(.text) for __default_signal_display
    argv_veneer.o(.emb_text) refers to no_argv.o(.text) for __ARM_get_argv
    rtexit2.o(.ARM.Collect$$rtexit$$00000003) refers to libshutdown.o(.ARM.Collect$$libshutdown$$00000000) for __rt_lib_shutdown
    rtexit2.o(.ARM.Collect$$rtexit$$00000004) refers to retarget.o(.text) for _sys_exit
    rtexit2.o(.ARM.exidx) refers to rtexit2.o(.ARM.Collect$$rtexit$$00000001) for .ARM.Collect$$rtexit$$00000001
    rtexit2.o(.ARM.exidx) refers to rtexit2.o(.ARM.Collect$$rtexit$$00000002) for .ARM.Collect$$rtexit$$00000002
    rtexit2.o(.ARM.exidx) refers to rtexit2.o(.ARM.Collect$$rtexit$$00000003) for .ARM.Collect$$rtexit$$00000003
    rtexit2.o(.ARM.exidx) refers to rtexit2.o(.ARM.Collect$$rtexit$$00000004) for .ARM.Collect$$rtexit$$00000004
    __raise.o(.text) refers to defsig.o(CL$$defsig) for __default_signal_handler
    __raise.o(.text) refers to __printf.o(i.__ARM_common_call_via_r2) for __ARM_common_call_via_r2
    defsig_general.o(.text) refers to sys_wrch.o(.text) for _ttywrch
    _get_argv_nomalloc.o(.text) refers (Special) to hrguard.o(.text) for __heap_region$guard
    _get_argv_nomalloc.o(.text) refers to defsig_rtmem_outer.o(.text) for __rt_SIGRTMEM
    _get_argv_nomalloc.o(.text) refers to sys_command.o(.text) for _sys_command_string
    sys_wrch.o(.text) refers (Special) to use_no_semi.o(.text) for __I$use$semihosting
    sys_command.o(.text) refers (Special) to use_no_semi.o(.text) for __I$use$semihosting
    defsig_rtmem_outer.o(.text) refers to defsig_rtmem_inner.o(.text) for __rt_SIGRTMEM_inner
    defsig_rtmem_outer.o(.text) refers to defsig_exit.o(.text) for __sig_exit
    defsig_rtmem_formal.o(.text) refers to rt_raise.o(.text) for __rt_raise
    defsig.o(CL$$defsig) refers to defsig_fpe_inner.o(.text) for __rt_SIGFPE_inner
    defsig.o(CL$$defsig) refers to defsig_rtmem_inner.o(.text) for __rt_SIGRTMEM_inner
    libshutdown.o(.ARM.Collect$$libshutdown$$00000000) refers (Special) to libshutdown2.o(.ARM.Collect$$libshutdown$$00000006) for __rt_lib_shutdown_fp_trap_1
    libshutdown.o(.ARM.Collect$$libshutdown$$00000000) refers (Special) to libshutdown2.o(.ARM.Collect$$libshutdown$$0000000E) for __rt_lib_shutdown_heap_1
    libshutdown.o(.ARM.Collect$$libshutdown$$00000000) refers (Special) to libshutdown2.o(.ARM.Collect$$libshutdown$$0000000F) for __rt_lib_shutdown_return
    libshutdown.o(.ARM.Collect$$libshutdown$$00000000) refers (Special) to libshutdown2.o(.ARM.Collect$$libshutdown$$00000009) for __rt_lib_shutdown_signal_1
    libshutdown.o(.ARM.Collect$$libshutdown$$00000000) refers (Special) to libshutdown2.o(.ARM.Collect$$libshutdown$$00000003) for __rt_lib_shutdown_stdio_1
    libshutdown.o(.ARM.Collect$$libshutdown$$00000000) refers (Special) to libshutdown2.o(.ARM.Collect$$libshutdown$$0000000B) for __rt_lib_shutdown_user_alloc_1
    defsig_abrt_inner.o(.text) refers to defsig_general.o(.text) for __default_signal_display
    defsig_rtred_inner.o(.text) refers to defsig_general.o(.text) for __default_signal_display
    defsig_rtmem_inner.o(.text) refers to defsig_general.o(.text) for __default_signal_display
    defsig_stak_inner.o(.text) refers to defsig_general.o(.text) for __default_signal_display
    defsig_pvfn_inner.o(.text) refers to defsig_general.o(.text) for __default_signal_display
    defsig_cppl_inner.o(.text) refers to defsig_general.o(.text) for __default_signal_display
    defsig_segv_inner.o(.text) refers to defsig_general.o(.text) for __default_signal_display
    defsig_other.o(.text) refers to defsig_general.o(.text) for __default_signal_display


==============================================================================

Removing Unused input sections from the image.

    Removing main2.o(.data), (4 bytes).

1 unused section(s) (total 4 bytes) removed from the image.

==============================================================================

Adding Veneers to the image

    Adding TA veneer (4 bytes, Inline) for call to '_printf_percent' from __printf_flags_wp.o(.text).
    Adding AT veneer (8 bytes, Inline) for call to '__rt_lib_init' from rtentry2.o(.ARM.Collect$$rtentry$$0000000A).
    Adding AT veneer (8 bytes, Inline) for call to '__rt_lib_shutdown' from rtexit2.o(.ARM.Collect$$rtexit$$00000003).
    Adding TA veneer (4 bytes, Inline) for call to '__rt_exit' from exit.o(.text).
    Adding AT veneer (8 bytes, Inline) for call to '__2sprintf' from sd.o(.text).
    Adding AT veneer (8 bytes, Inline) for call to '_printf_int_dec' from _printf_d.o(.ARM.Collect$$_printf_percent$$00000009).
    Adding AT veneer (8 bytes, Inline) for call to '_printf_int_hex' from _printf_x.o(.ARM.Collect$$_printf_percent$$0000000C).
    Adding AT veneer (8 bytes, Inline) for call to 'strcspn' from fat.o(.text).
    Adding AT veneer (8 bytes, Inline) for call to 'strncmp' from fat.o(.text).
    Adding AT veneer (8 bytes, Inline) for call to 'strlen' from fat.o(.text).
    Adding TA veneer (4 bytes, Inline) for call to '__aeabi_idivmod' from bigflt0.o(.text).
    Adding AT veneer (8 bytes, Inline) for call to '_printf_char' from _printf_c.o(.ARM.Collect$$_printf_percent$$00000013).
    Adding TA veneer (4 bytes, Inline) for call to '__rt_udiv10' from _printf_dec.o(.text).
    Adding TA veneer (4 bytes, Inline) for call to '__rt_locale' from libinit2.o(.ARM.Collect$$libinit$$0000000B).
    Adding TA veneer (4 bytes, Inline) for call to '_ll_udiv10' from _printf_fp_dec.o(.text).
    Adding TA veneer (4 bytes, Inline) for call to '_btod_d2e' from _printf_fp_dec.o(.text).
    Adding TA veneer (4 bytes, Inline) for call to '_btod_ediv' from _printf_fp_dec.o(.text).
    Adding TA veneer (4 bytes, Inline) for call to '_btod_emul' from _printf_fp_dec.o(.text).
    Adding AT veneer (12 bytes, Long) for call to '_printf_fp_dec_real' from printf1.o(x$fpl$printf1).
    Adding TA veneer (4 bytes, Inline) for call to '__ARM_fpclassify' from _printf_fp_dec.o(.text).
    Adding TA veneer (4 bytes, Inline) for call to '_get_lc_numeric' from libinit2.o(.ARM.Collect$$libinit$$00000012).
    Adding TA veneer (4 bytes, Inline) for call to '_fp_init' from libinit.o(.ARM.Collect$$libinit$$00000000).
    Adding TA veneer (4 bytes, Inline) for call to '__ieee_status' from _printf_fp_dec.o(.text).

23 Veneer(s) (total 136 bytes) added to the image.

==============================================================================

Image Symbol Table

    Local Symbols

    Symbol Name                              Value     Ov Type        Size  Object(Section)

    RESET                                    0x00000000   Section      276  startup.o(RESET)
    ../../angel/boardlib.s                   0x00000000   Number         0  boardinit1.o ABSOLUTE
    ../../angel/boardlib.s                   0x00000000   Number         0  boardshut.o ABSOLUTE
    ../../angel/boardlib.s                   0x00000000   Number         0  boardinit2.o ABSOLUTE
    ../../angel/boardlib.s                   0x00000000   Number         0  boardinit3.o ABSOLUTE
    ../../angel/handlers.s                   0x00000000   Number         0  __scatter_zi.o ABSOLUTE
    ../../angel/handlers.s                   0x00000000   Number         0  __scatter_copy.o ABSOLUTE
    ../../angel/kernel.s                     0x00000000   Number         0  rtexit2.o ABSOLUTE
    ../../angel/kernel.s                     0x00000000   Number         0  rtentry.o ABSOLUTE
    ../../angel/kernel.s                     0x00000000   Number         0  rtexit.o ABSOLUTE
    ../../angel/kernel.s                     0x00000000   Number         0  rtentry2.o ABSOLUTE
    ../../angel/kernel.s                     0x00000000   Number         0  rtentry4.o ABSOLUTE
    ../../angel/rt.s                         0x00000000   Number         0  rt_raise.o ABSOLUTE
    ../../angel/rt.s                         0x00000000   Number         0  aeabi_idiv0.o ABSOLUTE
    ../../angel/rt.s                         0x00000000   Number         0  aeabi_idiv0_sigfpe.o ABSOLUTE
    ../../angel/rt.s                         0x00000000   Number         0  rt_locale_intlibspace.o ABSOLUTE
    ../../angel/rt.s                         0x00000000   Number         0  rt_locale.o ABSOLUTE
    ../../angel/rt.s                         0x00000000   Number         0  rt_div0.o ABSOLUTE
    ../../angel/scatter.s                    0x00000000   Number         0  __scatter.o ABSOLUTE
    ../../angel/startup.s                    0x00000000   Number         0  __main.o ABSOLUTE
    ../../angel/sys.s                        0x00000000   Number         0  libspace.o ABSOLUTE
    ../../angel/sys.s                        0x00000000   Number         0  use_no_semi.o ABSOLUTE
    ../../angel/sys.s                        0x00000000   Number         0  sys_stackheap_outer.o ABSOLUTE
    ../../angel/sysapp.c                     0x00000000   Number         0  sys_wrch.o ABSOLUTE
    ../../angel/sysapp.c                     0x00000000   Number         0  sys_command.o ABSOLUTE
    ../../armsys.c                           0x00000000   Number         0  no_argv.o ABSOLUTE
    ../../armsys.c                           0x00000000   Number         0  _get_argv_nomalloc.o ABSOLUTE
    ../../armsys.c                           0x00000000   Number         0  argv_veneer.o ABSOLUTE
    ../../armsys.c                           0x00000000   Number         0  argv_veneer.o ABSOLUTE
    ../../bigflt.c                           0x00000000   Number         0  bigflt0.o ABSOLUTE
    ../../btod.s                             0x00000000   Number         0  btod.o ABSOLUTE
    ../../dflt.s                             0x00000000   Number         0  dflt_noclz.o ABSOLUTE
    ../../division.s                         0x00000000   Number         0  aeabi_sdiv.o ABSOLUTE
    ../../division.s                         0x00000000   Number         0  aeabi_sdiv_div0.o ABSOLUTE
    ../../division.s                         0x00000000   Number         0  rtudiv10.o ABSOLUTE
    ../../divrt.s                            0x00000000   Number         0  divrt_7tdmi.o ABSOLUTE
    ../../divrt.s                            0x00000000   Number         0  divrt_7tdmi_div0.o ABSOLUTE
    ../../f2d.s                              0x00000000   Number         0  f2d.o ABSOLUTE
    ../../fcheck.s                           0x00000000   Number         0  fcheck.o ABSOLUTE
    ../../fcheck1.s                          0x00000000   Number         0  fcheck1.o ABSOLUTE
    ../../fcmpin.s                           0x00000000   Number         0  fcmpin.o ABSOLUTE
    ../../fdiv.s                             0x00000000   Number         0  fdiv.o ABSOLUTE
    ../../fflt.s                             0x00000000   Number         0  fflt_noclz.o ABSOLUTE
    ../../fnorm2.s                           0x00000000   Number         0  fnorm2_noclz.o ABSOLUTE
    ../../fpclassify.c                       0x00000000   Number         0  fpclassify.o ABSOLUTE
    ../../fpinit.s                           0x00000000   Number         0  fpinit.o ABSOLUTE
    ../../frleqf.s                           0x00000000   Number         0  frleqf.o ABSOLUTE
    ../../funder.s                           0x00000000   Number         0  funder.o ABSOLUTE
    ../../heapalloc.c                        0x00000000   Number         0  hrguard.o ABSOLUTE
    ../../heapaux.c                          0x00000000   Number         0  heapauxi.o ABSOLUTE
    ../../istatus.s                          0x00000000   Number         0  istatus.o ABSOLUTE
    ../../libinit.s                          0x00000000   Number         0  libinit2.o ABSOLUTE
    ../../libinit.s                          0x00000000   Number         0  libshutdown.o ABSOLUTE
    ../../libinit.s                          0x00000000   Number         0  libshutdown2.o ABSOLUTE
    ../../libinit.s                          0x00000000   Number         0  libinit.o ABSOLUTE
    ../../locale.s                           0x00000000   Number         0  lc_numeric_c.o ABSOLUTE
    ../../longlong.s                         0x00000000   Number         0  lludiv10.o ABSOLUTE
    ../../memcpset.s                         0x00000000   Number         0  strcmp.o ABSOLUTE
    ../../misc.s                             0x00000000   Number         0  printf_stubs.o ABSOLUTE
    ../../printf.c                           0x00000000   Number         0  noretval__2sprintf.o ABSOLUTE
    ../../printf.c                           0x00000000   Number         0  __printf.o ABSOLUTE
    ../../printf.c                           0x00000000   Number         0  _printf_hex_int_ll.o ABSOLUTE
    ../../printf.c                           0x00000000   Number         0  _printf_hex_ptr.o ABSOLUTE
    ../../printf.c                           0x00000000   Number         0  __printf_flags_ss.o ABSOLUTE
    ../../printf.c                           0x00000000   Number         0  _printf_pad.o ABSOLUTE
    ../../printf.c                           0x00000000   Number         0  _printf_hex_int_ptr.o ABSOLUTE
    ../../printf.c                           0x00000000   Number         0  _printf_hex_ll_ptr.o ABSOLUTE
    ../../printf.c                           0x00000000   Number         0  _printf_str.o ABSOLUTE
    ../../printf.c                           0x00000000   Number         0  _printf_hex_int_ll_ptr.o ABSOLUTE
    ../../printf.c                           0x00000000   Number         0  __printf_flags.o ABSOLUTE
    ../../printf.c                           0x00000000   Number         0  __printf_ss.o ABSOLUTE
    ../../printf.c                           0x00000000   Number         0  _printf_dec.o ABSOLUTE
    ../../printf.c                           0x00000000   Number         0  __printf_flags_ss_wp.o ABSOLUTE
    ../../printf.c                           0x00000000   Number         0  __printf_flags_wp.o ABSOLUTE
    ../../printf.c                           0x00000000   Number         0  _printf_hex_ll.o ABSOLUTE
    ../../printf.c                           0x00000000   Number         0  __printf_wp.o ABSOLUTE
    ../../printf.c                           0x00000000   Number         0  __printf_ss_wp.o ABSOLUTE
    ../../printf.c                           0x00000000   Number         0  _printf_hex_int.o ABSOLUTE
    ../../printf.c                           0x00000000   Number         0  __2sprintf.o ABSOLUTE
    ../../printf.c                           0x00000000   Number         0  __printf_nopercent.o ABSOLUTE
    ../../printf.c                           0x00000000   Number         0  _printf_intcommon.o ABSOLUTE
    ../../printf.c                           0x00000000   Number         0  _printf_fp_dec.o ABSOLUTE
    ../../printf.c                           0x00000000   Number         0  _printf_fp_infnan.o ABSOLUTE
    ../../printf.c                           0x00000000   Number         0  _printf_char_common.o ABSOLUTE
    ../../printf.c                           0x00000000   Number         0  _sputc.o ABSOLUTE
    ../../printf.c                           0x00000000   Number         0  _printf_char.o ABSOLUTE
    ../../printf1.s                          0x00000000   Number         0  printf1.o ABSOLUTE
    ../../printf_percent.s                   0x00000000   Number         0  _printf_x.o ABSOLUTE
    ../../printf_percent.s                   0x00000000   Number         0  _printf_d.o ABSOLUTE
    ../../printf_percent.s                   0x00000000   Number         0  _printf_f.o ABSOLUTE
    ../../printf_percent.s                   0x00000000   Number         0  _printf_c.o ABSOLUTE
    ../../printf_percent.s                   0x00000000   Number         0  _printf_percent.o ABSOLUTE
    ../../printf_percent.s                   0x00000000   Number         0  _printf_percent_end.o ABSOLUTE
    ../../retnan.s                           0x00000000   Number         0  retnan.o ABSOLUTE
    ../../signal.c                           0x00000000   Number         0  defsig_fpe_inner.o ABSOLUTE
    ../../signal.c                           0x00000000   Number         0  defsig_general.o ABSOLUTE
    ../../signal.c                           0x00000000   Number         0  __raise.o ABSOLUTE
    ../../signal.c                           0x00000000   Number         0  defsig_abrt_inner.o ABSOLUTE
    ../../signal.c                           0x00000000   Number         0  defsig_rtmem_outer.o ABSOLUTE
    ../../signal.c                           0x00000000   Number         0  defsig_segv_inner.o ABSOLUTE
    ../../signal.c                           0x00000000   Number         0  defsig_fpe_formal.o ABSOLUTE
    ../../signal.c                           0x00000000   Number         0  defsig_fpe_outer.o ABSOLUTE
    ../../signal.c                           0x00000000   Number         0  defsig_rtred_inner.o ABSOLUTE
    ../../signal.c                           0x00000000   Number         0  defsig_exit.o ABSOLUTE
    ../../signal.c                           0x00000000   Number         0  defsig_rtmem_formal.o ABSOLUTE
    ../../signal.c                           0x00000000   Number         0  defsig_rtmem_inner.o ABSOLUTE
    ../../signal.c                           0x00000000   Number         0  defsig_other.o ABSOLUTE
    ../../signal.c                           0x00000000   Number         0  defsig_stak_inner.o ABSOLUTE
    ../../signal.c                           0x00000000   Number         0  defsig_pvfn_inner.o ABSOLUTE
    ../../signal.c                           0x00000000   Number         0  defsig_cppl_inner.o ABSOLUTE
    ../../signal.s                           0x00000000   Number         0  defsig.o ABSOLUTE
    ../../stdlib.c                           0x00000000   Number         0  exit.o ABSOLUTE
    ../../string.c                           0x00000000   Number         0  strlen.o ABSOLUTE
    ../../string.c                           0x00000000   Number         0  strncmp.o ABSOLUTE
    ../../string.c                           0x00000000   Number         0  strcspn.o ABSOLUTE
    ../../trapv.s                            0x00000000   Number         0  trapv.o ABSOLUTE
    ../../usenofp.s                          0x00000000   Number         0  usenofp.o ABSOLUTE
    FAT.c                                    0x00000000   Number         0  fat.o ABSOLUTE
    Retarget.c                               0x00000000   Number         0  retarget.o ABSOLUTE
    Serial.c                                 0x00000000   Number         0  serial.o ABSOLUTE
    Startup.s                                0x00000000   Number         0  startup.o ABSOLUTE
    adc.c                                    0x00000000   Number         0  adc.o ABSOLUTE
    dc.s                                     0x00000000   Number         0  dc.o ABSOLUTE
    main2.c                                  0x00000000   Number         0  main2.o ABSOLUTE
    sd.c                                     0x00000000   Number         0  sd.o ABSOLUTE
    ssp.c                                    0x00000000   Number         0  ssp.o ABSOLUTE
    Undef_Handler                            0x00000044   ARM Code       4  startup.o(RESET)
    SWI_Handler                              0x00000048   ARM Code       4  startup.o(RESET)
    PAbt_Handler                             0x0000004c   ARM Code       4  startup.o(RESET)
    DAbt_Handler                             0x00000050   ARM Code       4  startup.o(RESET)
    IRQ_Handler                              0x00000054   ARM Code       4  startup.o(RESET)
    FIQ_Handler                              0x00000058   ARM Code       4  startup.o(RESET)
    !!!main                                  0x00000114   Section        8  __main.o(!!!main)
    !!!scatter                               0x0000011c   Section       60  __scatter.o(!!!scatter)
    !!handler_copy                           0x00000158   Section       40  __scatter_copy.o(!!handler_copy)
    !!handler_zi                             0x00000180   Section       44  __scatter_zi.o(!!handler_zi)
    .ARM.Collect$$_printf_percent$$00000000  0x000001b0   Section        0  _printf_percent.o(.ARM.Collect$$_printf_percent$$00000000)
    .ARM.Collect$$_printf_percent$$00000003  0x000001b0   Section        8  _printf_f.o(.ARM.Collect$$_printf_percent$$00000003)
    .ARM.Collect$$_printf_percent$$00000009  0x000001b8   Section        8  _printf_d.o(.ARM.Collect$$_printf_percent$$00000009)
    .ARM.Collect$$_printf_percent$$0000000C  0x000001c0   Section        8  _printf_x.o(.ARM.Collect$$_printf_percent$$0000000C)
    .ARM.Collect$$_printf_percent$$00000013  0x000001c8   Section        8  _printf_c.o(.ARM.Collect$$_printf_percent$$00000013)
    .ARM.Collect$$_printf_percent$$00000017  0x000001d0   Section        8  _printf_percent_end.o(.ARM.Collect$$_printf_percent$$00000017)
    .ARM.Collect$$libinit$$00000000          0x000001e0   Section        6  libinit.o(.ARM.Collect$$libinit$$00000000)
    .ARM.Collect$$libinit$$00000006          0x000001e6   Section        0  libinit2.o(.ARM.Collect$$libinit$$00000006)
    .ARM.Collect$$libinit$$00000008          0x000001e6   Section        0  libinit2.o(.ARM.Collect$$libinit$$00000008)
    .ARM.Collect$$libinit$$0000000A          0x000001e6   Section        0  libinit2.o(.ARM.Collect$$libinit$$0000000A)
    .ARM.Collect$$libinit$$0000000B          0x000001e6   Section        6  libinit2.o(.ARM.Collect$$libinit$$0000000B)
    .ARM.Collect$$libinit$$0000000D          0x000001ec   Section        0  libinit2.o(.ARM.Collect$$libinit$$0000000D)
    .ARM.Collect$$libinit$$0000000F          0x000001ec   Section        0  libinit2.o(.ARM.Collect$$libinit$$0000000F)
    .ARM.Collect$$libinit$$00000011          0x000001ec   Section        0  libinit2.o(.ARM.Collect$$libinit$$00000011)
    .ARM.Collect$$libinit$$00000012          0x000001ec   Section       10  libinit2.o(.ARM.Collect$$libinit$$00000012)
    .ARM.Collect$$libinit$$00000013          0x000001f6   Section        0  libinit2.o(.ARM.Collect$$libinit$$00000013)
    .ARM.Collect$$libinit$$00000015          0x000001f6   Section        0  libinit2.o(.ARM.Collect$$libinit$$00000015)
    .ARM.Collect$$libinit$$00000017          0x000001f6   Section        0  libinit2.o(.ARM.Collect$$libinit$$00000017)
    .ARM.Collect$$libinit$$00000019          0x000001f6   Section        0  libinit2.o(.ARM.Collect$$libinit$$00000019)
    .ARM.Collect$$libinit$$0000001B          0x000001f6   Section        0  libinit2.o(.ARM.Collect$$libinit$$0000001B)
    .ARM.Collect$$libinit$$0000001D          0x000001f6   Section        0  libinit2.o(.ARM.Collect$$libinit$$0000001D)
    .ARM.Collect$$libinit$$0000001F          0x000001f6   Section        0  libinit2.o(.ARM.Collect$$libinit$$0000001F)
    .ARM.Collect$$libinit$$00000021          0x000001f6   Section        0  libinit2.o(.ARM.Collect$$libinit$$00000021)
    .ARM.Collect$$libinit$$00000028          0x000001f6   Section        0  libinit2.o(.ARM.Collect$$libinit$$00000028)
    .ARM.Collect$$libinit$$0000002A          0x000001f6   Section        0  libinit2.o(.ARM.Collect$$libinit$$0000002A)
    .ARM.Collect$$libinit$$0000002C          0x000001f6   Section        0  libinit2.o(.ARM.Collect$$libinit$$0000002C)
    .ARM.Collect$$libinit$$0000002E          0x000001f6   Section        0  libinit2.o(.ARM.Collect$$libinit$$0000002E)
    .ARM.Collect$$libinit$$0000002F          0x000001f6   Section       12  libinit2.o(.ARM.Collect$$libinit$$0000002F)
    .ARM.Collect$$libshutdown$$00000000      0x0000020c   Section        4  libshutdown.o(.ARM.Collect$$libshutdown$$00000000)
    .ARM.Collect$$libshutdown$$00000003      0x00000210   Section        0  libshutdown2.o(.ARM.Collect$$libshutdown$$00000003)
    .ARM.Collect$$libshutdown$$00000006      0x00000210   Section        0  libshutdown2.o(.ARM.Collect$$libshutdown$$00000006)
    .ARM.Collect$$libshutdown$$00000009      0x00000210   Section        0  libshutdown2.o(.ARM.Collect$$libshutdown$$00000009)
    .ARM.Collect$$libshutdown$$0000000B      0x00000210   Section        0  libshutdown2.o(.ARM.Collect$$libshutdown$$0000000B)
    .ARM.Collect$$libshutdown$$0000000E      0x00000210   Section        0  libshutdown2.o(.ARM.Collect$$libshutdown$$0000000E)
    .ARM.Collect$$libshutdown$$0000000F      0x00000210   Section        6  libshutdown2.o(.ARM.Collect$$libshutdown$$0000000F)
    .ARM.Collect$$rtentry$$00000000          0x00000218   Section        0  rtentry.o(.ARM.Collect$$rtentry$$00000000)
    .ARM.Collect$$rtentry$$00000002          0x00000218   Section        0  rtentry2.o(.ARM.Collect$$rtentry$$00000002)
    .ARM.Collect$$rtentry$$00000004          0x00000218   Section        8  rtentry4.o(.ARM.Collect$$rtentry$$00000004)
    .ARM.Collect$$rtentry$$00000009          0x00000220   Section        0  rtentry2.o(.ARM.Collect$$rtentry$$00000009)
    .ARM.Collect$$rtentry$$0000000A          0x00000220   Section        4  rtentry2.o(.ARM.Collect$$rtentry$$0000000A)
    .ARM.Collect$$rtentry$$0000000C          0x00000224   Section        0  rtentry2.o(.ARM.Collect$$rtentry$$0000000C)
    .ARM.Collect$$rtentry$$0000000D          0x00000224   Section       40  rtentry2.o(.ARM.Collect$$rtentry$$0000000D)
    .ARM.Collect$$rtexit$$00000000           0x00000250   Section        0  rtexit.o(.ARM.Collect$$rtexit$$00000000)
    .ARM.Collect$$rtexit$$00000002           0x00000250   Section        0  rtexit2.o(.ARM.Collect$$rtexit$$00000002)
    .ARM.Collect$$rtexit$$00000003           0x00000250   Section        4  rtexit2.o(.ARM.Collect$$rtexit$$00000003)
    .ARM.Collect$$rtexit$$00000004           0x00000254   Section        4  rtexit2.o(.ARM.Collect$$rtexit$$00000004)
    .text                                    0x00000258   Section        8  retarget.o(.text)
    .text                                    0x00000260   Section     2984  sd.o(.text)
    .text                                    0x00000e08   Section      436  ssp.o(.text)
    .text                                    0x00000fbc   Section       32  startup.o(.text)
    .text                                    0x00000fdc   Section      540  serial.o(.text)
    .text                                    0x000011f8   Section     7624  fat.o(.text)
    .text                                    0x00002fc0   Section      308  adc.o(.text)
    .text                                    0x000030f4   Section     1112  main2.o(.text)
    .text                                    0x0000354c   Section        4  use_no_semi.o(.text)
    .text                                    0x00003558   Section       40  noretval__2sprintf.o(.text)
    .text                                    0x00003580   Section       84  _printf_pad.o(.text)
    .text                                    0x000035d4   Section       88  _printf_str.o(.text)
    .text                                    0x00003634   Section      112  _printf_dec.o(.text)
    .text                                    0x000036ac   Section       92  _printf_hex_int.o(.text)
    .text                                    0x00003708   Section      336  __printf_flags_wp.o(.text)
    .text                                    0x00003860   Section       36  strcspn.o(.text)
    .text                                    0x0000388c   Section      152  strncmp.o(.text)
    .text                                    0x0000392c   Section       68  strlen.o(.text)
    .text                                    0x00003970   Section      160  strcmp.o(.text)
    .text                                    0x00003a14   Section      384  aeabi_sdiv.o(.text)
    __arm_div8                               0x00003a40   ARM Code       0  aeabi_sdiv.o(.text)
    __arm_div4                               0x00003a70   ARM Code       0  aeabi_sdiv.o(.text)
    __arm_div_large                          0x00003ac4   ARM Code       0  aeabi_sdiv.o(.text)
    .text                                    0x00003b94   Section        6  heapauxi.o(.text)
    .text                                    0x00003b9a   Section      182  _printf_intcommon.o(.text)
    .text                                    0x00003c50   Section     1112  _printf_fp_dec.o(.text)
    _fp_digits                               0x00003c53   Thumb Code   482  _printf_fp_dec.o(.text)
    .text                                    0x000040a8   Section       52  _printf_char_common.o(.text)
    _printf_input_char                       0x000040a9   Thumb Code    10  _printf_char_common.o(.text)
    .text                                    0x000040dc   Section       10  _sputc.o(.text)
    .text                                    0x000040f0   Section       50  _printf_char.o(.text)
    .text                                    0x00004128   Section       44  rtudiv10.o(.text)
    .text                                    0x00004158   Section       16  rt_locale_intlibspace.o(.text)
    .text                                    0x0000416c   Section      160  lludiv10.o(.text)
    .text                                    0x0000420c   Section      140  _printf_fp_infnan.o(.text)
    .text                                    0x00004298   Section      200  bigflt0.o(.text)
    .text                                    0x00004360   Section       12  libspace.o(.text)
    .text                                    0x0000436c   Section       96  sys_stackheap_outer.o(.text)
    .text                                    0x000043cc   Section       12  exit.o(.text)
    CL$$btod_d2e                             0x000043dc   Section       56  btod.o(CL$$btod_d2e)
    CL$$btod_d2e_denorm_low                  0x00004414   Section       84  btod.o(CL$$btod_d2e_denorm_low)
    CL$$btod_d2e_norm_op1                    0x00004468   Section      104  btod.o(CL$$btod_d2e_norm_op1)
    CL$$btod_div_common                      0x000044d0   Section      844  btod.o(CL$$btod_div_common)
    CL$$btod_e2e                             0x0000481c   Section      220  btod.o(CL$$btod_e2e)
    CL$$btod_ediv                            0x000048fc   Section       52  btod.o(CL$$btod_ediv)
    CL$$btod_emul                            0x00004934   Section       52  btod.o(CL$$btod_emul)
    CL$$btod_mult_common                     0x00004968   Section      616  btod.o(CL$$btod_mult_common)
    i.__ARM_common_call_via_r1               0x00004bdc   Section        2  __printf.o(i.__ARM_common_call_via_r1)
    i.__ARM_common_call_via_r2               0x00004bde   Section        2  __printf.o(i.__ARM_common_call_via_r2)
    i.__ARM_fpclassify                       0x00004be4   Section       48  fpclassify.o(i.__ARM_fpclassify)
    locale$$code                             0x00004c18   Section       80  lc_numeric_c.o(locale$$code)
    x$fpl$dcmpinfnan                         0x00004c68   Section      100  fcmpin.o(x$fpl$dcmpinfnan)
    x$fpl$dflt                               0x00004ccc   Section       88  dflt_noclz.o(x$fpl$dflt)
    x$fpl$f2d                                0x00004d24   Section      100  f2d.o(x$fpl$f2d)
    x$fpl$fcheck                             0x00004d88   Section       12  fcheck.o(x$fpl$fcheck)
    x$fpl$fcheck1                            0x00004d94   Section       12  fcheck1.o(x$fpl$fcheck1)
    x$fpl$fdiv                               0x00004da0   Section      484  fdiv.o(x$fpl$fdiv)
    _fdiv1                                   0x00004da0   ARM Code       0  fdiv.o(x$fpl$fdiv)
    x$fpl$fflt                               0x00004f84   Section       92  fflt_noclz.o(x$fpl$fflt)
    x$fpl$ffltu                              0x00004fe0   Section        8  fflt_noclz.o(x$fpl$ffltu)
    x$fpl$fnorm2                             0x00004fe8   Section      148  fnorm2_noclz.o(x$fpl$fnorm2)
    x$fpl$fpinit                             0x00005080   Section        4  fpinit.o(x$fpl$fpinit)
    x$fpl$frleqf                             0x00005084   Section      132  frleqf.o(x$fpl$frleqf)
    x$fpl$funder                             0x00005108   Section      148  funder.o(x$fpl$funder)
    x$fpl$ieeestatus                         0x000051a0   Section        8  istatus.o(x$fpl$ieeestatus)
    x$fpl$printf1                            0x000051a8   Section        4  printf1.o(x$fpl$printf1)
    x$fpl$retnan                             0x000051ac   Section      116  retnan.o(x$fpl$retnan)
    x$fpl$trapveneer                         0x00005220   Section       60  trapv.o(x$fpl$trapveneer)
    .constdata                               0x0000525c   Section       40  _printf_hex_int.o(.constdata)
    x$fpl$usenofp                            0x0000525c   Section        0  usenofp.o(x$fpl$usenofp)
    uc_hextab                                0x0000525c   Data          20  _printf_hex_int.o(.constdata)
    lc_hextab                                0x00005270   Data          20  _printf_hex_int.o(.constdata)
    .constdata                               0x00005284   Section       17  __printf_flags_wp.o(.constdata)
    maptable                                 0x00005284   Data          17  __printf_flags_wp.o(.constdata)
    .constdata                               0x00005298   Section      148  bigflt0.o(.constdata)
    tenpwrs_x                                0x00005298   Data          60  bigflt0.o(.constdata)
    tenpwrs_i                                0x000052d4   Data          64  bigflt0.o(.constdata)
    locale$$data                             0x0000534c   Section       28  lc_numeric_c.o(locale$$data)
    __lcnum_c_name                           0x00005350   Data           2  lc_numeric_c.o(locale$$data)
    __lcnum_c_start                          0x00005358   Data           0  lc_numeric_c.o(locale$$data)
    __lcnum_c_point                          0x00005364   Data           0  lc_numeric_c.o(locale$$data)
    __lcnum_c_thousands                      0x00005366   Data           0  lc_numeric_c.o(locale$$data)
    __lcnum_c_grouping                       0x00005367   Data           0  lc_numeric_c.o(locale$$data)
    __lcnum_c_end                            0x00005368   Data           0  lc_numeric_c.o(locale$$data)
    .data                                    0x40000000   Section        3  sd.o(.data)
    .data                                    0x40000004   Section       25  fat.o(.data)
    .bss                                     0x40000020   Section      512  sd.o(.bss)
    .bss                                     0x40000220   Section       32  main2.o(.bss)
    .bss                                     0x40000240   Section       96  libspace.o(.bss)
    HEAP                                     0x400002a0   Section        0  startup.o(HEAP)
    STACK                                    0x400002a0   Section     2184  startup.o(STACK)
    Heap_Mem                                 0x400002a0   Data           0  startup.o(HEAP)
    Stack_Mem                                0x400002a0   Data        2048  startup.o(STACK)
    Stack_Top                                0x40000b28   Data           0  startup.o(STACK)

    Global Symbols

    Symbol Name                              Value     Ov Type        Size  Object(Section)

    BuildAttributes$$THM_ISAv1$ARM_ISAv4$S$PE$A:L22$X:L11$S22$IEEE1$IW$USESV6$~STKCKD$USESV7$~SHL$OSPACE$ROPI$IEEEJ$EBA8$UX$STANDARDLIB$REQ8$PRES8$EABIv2 0x00000000   Number         0  anon$$obj.o ABSOLUTE
    __ARM_use_no_argv                        0x00000000   Number         0  main2.o ABSOLUTE
    _printf_flags                            0x00000000   Number         0  printf_stubs.o ABSOLUTE
    _printf_return_value                     0x00000000   Number         0  printf_stubs.o ABSOLUTE
    _printf_sizespec                         0x00000000   Number         0  printf_stubs.o ABSOLUTE
    _printf_widthprec                        0x00000000   Number         0  printf_stubs.o ABSOLUTE
    __ARM_exceptions_init                     - Undefined Weak Reference
    __alloca_initialize                       - Undefined Weak Reference
    __cpp_initialize__aeabi_                  - Undefined Weak Reference
    __cxa_finalize                            - Undefined Weak Reference
    __fpl_infinity                            - Undefined Weak Reference
    __sigvec_lookup                           - Undefined Weak Reference
    _atexit_init                              - Undefined Weak Reference
    _call_atexit_fns                          - Undefined Weak Reference
    _clock_init                               - Undefined Weak Reference
    _fp_trap_init                             - Undefined Weak Reference
    _fp_trap_shutdown                         - Undefined Weak Reference
    _get_lc_collate                           - Undefined Weak Reference
    _get_lc_ctype                             - Undefined Weak Reference
    _get_lc_monetary                          - Undefined Weak Reference
    _get_lc_time                              - Undefined Weak Reference
    _getenv_init                              - Undefined Weak Reference
    _handle_redirection                       - Undefined Weak Reference
    _init_alloc                               - Undefined Weak Reference
    _init_user_alloc                          - Undefined Weak Reference
    _initio                                   - Undefined Weak Reference
    _printf_mbtowc                            - Undefined Weak Reference
    _printf_truncate_signed                   - Undefined Weak Reference
    _printf_truncate_unsigned                 - Undefined Weak Reference
    _rand_init                                - Undefined Weak Reference
    _signal_finish                            - Undefined Weak Reference
    _signal_init                              - Undefined Weak Reference
    _terminate_alloc                          - Undefined Weak Reference
    _terminate_user_alloc                     - Undefined Weak Reference
    _terminateio                              - Undefined Weak Reference
    Reset_Handler                            0x0000005c   ARM Code       0  startup.o(RESET)
    __main                                   0x00000114   ARM Code       8  __main.o(!!!main)
    __scatterload                            0x0000011c   ARM Code       0  __scatter.o(!!!scatter)
    __scatterload_rt2                        0x0000011c   ARM Code      52  __scatter.o(!!!scatter)
    __scatterload_null                       0x00000130   ARM Code       0  __scatter.o(!!!scatter)
    __scatterload_copy                       0x00000158   ARM Code      40  __scatter_copy.o(!!handler_copy)
    __scatterload_zeroinit                   0x00000180   ARM Code      44  __scatter_zi.o(!!handler_zi)
    Inline Thumb to ARM Veneer to _printf_percent 0x000001ad   Thumb Code     4  _printf_percent.o(.ARM.Collect$$_printf_percent$$00000000)
    _printf_f                                0x000001b0   ARM Code       0  _printf_f.o(.ARM.Collect$$_printf_percent$$00000003)
    _printf_percent                          0x000001b0   ARM Code       0  _printf_percent.o(.ARM.Collect$$_printf_percent$$00000000)
    _printf_d                                0x000001b8   ARM Code       0  _printf_d.o(.ARM.Collect$$_printf_percent$$00000009)
    _printf_x                                0x000001c0   ARM Code       0  _printf_x.o(.ARM.Collect$$_printf_percent$$0000000C)
    _printf_c                                0x000001c8   ARM Code       0  _printf_c.o(.ARM.Collect$$_printf_percent$$00000013)
    _printf_percent_end                      0x000001d0   ARM Code       0  _printf_percent_end.o(.ARM.Collect$$_printf_percent$$00000017)
    Inline ARM to Thumb Veneer to __rt_lib_init 0x000001d8   ARM Code       8  libinit.o(.ARM.Collect$$libinit$$00000000)
    __rt_lib_init                            0x000001e1   Thumb Code     0  libinit.o(.ARM.Collect$$libinit$$00000000)
    __rt_lib_init_heap_1                     0x000001e7   Thumb Code     0  libinit2.o(.ARM.Collect$$libinit$$00000006)
    __rt_lib_init_lc_common                  0x000001e7   Thumb Code     0  libinit2.o(.ARM.Collect$$libinit$$0000000B)
    __rt_lib_init_rand_1                     0x000001e7   Thumb Code     0  libinit2.o(.ARM.Collect$$libinit$$0000000A)
    __rt_lib_init_user_alloc_1               0x000001e7   Thumb Code     0  libinit2.o(.ARM.Collect$$libinit$$00000008)
    __rt_lib_init_lc_collate_1               0x000001ed   Thumb Code     0  libinit2.o(.ARM.Collect$$libinit$$0000000D)
    __rt_lib_init_lc_ctype_1                 0x000001ed   Thumb Code     0  libinit2.o(.ARM.Collect$$libinit$$0000000F)
    __rt_lib_init_lc_monetary_1              0x000001ed   Thumb Code     0  libinit2.o(.ARM.Collect$$libinit$$00000011)
    __rt_lib_init_lc_numeric_2               0x000001ed   Thumb Code     0  libinit2.o(.ARM.Collect$$libinit$$00000012)
    __rt_lib_init_alloca_1                   0x000001f7   Thumb Code     0  libinit2.o(.ARM.Collect$$libinit$$0000002A)
    __rt_lib_init_argv_1                     0x000001f7   Thumb Code     0  libinit2.o(.ARM.Collect$$libinit$$00000028)
    __rt_lib_init_atexit_1                   0x000001f7   Thumb Code     0  libinit2.o(.ARM.Collect$$libinit$$00000017)
    __rt_lib_init_clock_1                    0x000001f7   Thumb Code     0  libinit2.o(.ARM.Collect$$libinit$$0000001D)
    __rt_lib_init_cpp_1                      0x000001f7   Thumb Code     0  libinit2.o(.ARM.Collect$$libinit$$0000002E)
    __rt_lib_init_exceptions_1               0x000001f7   Thumb Code     0  libinit2.o(.ARM.Collect$$libinit$$0000002C)
    __rt_lib_init_fp_trap_1                  0x000001f7   Thumb Code     0  libinit2.o(.ARM.Collect$$libinit$$0000001B)
    __rt_lib_init_getenv_1                   0x000001f7   Thumb Code     0  libinit2.o(.ARM.Collect$$libinit$$0000001F)
    __rt_lib_init_lc_numeric_1               0x000001f7   Thumb Code     0  libinit2.o(.ARM.Collect$$libinit$$00000013)
    __rt_lib_init_lc_time_1                  0x000001f7   Thumb Code     0  libinit2.o(.ARM.Collect$$libinit$$00000015)
    __rt_lib_init_return                     0x000001f7   Thumb Code     0  libinit2.o(.ARM.Collect$$libinit$$0000002F)
    __rt_lib_init_signal_1                   0x000001f7   Thumb Code     0  libinit2.o(.ARM.Collect$$libinit$$00000019)
    __rt_lib_init_stdio_1                    0x000001f7   Thumb Code     0  libinit2.o(.ARM.Collect$$libinit$$00000021)
    Inline ARM to Thumb Veneer to __rt_lib_shutdown 0x00000204   ARM Code       8  libshutdown.o(.ARM.Collect$$libshutdown$$00000000)
    __rt_lib_shutdown                        0x0000020d   Thumb Code     0  libshutdown.o(.ARM.Collect$$libshutdown$$00000000)
    __rt_lib_shutdown_fp_trap_1              0x00000211   Thumb Code     0  libshutdown2.o(.ARM.Collect$$libshutdown$$00000006)
    __rt_lib_shutdown_heap_1                 0x00000211   Thumb Code     0  libshutdown2.o(.ARM.Collect$$libshutdown$$0000000E)
    __rt_lib_shutdown_return                 0x00000211   Thumb Code     0  libshutdown2.o(.ARM.Collect$$libshutdown$$0000000F)
    __rt_lib_shutdown_signal_1               0x00000211   Thumb Code     0  libshutdown2.o(.ARM.Collect$$libshutdown$$00000009)
    __rt_lib_shutdown_stdio_1                0x00000211   Thumb Code     0  libshutdown2.o(.ARM.Collect$$libshutdown$$00000003)
    __rt_lib_shutdown_user_alloc_1           0x00000211   Thumb Code     0  libshutdown2.o(.ARM.Collect$$libshutdown$$0000000B)
    __rt_entry                               0x00000218   ARM Code       0  rtentry.o(.ARM.Collect$$rtentry$$00000000)
    __rt_entry_presh_1                       0x00000218   ARM Code       0  rtentry2.o(.ARM.Collect$$rtentry$$00000002)
    __rt_entry_sh                            0x00000218   ARM Code       0  rtentry4.o(.ARM.Collect$$rtentry$$00000004)
    __rt_entry_li                            0x00000220   ARM Code       0  rtentry2.o(.ARM.Collect$$rtentry$$0000000A)
    __rt_entry_postsh_1                      0x00000220   ARM Code       0  rtentry2.o(.ARM.Collect$$rtentry$$00000009)
    __rt_entry_main                          0x00000224   ARM Code       0  rtentry2.o(.ARM.Collect$$rtentry$$0000000D)
    __rt_entry_postli_1                      0x00000224   ARM Code       0  rtentry2.o(.ARM.Collect$$rtentry$$0000000C)
    Inline Thumb to ARM Veneer to __rt_exit  0x0000024d   Thumb Code     4  rtexit.o(.ARM.Collect$$rtexit$$00000000)
    __rt_exit                                0x00000250   ARM Code       0  rtexit.o(.ARM.Collect$$rtexit$$00000000)
    __rt_exit_ls                             0x00000250   ARM Code       0  rtexit2.o(.ARM.Collect$$rtexit$$00000003)
    __rt_exit_prels_1                        0x00000250   ARM Code       0  rtexit2.o(.ARM.Collect$$rtexit$$00000002)
    __rt_exit_exit                           0x00000254   ARM Code       0  rtexit2.o(.ARM.Collect$$rtexit$$00000004)
    _sys_exit                                0x00000258   ARM Code       8  retarget.o(.text)
    sd_Command                               0x00000260   ARM Code     112  sd.o(.text)
    sd_Resp8b                                0x000002d0   ARM Code      92  sd.o(.text)
    sdInit                                   0x0000032c   ARM Code     632  sd.o(.text)
    sd_Resp16b                               0x000005a4   ARM Code      68  sd.o(.text)
    sd_Resp8bError                           0x000005e8   ARM Code     208  sd.o(.text)
    sd_State                                 0x000006b8   ARM Code     476  sd.o(.text)
    sd_writeSector                           0x00000894   ARM Code     328  sd.o(.text)
    sd_readSector                            0x000009dc   ARM Code     392  sd.o(.text)
    sd_setReadLen                            0x00000b64   ARM Code     104  sd.o(.text)
    sd_getDriveSize                          0x00000bcc   ARM Code     528  sd.o(.text)
    spi1_init                                0x00000e08   ARM Code     160  ssp.o(.text)
    spi1_send                                0x00000ea8   ARM Code      96  ssp.o(.text)
    spi1_receive                             0x00000f08   ARM Code      92  ssp.o(.text)
    spiSendRcv                               0x00000f64   ARM Code      72  ssp.o(.text)
    __user_initial_stackheap                 0x00000fbc   ARM Code       0  startup.o(.text)
    sendchar                                 0x00000fdc   ARM Code      80  serial.o(.text)
    uart0_getkey                             0x0000102c   ARM Code      32  serial.o(.text)
    uart1_getkey                             0x0000104c   ARM Code      32  serial.o(.text)
    uart1_init                               0x0000106c   ARM Code      68  serial.o(.text)
    uart1_putc                               0x000010b0   ARM Code      32  serial.o(.text)
    uart1_puts                               0x000010d0   ARM Code      40  serial.o(.text)
    uart0_init                               0x000010f8   ARM Code      60  serial.o(.text)
    uart0_putc                               0x00001134   ARM Code      32  serial.o(.text)
    uart0_puts                               0x00001154   ARM Code      40  serial.o(.text)
    uart0_dump                               0x0000117c   ARM Code     100  serial.o(.text)
    lstrncmp                                 0x000011f8   ARM Code      84  fat.o(.text)
    F32_getParameters                        0x0000124c   ARM Code     244  fat.o(.text)
    F32_getFirstSector                       0x00001340   ARM Code      32  fat.o(.text)
    F32_getDirStruct                         0x00001360   ARM Code     452  fat.o(.text)
    F32_getClusterNumber                     0x00001524   ARM Code     708  fat.o(.text)
    F32_getNextCluster                       0x000017e8   ARM Code     124  fat.o(.text)
    F32_getFreeCluster                       0x00001864   ARM Code     216  fat.o(.text)
    F32_readFile                             0x0000193c   ARM Code     148  fat.o(.text)
    ascii2hex                                0x000019d0   ARM Code      76  fat.o(.text)
    F32_writeFAT                             0x00001a1c   ARM Code     172  fat.o(.text)
    F32_writeFile                            0x00001ac8   ARM Code    2508  fat.o(.text)
    F16_getParameters                        0x00002494   ARM Code     152  fat.o(.text)
    displaySize                              0x0000252c   ARM Code     176  fat.o(.text)
    getFirstSector                           0x000025dc   ARM Code      44  fat.o(.text)
    F16_getDirStruct                         0x00002608   ARM Code     416  fat.o(.text)
    F16_getFirstSector                       0x000027a8   ARM Code      32  fat.o(.text)
    F16_getClusterNumber                     0x000027c8   ARM Code     648  fat.o(.text)
    F16_getNextCluster                       0x00002a50   ARM Code     124  fat.o(.text)
    F16_readFile                             0x00002acc   ARM Code     256  fat.o(.text)
    F16_ascii2hex                            0x00002bcc   ARM Code      76  fat.o(.text)
    getBSData                                0x00002c18   ARM Code     460  fat.o(.text)
    getDirStruct                             0x00002de4   ARM Code      64  fat.o(.text)
    getClusterNumber                         0x00002e24   ARM Code      60  fat.o(.text)
    getNextCluster                           0x00002e60   ARM Code      44  fat.o(.text)
    getFreeCluster                           0x00002e8c   ARM Code      36  fat.o(.text)
    readFile                                 0x00002eb0   ARM Code     100  fat.o(.text)
    writeFile                                0x00002f14   ARM Code      76  fat.o(.text)
    writeTest                                0x00002f60   ARM Code      88  fat.o(.text)
    init_adc0                                0x00002fc0   ARM Code     108  adc.o(.text)
    init_adc1                                0x0000302c   ARM Code       4  adc.o(.text)
    adc_read                                 0x00003030   ARM Code     180  adc.o(.text)
    rtc_init                                 0x000030f4   ARM Code      68  main2.o(.text)
    delay                                    0x00003138   ARM Code      52  main2.o(.text)
    test_sd_card                             0x0000316c   ARM Code     116  main2.o(.text)
    main                                     0x000031e0   ARM Code     780  main2.o(.text)
    __I$use$semihosting                      0x0000354c   ARM Code       0  use_no_semi.o(.text)
    __use_no_semihosting_swi                 0x0000354c   ARM Code       4  use_no_semi.o(.text)
    Inline ARM to Thumb Veneer to __2sprintf 0x00003550   ARM Code       8  noretval__2sprintf.o(.text)
    __2sprintf                               0x00003559   Thumb Code    36  noretval__2sprintf.o(.text)
    _printf_pre_padding                      0x00003581   Thumb Code    48  _printf_pad.o(.text)
    _printf_post_padding                     0x000035b1   Thumb Code    36  _printf_pad.o(.text)
    _printf_str                              0x000035d5   Thumb Code    88  _printf_str.o(.text)
    Inline ARM to Thumb Veneer to _printf_int_dec 0x0000362c   ARM Code       8  _printf_dec.o(.text)
    _printf_int_dec                          0x00003635   Thumb Code    94  _printf_dec.o(.text)
    Inline ARM to Thumb Veneer to _printf_int_hex 0x000036a4   ARM Code       8  _printf_hex_int.o(.text)
    _printf_int_hex                          0x000036ad   Thumb Code    88  _printf_hex_int.o(.text)
    _printf_longlong_hex                     0x000036ad   Thumb Code     0  _printf_hex_int.o(.text)
    __printf                                 0x00003709   Thumb Code   332  __printf_flags_wp.o(.text)
    Inline ARM to Thumb Veneer to strcspn    0x00003858   ARM Code       8  strcspn.o(.text)
    strcspn                                  0x00003861   Thumb Code    36  strcspn.o(.text)
    Inline ARM to Thumb Veneer to strncmp    0x00003884   ARM Code       8  strncmp.o(.text)
    strncmp                                  0x0000388d   Thumb Code   146  strncmp.o(.text)
    Inline ARM to Thumb Veneer to strlen     0x00003924   ARM Code       8  strlen.o(.text)
    strlen                                   0x0000392d   Thumb Code    64  strlen.o(.text)
    strcmp                                   0x00003970   ARM Code     156  strcmp.o(.text)
    Inline Thumb to ARM Veneer to __aeabi_idivmod 0x00003a11   Thumb Code     4  aeabi_sdiv.o(.text)
    __aeabi_idiv                             0x00003a14   ARM Code       0  aeabi_sdiv.o(.text)
    __aeabi_idivmod                          0x00003a14   ARM Code     384  aeabi_sdiv.o(.text)
    __use_two_region_memory                  0x00003b95   Thumb Code     2  heapauxi.o(.text)
    __rt_heap_escrow$2region                 0x00003b97   Thumb Code     2  heapauxi.o(.text)
    __rt_heap_expand$2region                 0x00003b99   Thumb Code     2  heapauxi.o(.text)
    _printf_int_common                       0x00003b9b   Thumb Code   182  _printf_intcommon.o(.text)
    __lib_sel_fp_printf                      0x00003c51   Thumb Code     2  _printf_fp_dec.o(.text)
    _printf_fp_dec_real                      0x00003e35   Thumb Code   616  _printf_fp_dec.o(.text)
    _printf_char_common                      0x000040b3   Thumb Code    38  _printf_char_common.o(.text)
    _sputc                                   0x000040dd   Thumb Code    10  _sputc.o(.text)
    Inline ARM to Thumb Veneer to _printf_char 0x000040e8   ARM Code       8  _printf_char.o(.text)
    _printf_cs_common                        0x000040f1   Thumb Code    26  _printf_char.o(.text)
    _printf_char                             0x0000410b   Thumb Code    16  _printf_char.o(.text)
    _printf_string                           0x0000411b   Thumb Code     8  _printf_char.o(.text)
    Inline Thumb to ARM Veneer to __rt_udiv10 0x00004125   Thumb Code     4  rtudiv10.o(.text)
    __rt_udiv10                              0x00004128   ARM Code      44  rtudiv10.o(.text)
    Inline Thumb to ARM Veneer to __rt_locale 0x00004155   Thumb Code     4  rt_locale_intlibspace.o(.text)
    __rt_locale                              0x00004158   ARM Code      16  rt_locale_intlibspace.o(.text)
    Inline Thumb to ARM Veneer to _ll_udiv10 0x00004169   Thumb Code     4  lludiv10.o(.text)
    _ll_udiv10                               0x0000416c   ARM Code     160  lludiv10.o(.text)
    _printf_fp_infnan                        0x0000420d   Thumb Code   122  _printf_fp_infnan.o(.text)
    _btod_etento                             0x00004299   Thumb Code   196  bigflt0.o(.text)
    __user_libspace                          0x00004360   ARM Code      12  libspace.o(.text)
    __user_perproc_libspace                  0x00004360   ARM Code       0  libspace.o(.text)
    __user_perthread_libspace                0x00004360   ARM Code       0  libspace.o(.text)
    __user_setup_stackheap                   0x0000436c   ARM Code      96  sys_stackheap_outer.o(.text)
    exit                                     0x000043cd   Thumb Code    12  exit.o(.text)
    Inline Thumb to ARM Veneer to _btod_d2e  0x000043d9   Thumb Code     4  btod.o(CL$$btod_d2e)
    _btod_d2e                                0x000043dc   ARM Code      56  btod.o(CL$$btod_d2e)
    _d2e_denorm_low                          0x00004414   ARM Code      84  btod.o(CL$$btod_d2e_denorm_low)
    _d2e_norm_op1                            0x00004468   ARM Code     104  btod.o(CL$$btod_d2e_norm_op1)
    __btod_div_common                        0x000044d0   ARM Code     716  btod.o(CL$$btod_div_common)
    _e2e                                     0x0000481c   ARM Code     220  btod.o(CL$$btod_e2e)
    Inline Thumb to ARM Veneer to _btod_ediv 0x000048f9   Thumb Code     4  btod.o(CL$$btod_ediv)
    _btod_ediv                               0x000048fc   ARM Code      52  btod.o(CL$$btod_ediv)
    Inline Thumb to ARM Veneer to _btod_emul 0x00004931   Thumb Code     4  btod.o(CL$$btod_emul)
    _btod_emul                               0x00004934   ARM Code      52  btod.o(CL$$btod_emul)
    __btod_mult_common                       0x00004968   ARM Code     616  btod.o(CL$$btod_mult_common)
    Long ARM to Thumb Veneer to _printf_fp_dec_real 0x00004bd0   ARM Code      12  anon$$obj.o(Veneer$$Code)
    __ARM_common_call_via_r1                 0x00004bdd   Thumb Code     2  __printf.o(i.__ARM_common_call_via_r1)
    __ARM_common_call_via_r2                 0x00004bdf   Thumb Code     2  __printf.o(i.__ARM_common_call_via_r2)
    Inline Thumb to ARM Veneer to __ARM_fpclassify 0x00004be1   Thumb Code     4  fpclassify.o(i.__ARM_fpclassify)
    __ARM_fpclassify                         0x00004be4   ARM Code      44  fpclassify.o(i.__ARM_fpclassify)
    Inline Thumb to ARM Veneer to _get_lc_numeric 0x00004c15   Thumb Code     4  lc_numeric_c.o(locale$$code)
    _get_lc_numeric                          0x00004c18   ARM Code      80  lc_numeric_c.o(locale$$code)
    __fpl_fcmp_InfNaN                        0x00004c68   ARM Code     100  fcmpin.o(x$fpl$dcmpinfnan)
    __fpl_inf_fcmp                           0x00004c7c   ARM Code       0  fcmpin.o(x$fpl$dcmpinfnan)
    __aeabi_i2d                              0x00004ccc   ARM Code       0  dflt_noclz.o(x$fpl$dflt)
    _dflt                                    0x00004ccc   ARM Code      88  dflt_noclz.o(x$fpl$dflt)
    __dflt_normalise                         0x00004cdc   ARM Code       0  dflt_noclz.o(x$fpl$dflt)
    __aeabi_f2d                              0x00004d24   ARM Code       0  f2d.o(x$fpl$f2d)
    _f2d                                     0x00004d24   ARM Code      96  f2d.o(x$fpl$f2d)
    __fpl_inf_f2d                            0x00004d78   ARM Code       0  f2d.o(x$fpl$f2d)
    __fpl_fcheck_NaN2                        0x00004d88   ARM Code       8  fcheck.o(x$fpl$fcheck)
    __fpl_fcheck_NaN1                        0x00004d94   ARM Code       8  fcheck1.o(x$fpl$fcheck1)
    __aeabi_fdiv                             0x00004da0   ARM Code       0  fdiv.o(x$fpl$fdiv)
    _fdiv                                    0x00004da0   ARM Code     476  fdiv.o(x$fpl$fdiv)
    __fpl_inf_fdiv                           0x00004f3c   ARM Code       0  fdiv.o(x$fpl$fdiv)
    __aeabi_i2f                              0x00004f84   ARM Code       0  fflt_noclz.o(x$fpl$fflt)
    _fflt                                    0x00004f84   ARM Code      92  fflt_noclz.o(x$fpl$fflt)
    __fflt_normalise                         0x00004f90   ARM Code       0  fflt_noclz.o(x$fpl$fflt)
    __aeabi_ui2f                             0x00004fe0   ARM Code       0  fflt_noclz.o(x$fpl$ffltu)
    _ffltu                                   0x00004fe0   ARM Code       8  fflt_noclz.o(x$fpl$ffltu)
    __fpl_normalise2                         0x00004fe8   ARM Code     148  fnorm2_noclz.o(x$fpl$fnorm2)
    Inline Thumb to ARM Veneer to _fp_init   0x0000507d   Thumb Code     4  fpinit.o(x$fpl$fpinit)
    __fplib_config_pureend_doubles           0x00005080   ARM Code       0  fpinit.o(x$fpl$fpinit)
    _fp_init                                 0x00005080   ARM Code       4  fpinit.o(x$fpl$fpinit)
    __aeabi_cfrcmple                         0x00005084   ARM Code       0  frleqf.o(x$fpl$frleqf)
    _frcmple                                 0x00005084   ARM Code     128  frleqf.o(x$fpl$frleqf)
    __funder                                 0x00005108   ARM Code     144  funder.o(x$fpl$funder)
    __funder_d                               0x00005198   ARM Code       4  funder.o(x$fpl$funder)
    Inline Thumb to ARM Veneer to __ieee_status 0x0000519d   Thumb Code     4  istatus.o(x$fpl$ieeestatus)
    __ieee_status                            0x000051a0   ARM Code       8  istatus.o(x$fpl$ieeestatus)
    _printf_fp_dec                           0x000051a8   ARM Code       4  printf1.o(x$fpl$printf1)
    __fpl_return_NaN                         0x000051ac   ARM Code     116  retnan.o(x$fpl$retnan)
    __fpl_cmpreturn                          0x00005220   ARM Code      60  trapv.o(x$fpl$trapveneer)
    __I$use$fp                               0x0000525c   ARM Code       0  usenofp.o(x$fpl$usenofp)
    Region$$Table$$Base                      0x0000532c   Number         0  anon$$obj.o(Region$$Table)
    Region$$Table$$Limit                     0x0000534c   Number         0  anon$$obj.o(Region$$Table)
    SD_version                               0x40000000   Data           1  sd.o(.data)
    cardType                                 0x40000001   Data           1  sd.o(.data)
    SDHC_flag                                0x40000002   Data           1  sd.o(.data)
    bytesPerSec                              0x40000004   Data           2  fat.o(.data)
    sectorsPerCluster                        0x40000006   Data           1  fat.o(.data)
    sectorsPerFAT                            0x40000008   Data           4  fat.o(.data)
    rootDirCluster                           0x4000000c   Data           4  fat.o(.data)
    FATTableSec                              0x40000010   Data           4  fat.o(.data)
    firstDataSector                          0x40000014   Data           4  fat.o(.data)
    fsize                                    0x40000018   Data           4  fat.o(.data)
    FATType                                  0x4000001c   Data           1  fat.o(.data)
    sd_buf                                   0x40000020   Data         512  sd.o(.bss)
    buf                                      0x40000220   Data          32  main2.o(.bss)
    __libspace_start                         0x40000240   Data          96  libspace.o(.bss)
    __temporary_stack_top$libspace           0x400002a0   Data           0  libspace.o(.bss)



==============================================================================

Memory Map of the image

  Image Entry point : 0x00000114

  Load Region LR_IROM1 (Base: 0x00000000, Size: 0x00005388, Max: 0x00080000, ABSOLUTE)

    Execution Region ER_IROM1 (Base: 0x00000000, Size: 0x00005368, Max: 0x00080000, ABSOLUTE)

    Base Addr    Size         Type   Attr      Idx    E Section Name        Object

    0x00000000   0x00000114   Code   RO           85    RESET               startup.o
    0x00000114   0x00000008   Code   RO          268  * !!!main             __main.o(c_t.l)
    0x0000011c   0x0000003c   Code   RO          524    !!!scatter          __scatter.o(c_t.l)
    0x00000158   0x00000028   Code   RO          526    !!handler_copy      __scatter_copy.o(c_t.l)
    0x00000180   0x0000002c   Code   RO          528    !!handler_zi        __scatter_zi.o(c_t.l)
    0x000001ac   0x00000004   Ven    RO          241    .ARM.Collect$$_printf_percent$$00000000  _printf_percent.o(c_t.l)
    0x000001b0   0x00000000   Code   RO          241    .ARM.Collect$$_printf_percent$$00000000  _printf_percent.o(c_t.l)
    0x000001b0   0x00000008   Code   RO          240    .ARM.Collect$$_printf_percent$$00000003  _printf_f.o(c_t.l)
    0x000001b8   0x00000008   Code   RO          239    .ARM.Collect$$_printf_percent$$00000009  _printf_d.o(c_t.l)
    0x000001c0   0x00000008   Code   RO          238    .ARM.Collect$$_printf_percent$$0000000C  _printf_x.o(c_t.l)
    0x000001c8   0x00000008   Code   RO          237    .ARM.Collect$$_printf_percent$$00000013  _printf_c.o(c_t.l)
    0x000001d0   0x00000008   Code   RO          300    .ARM.Collect$$_printf_percent$$00000017  _printf_percent_end.o(c_t.l)
    0x000001d8   0x00000008   Ven    RO          406    .ARM.Collect$$libinit$$00000000  libinit.o(c_t.l)
    0x000001e0   0x00000006   Code   RO          406    .ARM.Collect$$libinit$$00000000  libinit.o(c_t.l)
    0x000001e6   0x00000000   Code   RO          409    .ARM.Collect$$libinit$$00000006  libinit2.o(c_t.l)
    0x000001e6   0x00000000   Code   RO          411    .ARM.Collect$$libinit$$00000008  libinit2.o(c_t.l)
    0x000001e6   0x00000000   Code   RO          413    .ARM.Collect$$libinit$$0000000A  libinit2.o(c_t.l)
    0x000001e6   0x00000006   Code   RO          414    .ARM.Collect$$libinit$$0000000B  libinit2.o(c_t.l)
    0x000001ec   0x00000000   Code   RO          416    .ARM.Collect$$libinit$$0000000D  libinit2.o(c_t.l)
    0x000001ec   0x00000000   Code   RO          418    .ARM.Collect$$libinit$$0000000F  libinit2.o(c_t.l)
    0x000001ec   0x00000000   Code   RO          420    .ARM.Collect$$libinit$$00000011  libinit2.o(c_t.l)
    0x000001ec   0x0000000a   Code   RO          421    .ARM.Collect$$libinit$$00000012  libinit2.o(c_t.l)
    0x000001f6   0x00000000   Code   RO          422    .ARM.Collect$$libinit$$00000013  libinit2.o(c_t.l)
    0x000001f6   0x00000000   Code   RO          424    .ARM.Collect$$libinit$$00000015  libinit2.o(c_t.l)
    0x000001f6   0x00000000   Code   RO          426    .ARM.Collect$$libinit$$00000017  libinit2.o(c_t.l)
    0x000001f6   0x00000000   Code   RO          428    .ARM.Collect$$libinit$$00000019  libinit2.o(c_t.l)
    0x000001f6   0x00000000   Code   RO          430    .ARM.Collect$$libinit$$0000001B  libinit2.o(c_t.l)
    0x000001f6   0x00000000   Code   RO          432    .ARM.Collect$$libinit$$0000001D  libinit2.o(c_t.l)
    0x000001f6   0x00000000   Code   RO          434    .ARM.Collect$$libinit$$0000001F  libinit2.o(c_t.l)
    0x000001f6   0x00000000   Code   RO          436    .ARM.Collect$$libinit$$00000021  libinit2.o(c_t.l)
    0x000001f6   0x00000000   Code   RO          440    .ARM.Collect$$libinit$$00000028  libinit2.o(c_t.l)
    0x000001f6   0x00000000   Code   RO          442    .ARM.Collect$$libinit$$0000002A  libinit2.o(c_t.l)
    0x000001f6   0x00000000   Code   RO          444    .ARM.Collect$$libinit$$0000002C  libinit2.o(c_t.l)
    0x000001f6   0x00000000   Code   RO          446    .ARM.Collect$$libinit$$0000002E  libinit2.o(c_t.l)
    0x000001f6   0x0000000c   Code   RO          447    .ARM.Collect$$libinit$$0000002F  libinit2.o(c_t.l)
    0x00000202   0x00000002   PAD
    0x00000204   0x00000008   Ven    RO          490    .ARM.Collect$$libshutdown$$00000000  libshutdown.o(c_t.l)
    0x0000020c   0x00000004   Code   RO          490    .ARM.Collect$$libshutdown$$00000000  libshutdown.o(c_t.l)
    0x00000210   0x00000000   Code   RO          509    .ARM.Collect$$libshutdown$$00000003  libshutdown2.o(c_t.l)
    0x00000210   0x00000000   Code   RO          512    .ARM.Collect$$libshutdown$$00000006  libshutdown2.o(c_t.l)
    0x00000210   0x00000000   Code   RO          515    .ARM.Collect$$libshutdown$$00000009  libshutdown2.o(c_t.l)
    0x00000210   0x00000000   Code   RO          517    .ARM.Collect$$libshutdown$$0000000B  libshutdown2.o(c_t.l)
    0x00000210   0x00000000   Code   RO          520    .ARM.Collect$$libshutdown$$0000000E  libshutdown2.o(c_t.l)
    0x00000210   0x00000006   Code   RO          521    .ARM.Collect$$libshutdown$$0000000F  libshutdown2.o(c_t.l)
    0x00000216   0x00000002   PAD
    0x00000218   0x00000000   Code   RO          284    .ARM.Collect$$rtentry$$00000000  rtentry.o(c_t.l)
    0x00000218   0x00000000   Code   RO          319    .ARM.Collect$$rtentry$$00000002  rtentry2.o(c_t.l)
    0x00000218   0x00000008   Code   RO          334    .ARM.Collect$$rtentry$$00000004  rtentry4.o(c_t.l)
    0x00000220   0x00000000   Code   RO          321    .ARM.Collect$$rtentry$$00000009  rtentry2.o(c_t.l)
    0x00000220   0x00000004   Code   RO          322    .ARM.Collect$$rtentry$$0000000A  rtentry2.o(c_t.l)
    0x00000224   0x00000000   Code   RO          324    .ARM.Collect$$rtentry$$0000000C  rtentry2.o(c_t.l)
    0x00000224   0x00000028   Code   RO          325    .ARM.Collect$$rtentry$$0000000D  rtentry2.o(c_t.l)
    0x0000024c   0x00000004   Ven    RO          448    .ARM.Collect$$rtexit$$00000000  rtexit.o(c_t.l)
    0x00000250   0x00000000   Code   RO          448    .ARM.Collect$$rtexit$$00000000  rtexit.o(c_t.l)
    0x00000250   0x00000000   Code   RO          461    .ARM.Collect$$rtexit$$00000002  rtexit2.o(c_t.l)
    0x00000250   0x00000004   Code   RO          462    .ARM.Collect$$rtexit$$00000003  rtexit2.o(c_t.l)
    0x00000254   0x00000004   Code   RO          463    .ARM.Collect$$rtexit$$00000004  rtexit2.o(c_t.l)
    0x00000258   0x00000008   Code   RO            1    .text               retarget.o
    0x00000260   0x00000ba8   Code   RO           18    .text               sd.o
    0x00000e08   0x000001b4   Code   RO           62    .text               ssp.o
    0x00000fbc   0x00000020   Code   RO           86    .text               startup.o
    0x00000fdc   0x0000021c   Code   RO           92    .text               serial.o
    0x000011f8   0x00001dc8   Code   RO          104    .text               fat.o
    0x00002fc0   0x00000134   Code   RO          136    .text               adc.o
    0x000030f4   0x00000458   Code   RO          152    .text               main2.o
    0x0000354c   0x00000004   Code   RO          180    .text               use_no_semi.o(c_t.l)
    0x00003550   0x00000008   Ven    RO          184    .text               noretval__2sprintf.o(c_t.l)
    0x00003558   0x00000028   Code   RO          184    .text               noretval__2sprintf.o(c_t.l)
    0x00003580   0x00000054   Code   RO          192    .text               _printf_pad.o(c_t.l)
    0x000035d4   0x00000058   Code   RO          194    .text               _printf_str.o(c_t.l)
    0x0000362c   0x00000008   Ven    RO          196    .text               _printf_dec.o(c_t.l)
    0x00003634   0x00000070   Code   RO          196    .text               _printf_dec.o(c_t.l)
    0x000036a4   0x00000008   Ven    RO          201    .text               _printf_hex_int.o(c_t.l)
    0x000036ac   0x0000005c   Code   RO          201    .text               _printf_hex_int.o(c_t.l)
    0x00003708   0x00000150   Code   RO          229    .text               __printf_flags_wp.o(c_t.l)
    0x00003858   0x00000008   Ven    RO          242    .text               strcspn.o(c_t.l)
    0x00003860   0x00000024   Code   RO          242    .text               strcspn.o(c_t.l)
    0x00003884   0x00000008   Ven    RO          244    .text               strncmp.o(c_t.l)
    0x0000388c   0x00000098   Code   RO          244    .text               strncmp.o(c_t.l)
    0x00003924   0x00000008   Ven    RO          246    .text               strlen.o(c_t.l)
    0x0000392c   0x00000044   Code   RO          246    .text               strlen.o(c_t.l)
    0x00003970   0x000000a0   Code   RO          248    .text               strcmp.o(c_t.l)
    0x00003a10   0x00000004   Ven    RO          250    .text               aeabi_sdiv.o(c_t.l)
    0x00003a14   0x00000180   Code   RO          250    .text               aeabi_sdiv.o(c_t.l)
    0x00003b94   0x00000006   Code   RO          266    .text               heapauxi.o(c_t.l)
    0x00003b9a   0x000000b6   Code   RO          290    .text               _printf_intcommon.o(c_t.l)
    0x00003c50   0x00000458   Code   RO          292    .text               _printf_fp_dec.o(c_t.l)
    0x000040a8   0x00000034   Code   RO          294    .text               _printf_char_common.o(c_t.l)
    0x000040dc   0x0000000a   Code   RO          296    .text               _sputc.o(c_t.l)
    0x000040e6   0x00000002   PAD
    0x000040e8   0x00000008   Ven    RO          298    .text               _printf_char.o(c_t.l)
    0x000040f0   0x00000032   Code   RO          298    .text               _printf_char.o(c_t.l)
    0x00004122   0x00000002   PAD
    0x00004124   0x00000004   Ven    RO          301    .text               rtudiv10.o(c_t.l)
    0x00004128   0x0000002c   Code   RO          301    .text               rtudiv10.o(c_t.l)
    0x00004154   0x00000004   Ven    RO          341    .text               rt_locale_intlibspace.o(c_t.l)
    0x00004158   0x00000010   Code   RO          341    .text               rt_locale_intlibspace.o(c_t.l)
    0x00004168   0x00000004   Ven    RO          343    .text               lludiv10.o(c_t.l)
    0x0000416c   0x000000a0   Code   RO          343    .text               lludiv10.o(c_t.l)
    0x0000420c   0x0000008c   Code   RO          345    .text               _printf_fp_infnan.o(c_t.l)
    0x00004298   0x000000c8   Code   RO          353    .text               bigflt0.o(c_t.l)
    0x00004360   0x0000000c   Code   RO          389    .text               libspace.o(c_t.l)
    0x0000436c   0x00000060   Code   RO          392    .text               sys_stackheap_outer.o(c_t.l)
    0x000043cc   0x0000000c   Code   RO          394    .text               exit.o(c_t.l)
    0x000043d8   0x00000004   Ven    RO          356    CL$$btod_d2e        btod.o(c_t.l)
    0x000043dc   0x00000038   Code   RO          356    CL$$btod_d2e        btod.o(c_t.l)
    0x00004414   0x00000054   Code   RO          358    CL$$btod_d2e_denorm_low  btod.o(c_t.l)
    0x00004468   0x00000068   Code   RO          357    CL$$btod_d2e_norm_op1  btod.o(c_t.l)
    0x000044d0   0x0000034c   Code   RO          366    CL$$btod_div_common  btod.o(c_t.l)
    0x0000481c   0x000000dc   Code   RO          363    CL$$btod_e2e        btod.o(c_t.l)
    0x000048f8   0x00000004   Ven    RO          360    CL$$btod_ediv       btod.o(c_t.l)
    0x000048fc   0x00000034   Code   RO          360    CL$$btod_ediv       btod.o(c_t.l)
    0x00004930   0x00000004   Ven    RO          359    CL$$btod_emul       btod.o(c_t.l)
    0x00004934   0x00000034   Code   RO          359    CL$$btod_emul       btod.o(c_t.l)
    0x00004968   0x00000268   Code   RO          365    CL$$btod_mult_common  btod.o(c_t.l)
    0x00004bd0   0x0000000c   Ven    RO          552    Veneer$$Code        anon$$obj.o
    0x00004bdc   0x00000002   Code   RO          190    i.__ARM_common_call_via_r1  __printf.o(c_t.l)
    0x00004bde   0x00000002   Code   RO          188    i.__ARM_common_call_via_r2  __printf.o(c_t.l)
    0x00004be0   0x00000004   Ven    RO          387    i.__ARM_fpclassify  fpclassify.o(m_ts.l)
    0x00004be4   0x00000030   Code   RO          387    i.__ARM_fpclassify  fpclassify.o(m_ts.l)
    0x00004c14   0x00000004   Ven    RO          379    locale$$code        lc_numeric_c.o(c_t.l)
    0x00004c18   0x00000050   Code   RO          379    locale$$code        lc_numeric_c.o(c_t.l)
    0x00004c68   0x00000064   Code   RO          311    x$fpl$dcmpinfnan    fcmpin.o(fz_ts.l)
    0x00004ccc   0x00000058   Code   RO          304    x$fpl$dflt          dflt_noclz.o(fz_ts.l)
    0x00004d24   0x00000064   Code   RO          270    x$fpl$f2d           f2d.o(fz_ts.l)
    0x00004d88   0x0000000c   Code   RO          307    x$fpl$fcheck        fcheck.o(fz_ts.l)
    0x00004d94   0x0000000c   Code   RO          309    x$fpl$fcheck1       fcheck1.o(fz_ts.l)
    0x00004da0   0x000001e4   Code   RO          273    x$fpl$fdiv          fdiv.o(fz_ts.l)
    0x00004f84   0x0000005c   Code   RO          277    x$fpl$fflt          fflt_noclz.o(fz_ts.l)
    0x00004fe0   0x00000008   Code   RO          276    x$fpl$ffltu         fflt_noclz.o(fz_ts.l)
    0x00004fe8   0x00000094   Code   RO          313    x$fpl$fnorm2        fnorm2_noclz.o(fz_ts.l)
    0x0000507c   0x00000004   Ven    RO          458    x$fpl$fpinit        fpinit.o(fz_ts.l)
    0x00005080   0x00000004   Code   RO          458    x$fpl$fpinit        fpinit.o(fz_ts.l)
    0x00005084   0x00000084   Code   RO          280    x$fpl$frleqf        frleqf.o(fz_ts.l)
    0x00005108   0x00000094   Code   RO          315    x$fpl$funder        funder.o(fz_ts.l)
    0x0000519c   0x00000004   Ven    RO          381    x$fpl$ieeestatus    istatus.o(fz_ts.l)
    0x000051a0   0x00000008   Code   RO          381    x$fpl$ieeestatus    istatus.o(fz_ts.l)
    0x000051a8   0x00000004   Code   RO          282    x$fpl$printf1       printf1.o(fz_ts.l)
    0x000051ac   0x00000074   Code   RO          383    x$fpl$retnan        retnan.o(fz_ts.l)
    0x00005220   0x0000003c   Code   RO          385    x$fpl$trapveneer    trapv.o(fz_ts.l)
    0x0000525c   0x00000000   Code   RO          317    x$fpl$usenofp       usenofp.o(fz_ts.l)
    0x0000525c   0x00000028   Data   RO          202    .constdata          _printf_hex_int.o(c_t.l)
    0x00005284   0x00000011   Data   RO          230    .constdata          __printf_flags_wp.o(c_t.l)
    0x00005295   0x00000003   PAD
    0x00005298   0x00000094   Data   RO          354    .constdata          bigflt0.o(c_t.l)
    0x0000532c   0x00000020   Data   RO          522    Region$$Table       anon$$obj.o
    0x0000534c   0x0000001c   Data   RO          378    locale$$data        lc_numeric_c.o(c_t.l)


    Execution Region RW_IRAM1 (Base: 0x40000000, Size: 0x00000b28, Max: 0x00008000, ABSOLUTE)

    Base Addr    Size         Type   Attr      Idx    E Section Name        Object

    0x40000000   0x00000003   Data   RW           20    .data               sd.o
    0x40000003   0x00000001   PAD
    0x40000004   0x00000019   Data   RW          105    .data               fat.o
    0x4000001d   0x00000003   PAD
    0x40000020   0x00000200   Zero   RW           19    .bss                sd.o
    0x40000220   0x00000020   Zero   RW          153    .bss                main2.o
    0x40000240   0x00000060   Zero   RW          390    .bss                libspace.o(c_t.l)
    0x400002a0   0x00000000   Zero   RW           84    HEAP                startup.o
    0x400002a0   0x00000888   Zero   RW           83    STACK               startup.o


==============================================================================

Image component sizes


      Code (inc. data)   RO Data    RW Data    ZI Data      Debug   Object Name

       308         16          0          0          0        947   adc.o
      7624        196          0         25          0      17251   fat.o
      1112        376          0          0         32       2651   main2.o
         8          0          0          0          0       1860   retarget.o
      2984        300          0          3        512       6575   sd.o
       540         24          0          0          0       2110   serial.o
       436         16          0          0          0       2102   ssp.o
       308         60          0          0       2184        528   startup.o

    ----------------------------------------------------------------------
     13332        992         32         32       2728      34024   Object Totals
        12          4         32          0          0          0   (incl. Generated)
         0          0          0          4          0          0   (incl. Padding)

    ----------------------------------------------------------------------

      Code (inc. data)   RO Data    RW Data    ZI Data      Debug   Library Member Name

         8          0          0          0          0         68   __main.o
         4          0          0          0          0        120   __printf.o
       336          4         17          0          0         88   __printf_flags_wp.o
        60          8          0          0          0          0   __scatter.o
        40          0          0          0          0          0   __scatter_copy.o
        44          0          0          0          0          0   __scatter_zi.o
         8          0          0          0          0          0   _printf_c.o
        58          0          0          0          0        108   _printf_char.o
        52          4          0          0          0        100   _printf_char_common.o
         8          0          0          0          0          0   _printf_d.o
       120         18          0          0          0         84   _printf_dec.o
         8          0          0          0          0          0   _printf_f.o
      1112         12          0          0          0        192   _printf_fp_dec.o
       140         18          0          0          0         84   _printf_fp_infnan.o
       100          4         40          0          0         84   _printf_hex_int.o
       182          0          0          0          0         92   _printf_intcommon.o
        84          0          0          0          0        108   _printf_pad.o
         4          0          0          0          0          0   _printf_percent.o
         8          0          0          0          0          0   _printf_percent_end.o
        88          0          0          0          0         84   _printf_str.o
         8          0          0          0          0          0   _printf_x.o
        10          0          0          0          0         60   _sputc.o
       388          0          0          0          0         80   aeabi_sdiv.o
       200          4        148          0          0         92   bigflt0.o
      2040        128          0          0          0        680   btod.o
        88          0          0          0          0         68   dflt_noclz.o
        12          0          0          0          0         60   exit.o
       100          4          0          0          0         68   f2d.o
        12          4          0          0          0         68   fcheck.o
        12          4          0          0          0         68   fcheck1.o
       100          0          0          0          0         68   fcmpin.o
       484         76          0          0          0         76   fdiv.o
       100          0          0          0          0        136   fflt_noclz.o
       148          0          0          0          0         68   fnorm2_noclz.o
        52          4          0          0          0         68   fpclassify.o
         8          0          0          0          0         68   fpinit.o
       132          4          0          0          0         68   frleqf.o
       148          0          0          0          0         84   funder.o
         6          0          0          0          0        132   heapauxi.o
        12          0          0          0          0         68   istatus.o
        84          8         28          0          0         92   lc_numeric_c.o
        14          0          0          0          0          0   libinit.o
        28          0          0          0          0          0   libinit2.o
        12          0          0          0          0          0   libshutdown.o
         6          0          0          0          0          0   libshutdown2.o
        12          4          0          0         96         68   libspace.o
       164          0          0          0          0         92   lludiv10.o
        48          4          0          0          0         84   noretval__2sprintf.o
         4          0          0          0          0         68   printf1.o
       116          0          0          0          0         68   retnan.o
        20          4          0          0          0         68   rt_locale_intlibspace.o
         0          0          0          0          0          0   rtentry.o
        44          4          0          0          0          0   rtentry2.o
         8          0          0          0          0          0   rtentry4.o
         4          0          0          0          0          0   rtexit.o
         8          0          0          0          0          0   rtexit2.o
        48          0          0          0          0         68   rtudiv10.o
       160          4          0          0          0         76   strcmp.o
        44          0          0          0          0         76   strcspn.o
        76          4          0          0          0         76   strlen.o
       160          6          0          0          0         80   strncmp.o
        96          0          0          0          0         80   sys_stackheap_outer.o
        60          0          0          0          0         68   trapv.o
         4          0          0          0          0         68   use_no_semi.o
         0          0          0          0          0          0   usenofp.o

    ----------------------------------------------------------------------
      7752        334        236          0         96       4424   Library Totals
         8          0          3          0          0          0   (incl. Padding)

    ----------------------------------------------------------------------

      Code (inc. data)   RO Data    RW Data    ZI Data      Debug   Library Name

      6168        238        233          0         96       3244   c_t.l
      1524         92          0          0          0       1112   fz_ts.l
        52          4          0          0          0         68   m_ts.l

    ----------------------------------------------------------------------
      7752        334        236          0         96       4424   Library Totals

    ----------------------------------------------------------------------

==============================================================================


      Code (inc. data)   RO Data    RW Data    ZI Data      Debug   

     21084       1326        268         32       2824      35408   Grand Totals
     21084       1326        268         32       2824      35408   ELF Image Totals
     21084       1326        268         32          0          0   ROM Totals

==============================================================================

    Total RO  Size (Code + RO Data)                21352 (  20.85kB)
    Total RW  Size (RW Data + ZI Data)              2856 (   2.79kB)
    Total ROM Size (Code + RO Data + RW Data)      21384 (  20.88kB)

==============================================================================

