<html>
<body>
<pre>
<h1>µVision Build Log</h1>
<h2>Project:</h2>
F:\Passport\4_SW-Latest\Embedded_SW\ARM\2012_Bhavin_Solar_logger_fat32_3channel\sd_Card.uvproj
Project File Date:  <unknown>

<h2>Output:</h2>
Build target 'Target 1'
compiling Retarget.c...
compiling sd.c...
compiling ssp.c...
assembling Startup.s...
compiling Serial.c...
compiling FAT.c...
compiling adc.c...
compiling main2.c...
linking...
Program Size: Code=21084 RO-data=268 RW-data=32 ZI-data=2824  
FromELF: creating hex file...
"sd_Card.axf" - 0 Error(s), 0 Warning(s).
