<html>
<body>
<pre>
<h1>µVision Build Log</h1>
<h2>Tool Versions:</h2>
IDE-Version: µVision V5.17.0.0
Copyright (C) 2015 ARM Ltd and ARM Germany GmbH. All rights reserved.
License Information: sp sp, sp, LIC=----
 
Tool Versions:
Toolchain:       MDK-Lite  Version: 5.17
Toolchain Path:  C:\Keil_v5\ARM\ARMCC\Bin
C Compiler:      Armcc.exe V5.06 update 1 (build 61)
Assembler:       Armasm.exe V5.06 update 1 (build 61)
Linker/Locator:  ArmLink.exe V5.06 update 1 (build 61)
Library Manager: ArmAr.exe V5.06 update 1 (build 61)
Hex Converter:   FromElf.exe V5.06 update 1 (build 61)
CPU DLL:         SARM.DLL V5.17
Dialog DLL:      DARMP.DLL V1.51
Target DLL:      UL2ARM.DLL V1.74.7.0
Dialog DLL:      TARMP.DLL V1.51
 
<h2>Project:</h2>
C:\Users\admin\Desktop\22_1_2018_IoT_MSP_ARM7\ADC_WIFI - One_ADC_1_Channel_1_Graph_ORIGINAL\IoT_Pot_Graph_1_channel_1_graph_WiFi_based_LCD\at.uvproj
Project File Date:  01/01/2018

<h2>Output:</h2>
*** Using Compiler 'V5.06 update 1 (build 61)', folder: 'C:\Keil_v5\ARM\ARMCC\Bin'
Rebuild target 'Target 1'
compiling lcd.c...
compiling Serial.c...
assembling Startup.s...
compiling adc.c...
compiling main.c...
main.c(114): warning:  #111-D: statement is unreachable
  return 0;	
main.c(67): warning:  #177-D: variable "val2" was declared but never referenced
  	unsigned short val1,val2;
main.c: 2 warnings, 0 errors
linking...
Program Size: Code=4510 RO-data=162 RW-data=0 ZI-data=1376  
FromELF: creating hex file...
".\at.axf" - 0 Error(s), 2 Warning(s).
Build Time Elapsed:  00:00:01
</pre>
</body>
</html>
