ARM Linker, RVCT3.0 [Build 951] for uVision [Full]

================================================================================

Section Cross References

    main.o(.text) refers to rt_memclr_w.o(.text) for __aeabi_memclr4
    main.o(.text) refers to adc.o(.text) for init_adc0
    main.o(.text) refers to serial.o(.text) for uart0_init
    main.o(.text) refers to dflt_noclz.o(x$fpl$dfltu) for __aeabi_ui2d
    main.o(.text) refers to dmul.o(x$fpl$dmul) for __aeabi_dmul
    main.o(.text) refers to ddiv.o(x$fpl$ddiv) for __aeabi_ddiv
    main.o(.text) refers to cos.o(.text) for cos
    main.o(.text) refers to f2d.o(x$fpl$f2d) for __aeabi_f2d
    main.o(.text) refers to daddsub_noclz.o(x$fpl$dadd) for __aeabi_dadd
    main.o(.text) refers to d2f.o(x$fpl$d2f) for __aeabi_d2f
    main.o(.text) refers to sin.o(.text) for sin
    main.o(.text) refers to fmul.o(x$fpl$fmul) for __aeabi_fmul
    main.o(.text) refers to faddsub_noclz.o(x$fpl$fadd) for __aeabi_fadd
    main.o(.text) refers to sqrt.o(.text) for sqrt
    main.o(.text) refers to dfixu.o(x$fpl$dfixu) for __aeabi_d2uiz
    main.o(.text) refers to __0sprintf.o(.text) for __0sprintf
    main.o(.text) refers to main.o(.bss) for adcc
    main.o(.text) refers (Special) to printf1.o(x$fpl$printf1) for _printf_fp_dec
    main.o(.bss) refers (Special) to printf1.o(x$fpl$printf1) for _printf_fp_dec
    serial.o(.text) refers to aeabi_sdiv.o(.text) for __aeabi_idivmod
    serial.o(.text) refers to __0sprintf.o(.text) for __0sprintf
    serial.o(.text) refers (Special) to _printf_longlong_hex.o(.text) for _printf_longlong_hex
    serial.o(.text) refers (Special) to _printf_pad.o(.text) for _printf_pre_padding
    startup.o(STACK) refers (Special) to stkheap2.o(.text) for __use_two_region_memory
    startup.o(HEAP) refers (Special) to stkheap2.o(.text) for __use_two_region_memory
    startup.o(RESET) refers to startup.o(STACK) for Stack_Top
    startup.o(RESET) refers to __main.o(!!!main) for __main
    startup.o(RESET) refers (Special) to stkheap2.o(.text) for __use_two_region_memory
    startup.o(.text) refers to startup.o(HEAP) for Heap_Mem
    startup.o(.text) refers to startup.o(STACK) for Stack_Mem
    startup.o(.text) refers (Special) to stkheap2.o(.text) for __use_two_region_memory
    _printf_pad.o(.text) refers to callvia.o(.text) for __ARM_call_via_r2
    _printf_longlong_hex.o(.text) refers to _printf_intcommon.o(.text) for _printf_int_common
    _printf_longlong_hex.o(.text) refers to _printf_longlong_hex.o(.constdata) for .constdata
    __0sprintf.o(.text) refers to _printf_char_common.o(.text) for _printf_char_common
    __0sprintf.o(.text) refers to _sputc.o(.text) for _sputc
    aeabi_sdiv.o(.text) refers to aeabi_idiv0.o(.text) for __aeabi_idiv0
    aeabi_sdiv.o(.text_udiv) refers to aeabi_sdiv.o(.text) for __arm_div4
    aeabi_sdiv_div0.o(.text) refers to aeabi_idiv0.o(.text) for __aeabi_idiv0
    aeabi_sdiv_div0.o(.text_udiv) refers to aeabi_sdiv_div0.o(.text) for __arm_div4
    divrt_7tdmi.o(x$divrt) refers to aeabi_idiv0.o(.text) for __aeabi_idiv0
    divrt_7tdmi_div0.o(x$divrt) refers to aeabi_idiv0.o(.text) for __aeabi_idiv0
    stkheap2.o(.text) refers to sys_stackheap_outer.o(.text) for __user_setup_stackheap
    stkheap2.o(.text) refers to rt_stackheap_storage_intlibspace.o(.text) for __rt_stackheap_storage
    __main.o(!!!main) refers to kernel.o(.text) for __rt_entry
    d2f.o(x$fpl$d2f) refers to dcheck1.o(x$fpl$dcheck1) for __fpl_dcheck_NaN1
    d2f.o(x$fpl$d2f) refers (Special) to usenofp.o(x$fpl$usenofp) for __I_use_fp
    d2f.o(x$fpl$d2f) refers (Special) to funder.o(x$fpl$funder) for __funder
    daddsub_noclz.o(x$fpl$dadd) refers to daddsub_noclz.o(x$fpl$dsub) for _dsub1
    daddsub_noclz.o(x$fpl$dadd) refers to dcheck.o(x$fpl$dcheck) for __fpl_dcheck_NaN2
    daddsub_noclz.o(x$fpl$dadd) refers (Special) to usenofp.o(x$fpl$usenofp) for __I_use_fp
    daddsub_noclz.o(x$fpl$dadd) refers (Special) to dunder.o(x$fpl$dunder) for __dunder_d
    daddsub_noclz.o(x$fpl$drsb) refers to daddsub_noclz.o(x$fpl$dadd) for _dadd1
    daddsub_noclz.o(x$fpl$drsb) refers to daddsub_noclz.o(x$fpl$dsub) for _dsub1
    daddsub_noclz.o(x$fpl$drsb) refers (Special) to usenofp.o(x$fpl$usenofp) for __I_use_fp
    daddsub_noclz.o(x$fpl$drsb) refers (Special) to dunder.o(x$fpl$dunder) for __dunder_d
    daddsub_noclz.o(x$fpl$dsub) refers to daddsub_noclz.o(x$fpl$dadd) for _dadd1
    daddsub_noclz.o(x$fpl$dsub) refers to dcheck.o(x$fpl$dcheck) for __fpl_dcheck_NaN2
    daddsub_noclz.o(x$fpl$dsub) refers (Special) to usenofp.o(x$fpl$usenofp) for __I_use_fp
    daddsub_noclz.o(x$fpl$dsub) refers (Special) to dunder.o(x$fpl$dunder) for __dunder_d
    ddiv.o(x$fpl$drdiv) refers to ddiv.o(x$fpl$ddiv) for ddiv_entry
    ddiv.o(x$fpl$drdiv) refers (Special) to usenofp.o(x$fpl$usenofp) for __I_use_fp
    ddiv.o(x$fpl$drdiv) refers (Special) to dunder.o(x$fpl$dunder) for __dunder
    ddiv.o(x$fpl$ddiv) refers to dcheck.o(x$fpl$dcheck) for __fpl_dcheck_NaN2
[...]
    faddsub_noclz.o(x$fpl$frsb) refers (Special) to funder.o(x$fpl$funder) for __funder
    faddsub_noclz.o(x$fpl$fsub) refers to faddsub_noclz.o(x$fpl$fadd) for _fadd1
    faddsub_noclz.o(x$fpl$fsub) refers to fcheck.o(x$fpl$fcheck) for __fpl_fcheck_NaN2
    faddsub_noclz.o(x$fpl$fsub) refers (Special) to usenofp.o(x$fpl$usenofp) for __I_use_fp
    faddsub_noclz.o(x$fpl$fsub) refers (Special) to funder.o(x$fpl$funder) for __funder
    fmul.o(x$fpl$fmul) refers to fcheck.o(x$fpl$fcheck) for __fpl_fcheck_NaN2
    fmul.o(x$fpl$fmul) refers (Special) to usenofp.o(x$fpl$usenofp) for __I_use_fp
    fmul.o(x$fpl$fmul) refers (Special) to funder.o(x$fpl$funder) for __funder
    fmul.o(x$fpl$fmul) refers (Special) to fnorm2_noclz.o(x$fpl$fnorm2) for __fpl_normalise2
    printf1.o(x$fpl$printf1) refers to _printf_fp_dec.o(.text) for _printf_fp_dec_real
    printf1.o(x$fpl$printf1) refers (Special) to usenofp.o(x$fpl$usenofp) for __I_use_fp
    cos.o(.text) refers to cos_i.o(.text) for __kernel_cos
    cos.o(.text) refers to _rserrno.o(.text) for __set_errno
    cos.o(.text) refers to scalbn_noclz.o(x$fpl$scalbn) for scalbn
    cos.o(.text) refers to rred.o(.text) for __ieee754_rem_pio2
    cos.o(.text) refers to sin_i.o(.text) for __kernel_sin
    cos.o(.text) refers (Special) to usenofp.o(x$fpl$usenofp) for __I_use_fp
    sin.o(.text) refers to _rserrno.o(.text) for __set_errno
    sin.o(.text) refers to scalbn_noclz.o(x$fpl$scalbn) for scalbn
    sin.o(.text) refers to rred.o(.text) for __ieee754_rem_pio2
    sin.o(.text) refers to sin_i.o(.text) for __kernel_sin
    sin.o(.text) refers to cos_i.o(.text) for __kernel_cos
    sin.o(.text) refers (Special) to usenofp.o(x$fpl$usenofp) for __I_use_fp
    sqrt.o(.text) refers to dleqf.o(x$fpl$dleqf) for __aeabi_cdcmple
    sqrt.o(.text) refers to _rserrno.o(.text) for __set_errno
    sqrt.o(.text) refers to dsqrt.o(x$fpl$dsqrt) for _dsqrt
    sqrt.o(.text) refers (Special) to usenofp.o(x$fpl$usenofp) for __I_use_fp
    kernel.o(.text) refers to stkheap2.o(.text) for __rt_stackheap_init
    kernel.o(.text) refers to boardinit2.o(.text) for _platform_post_stackheap_init
    kernel.o(.text) refers to lib_init.o(.text) for __rt_lib_init
    kernel.o(.text) refers to boardinit3.o(.text) for _platform_post_lib_init
    kernel.o(.text) refers to exit.o(.text) for exit
    kernel.o(.text) refers to main.o(.text) for main
    kernel.o(.text) refers to sys_exit.o(.text) for _sys_exit
    kernel.o(.ARM.exidx) refers to kernel.o(.text) for __rt_entry
    sys_stackheap_outer.o(.text) refers to libspace.o(.text) for __user_perproc_libspace
    sys_stackheap_outer.o(.text) refers to startup.o(.text) for __user_initial_stackheap
    aeabi_idiv0_sigfpe.o(.text) refers to rt_div0.o(.text) for __rt_div0
    rt_stackheap_storage.o(.text) refers to rt_stackheap_storage.o(.bss) for __rt_stackheap_storage_data
    rt_stackheap_storage_intlibspace.o(.text) refers (Weak) to libspace.o(.bss) for __libspace_start
    rt_stackheap_storage_onelibspace.o(.text) refers (Weak) to libspace.o(.text) for __user_libspace
    rt_stackheap_storage_twolibspace.o(.text) refers (Weak) to libspace.o(.text) for __user_perproc_libspace
    _rserrno.o(.text) refers to rt_errno_addr_intlibspace.o(.text) for __aeabi_errno_addr
    _printf_intcommon.o(.text) refers (Weak) to _printf_pad.o(.text) for _printf_pre_padding
    _printf_intcommon.o(.text) refers to callvia.o(.text) for __ARM_call_via_r2
    _printf_intcommon.o(.text) refers (Weak) to _printf_pad.o(.text) for _printf_pre_padding
    _printf_intcommon.o(.text) refers (Weak) to _printf_pad.o(.text) for _printf_post_padding
    _printf_fp_dec.o(.text) refers to dtoi.o(.text) for __support_dtoi
    _printf_fp_dec.o(.text) refers to istatus.o(x$fpl$ieeestatus) for __ieee_status
    _printf_fp_dec.o(.text) refers to bigflt0.o(.text) for _btod_etento
    _printf_fp_dec.o(.text) refers to btod.o(CL$$btod_d2e) for _btod_d2e
    _printf_fp_dec.o(.text) refers to btod.o(CL$$btod_ediv) for _btod_ediv
    _printf_fp_dec.o(.text) refers to btod.o(CL$$btod_emul) for _btod_emul
    _printf_fp_dec.o(.text) refers to lludiv10.o(.text) for _ll_udiv10
    _printf_fp_dec.o(.text) refers to aeabi_sdiv.o(.text) for __aeabi_idivmod
    _printf_fp_dec.o(.text) refers to rt_locale_intlibspace.o(.text) for __rt_locale
    _printf_fp_dec.o(.text) refers to classify.o(.text) for __mathlib_classify
    _printf_fp_dec.o(.text) refers (Weak) to _printf_pad.o(.text) for _printf_pre_padding
    _printf_fp_dec.o(.text) refers to callvia.o(.text) for __ARM_call_via_r2
    _printf_fp_dec.o(.text) refers (Weak) to _printf_pad.o(.text) for _printf_pre_padding
    _printf_fp_dec.o(.text) refers (Weak) to _printf_pad.o(.text) for _printf_post_padding
    _printf_fp_dec.o(.text) refers (Special) to usenofp.o(x$fpl$usenofp) for __I_use_fp
    _printf_fp_dec.o(.text) refers (Special) to lc_numeric_c.o(.text) for _get_lc_numeric
    _printf_char_common.o(.text) refers to __printf.o(.text) for __printf
    _printf_char_common.o(.text) refers to _printf_outstr_char.o(.text) for _printf_outstr_char
    _printf_char_common.o(.text) refers to _printf_input_char.o(.text) for _printf_input_char
    dcheck.o(x$fpl$dcheck) refers to retnan.o(x$fpl$retnan) for __fpl_return_NaN
    dcheck.o(x$fpl$dcheck) refers (Special) to usenofp.o(x$fpl$usenofp) for __I_use_fp
    dcheck1.o(x$fpl$dcheck1) refers to retnan.o(x$fpl$retnan) for __fpl_return_NaN
    dcheck1.o(x$fpl$dcheck1) refers (Special) to usenofp.o(x$fpl$usenofp) for __I_use_fp
    dsqrt.o(x$fpl$dsqrt) refers to dcheck1.o(x$fpl$dcheck1) for __fpl_dcheck_NaN1
    dsqrt.o(x$fpl$dsqrt) refers (Special) to usenofp.o(x$fpl$usenofp) for __I_use_fp
    dunder.o(x$fpl$dunder) refers (Special) to usenofp.o(x$fpl$usenofp) for __I_use_fp
    fcheck.o(x$fpl$fcheck) refers to retnan.o(x$fpl$retnan) for __fpl_return_NaN
    fcheck.o(x$fpl$fcheck) refers (Special) to usenofp.o(x$fpl$usenofp) for __I_use_fp
    fcheck1.o(x$fpl$fcheck1) refers to retnan.o(x$fpl$retnan) for __fpl_return_NaN
    fcheck1.o(x$fpl$fcheck1) refers (Special) to usenofp.o(x$fpl$usenofp) for __I_use_fp
    fnorm2_noclz.o(x$fpl$fnorm2) refers (Special) to usenofp.o(x$fpl$usenofp) for __I_use_fp
    funder.o(x$fpl$funder) refers (Special) to usenofp.o(x$fpl$usenofp) for __I_use_fp
    dleqf.o(x$fpl$dleqf) refers to dcmpin.o(x$fpl$dcmpinfnan) for __fpl_dcmp_InfNaN
    dleqf.o(x$fpl$dleqf) refers (Special) to usenofp.o(x$fpl$usenofp) for __I_use_fp
    scalbn_noclz.o(x$fpl$scalbn) refers to dcheck1.o(x$fpl$dcheck1) for __fpl_dcheck_NaN1
    scalbn_noclz.o(x$fpl$scalbn) refers (Special) to usenofp.o(x$fpl$usenofp) for __I_use_fp
    cos_i.o(.text) refers to dfix.o(x$fpl$dfix) for __aeabi_d2iz
    cos_i.o(.text) refers to dmul.o(x$fpl$dmul) for __aeabi_dmul
    cos_i.o(.text) refers to poly.o(.text) for __kernel_poly
    cos_i.o(.text) refers to daddsub_noclz.o(x$fpl$dsub) for __aeabi_dsub
    cos_i.o(.text) refers to scalbn_noclz.o(x$fpl$scalbn) for scalbn
    cos_i.o(.text) refers to daddsub_noclz.o(x$fpl$drsb) for __aeabi_drsub
    cos_i.o(.text) refers to cos_i.o(.constdata) for .constdata
    cos_i.o(.text) refers (Special) to usenofp.o(x$fpl$usenofp) for __I_use_fp
    cos_i.o(.constdata) refers (Special) to usenofp.o(x$fpl$usenofp) for __I_use_fp
    rred.o(.text) refers to daddsub_noclz.o(x$fpl$dsub) for __aeabi_dsub
    rred.o(.text) refers to daddsub_noclz.o(x$fpl$dadd) for __aeabi_dadd
    rred.o(.text) refers to dmul.o(x$fpl$dmul) for __aeabi_dmul
    rred.o(.text) refers to dfix.o(x$fpl$dfix) for __aeabi_d2iz
    rred.o(.text) refers to dflt_noclz.o(x$fpl$dflt) for __aeabi_i2d
    rred.o(.text) refers to daddsub_noclz.o(x$fpl$drsb) for __aeabi_drsub
    rred.o(.text) refers to aeabi_sdiv.o(.text_udiv) for __aeabi_uidivmod
    rred.o(.text) refers to rred.o(.constdata) for .constdata
    rred.o(.text) refers to drem.o(x$fpl$drem) for _drem
    rred.o(.text) refers to ddiv.o(x$fpl$ddiv) for __aeabi_ddiv
    rred.o(.text) refers to scalbn_noclz.o(x$fpl$scalbn) for scalbn
    rred.o(.text) refers (Special) to usenofp.o(x$fpl$usenofp) for __I_use_fp
    rred.o(.constdata) refers (Special) to usenofp.o(x$fpl$usenofp) for __I_use_fp
    sin_i.o(.text) refers to dfix.o(x$fpl$dfix) for __aeabi_d2iz
    sin_i.o(.text) refers to dmul.o(x$fpl$dmul) for __aeabi_dmul
    sin_i.o(.text) refers to poly.o(.text) for __kernel_poly
    sin_i.o(.text) refers to daddsub_noclz.o(x$fpl$dadd) for __aeabi_dadd
    sin_i.o(.text) refers to scalbn_noclz.o(x$fpl$scalbn) for scalbn
    sin_i.o(.text) refers to daddsub_noclz.o(x$fpl$dsub) for __aeabi_dsub
    sin_i.o(.text) refers to daddsub_noclz.o(x$fpl$drsb) for __aeabi_drsub
    sin_i.o(.text) refers to sin_i.o(.constdata) for .constdata
    sin_i.o(.text) refers (Special) to usenofp.o(x$fpl$usenofp) for __I_use_fp
    sin_i.o(.constdata) refers (Special) to usenofp.o(x$fpl$usenofp) for __I_use_fp
    sys_exit.o(.text) refers to use_no_semi.o(.text) for __I_use_semihosting
    libspace.o(.text) refers to libspace.o(.bss) for __libspace_start
    rt_div0.o(.text) refers to defsig_fpe_outer.o(.text) for __rt_SIGFPE
    rt_errno_addr.o(.text) refers to rt_errno_addr.o(.bss) for __aeabi_errno_addr_data
    rt_errno_addr_intlibspace.o(.text) refers (Weak) to libspace.o(.bss) for __libspace_start
    rt_errno_addr_onelibspace.o(.text) refers (Weak) to libspace.o(.text) for __user_libspace
    rt_errno_addr_twolibspace.o(.text) refers (Weak) to libspace.o(.text) for __user_perthread_libspace
    rt_locale.o(.text) refers to rt_locale.o(.bss) for __rt_locale_data
    rt_locale_intlibspace.o(.text) refers (Weak) to libspace.o(.bss) for __libspace_start
    rt_locale_onelibspace.o(.text) refers (Weak) to libspace.o(.text) for __user_libspace
    rt_locale_twolibspace.o(.text) refers (Weak) to libspace.o(.text) for __user_perproc_libspace
    bigflt0.o(.text) refers to aeabi_sdiv.o(.text) for __aeabi_idivmod
    bigflt0.o(.text) refers to btod.o(CL$$btod_emul) for _btod_emul
    bigflt0.o(.text) refers to btod.o(CL$$btod_ediv) for _btod_ediv
    bigflt0.o(.text) refers to bigflt0.o(.constdata) for .constdata
    bigflt0.o(.text) refers (Special) to usenofp.o(x$fpl$usenofp) for __I_use_fp
    bigflt0.o(.constdata) refers (Special) to usenofp.o(x$fpl$usenofp) for __I_use_fp
    btod.o(CL$$btod_d2e) refers to btod.o(CL$$btod_d2e_norm_op1) for _d2e_norm_op1
    btod.o(CL$$btod_d2e) refers (Special) to usenofp.o(x$fpl$usenofp) for __I_use_fp
    btod.o(CL$$btod_d2e_norm_op1) refers to btod.o(CL$$btod_d2e_denorm_low) for _d2e_denorm_low
    btod.o(CL$$btod_d2e_norm_op1) refers (Special) to usenofp.o(x$fpl$usenofp) for __I_use_fp
    btod.o(CL$$btod_d2e_denorm_low) refers (Special) to usenofp.o(x$fpl$usenofp) for __I_use_fp
    btod.o(CL$$btod_emul) refers to btod.o(CL$$btod_mult_common) for __btod_mult_common
    btod.o(CL$$btod_emul) refers to btod.o(CL$$btod_e2e) for _e2e
    btod.o(CL$$btod_emul) refers (Special) to usenofp.o(x$fpl$usenofp) for __I_use_fp
    btod.o(CL$$btod_ediv) refers to btod.o(CL$$btod_div_common) for __btod_div_common
    btod.o(CL$$btod_ediv) refers to btod.o(CL$$btod_e2e) for _e2e
    btod.o(CL$$btod_ediv) refers (Special) to usenofp.o(x$fpl$usenofp) for __I_use_fp
    btod.o(CL$$btod_emuld) refers to btod.o(CL$$btod_mult_common) for __btod_mult_common
    btod.o(CL$$btod_emuld) refers to btod.o(CL$$btod_e2d) for _e2d
    btod.o(CL$$btod_emuld) refers (Special) to usenofp.o(x$fpl$usenofp) for __I_use_fp
    btod.o(CL$$btod_edivd) refers to btod.o(CL$$btod_div_common) for __btod_div_common
    btod.o(CL$$btod_edivd) refers to btod.o(CL$$btod_e2d) for _e2d
    btod.o(CL$$btod_edivd) refers (Special) to usenofp.o(x$fpl$usenofp) for __I_use_fp
    btod.o(CL$$btod_e2e) refers (Special) to usenofp.o(x$fpl$usenofp) for __I_use_fp
    btod.o(CL$$btod_e2d) refers to btod.o(CL$$btod_e2e) for _e2e
    btod.o(CL$$btod_e2d) refers (Special) to usenofp.o(x$fpl$usenofp) for __I_use_fp
    btod.o(CL$$btod_mult_common) refers (Special) to usenofp.o(x$fpl$usenofp) for __I_use_fp
    btod.o(CL$$btod_div_common) refers (Special) to usenofp.o(x$fpl$usenofp) for __I_use_fp
    __printf.o(.text) refers to callvia.o(.text) for __ARM_call_via_r1
    __printf.o(.text) refers (Weak) to _printf_longlong_hex.o(.text) for _printf_longlong_hex
    __printf.o(.text) refers (Weak) to printf1.o(x$fpl$printf1) for _printf_fp_dec
    __printf.o(.text) refers to __printf.o(.constdata) for .constdata
    _printf_outstr_char.o(.text) refers to callvia.o(.text) for __ARM_call_via_r2
    lc_numeric_c.o(.text) refers to strcmp.o(.text) for strcmp
    lc_numeric_c.o(.text) refers to lc_numeric_c.o(.constdata) for .constdata
    exit.o(.text) refers to kernel.o(.text) for __rt_exit
    stkheap1.o(.text) refers to sys_stackheap_outer.o(.text) for __user_setup_stackheap
    stkheap1.o(.text) refers to rt_stackheap_storage_intlibspace.o(.text) for __rt_stackheap_storage
    stkheap1sc.o(.text) refers to sys_stackheap_outer.o(.text) for __user_setup_stackheap
    stkheap1sc.o(.text) refers to rt_stackheap_storage_intlibspace.o(.text) for __rt_stackheap_storage
    stkheap1sc.o(.text) refers to stkovf.o(.text) for __stack_overflow
    stkheap1sc.o(.text) refers to kernel.o(.text) for __rt_exit
    stkheap1sc.o(.text) refers to sys_exit.o(.text) for _sys_exit
    stkheap1sc.o(.text) refers to stacklimit.o(.bss) for __stack_limit
    stkheap1scss.o(.text) refers to sys_stackheap_outer.o(.text) for __user_setup_stackheap
    stkheap1scss.o(.text) refers to rt_stackheap_storage_intlibspace.o(.text) for __rt_stackheap_storage
    stkheap1scss.o(.text) refers to stack_cleanup.o(.text) for __user_stack_cleanup_space
    stkheap1scss.o(.text) refers to stkovf.o(.text) for __stack_overflow
    stkheap1scss.o(.text) refers to kernel.o(.text) for __rt_exit
    stkheap1scss.o(.text) refers to sys_exit.o(.text) for _sys_exit
    stkheap1scss.o(.text) refers to stacklimit.o(.bss) for __stack_limit
    stkheap2sc.o(.text) refers to sys_stackheap_outer.o(.text) for __user_setup_stackheap
    stkheap2sc.o(.text) refers to rt_stackheap_storage_intlibspace.o(.text) for __rt_stackheap_storage
    stkheap2sc.o(.text) refers to stkovf.o(.text) for __stack_overflow
    stkheap2sc.o(.text) refers to kernel.o(.text) for __rt_exit
    stkheap2sc.o(.text) refers to sys_exit.o(.text) for _sys_exit
    stkheap2sc.o(.text) refers to stacklimit.o(.bss) for __stack_limit
    stkheap2scss.o(.text) refers to sys_stackheap_outer.o(.text) for __user_setup_stackheap
    stkheap2scss.o(.text) refers to rt_stackheap_storage_intlibspace.o(.text) for __rt_stackheap_storage
    stkheap2scss.o(.text) refers to stack_cleanup.o(.text) for __user_stack_cleanup_space
    stkheap2scss.o(.text) refers to stkovf.o(.text) for __stack_overflow
    stkheap2scss.o(.text) refers to kernel.o(.text) for __rt_exit
    stkheap2scss.o(.text) refers to sys_exit.o(.text) for _sys_exit
    stkheap2scss.o(.text) refers to stacklimit.o(.bss) for __stack_limit
    lib_init.o(.emb_text) refers to no_argv.o(.text) for __ARM_get_argv
    lib_init.o(.text) refers to fpinit.o(x$fpl$fpinit) for _fp_init
    lib_init.o(.text) refers to lib_init.o(.emb_text) for __ARM_argv_veneer
    lib_init.o(.text) refers to rt_locale_intlibspace.o(.text) for __rt_locale
    lib_init.o(.text) refers (Weak) to lc_numeric_c.o(.text) for _get_lc_numeric
    dcmpin.o(x$fpl$dcmpinfnan) refers to dcheck.o(x$fpl$dcheck) for __fpl_dcheck_NaN2
    dcmpin.o(x$fpl$dcmpinfnan) refers to trapv.o(x$fpl$trapveneer) for __fpl_cmpreturn
    dcmpin.o(x$fpl$dcmpinfnan) refers (Special) to usenofp.o(x$fpl$usenofp) for __I_use_fp
    dfix.o(x$fpl$dfix) refers to dcheck1.o(x$fpl$dcheck1) for __fpl_dcheck_NaN1
    dfix.o(x$fpl$dfix) refers (Special) to usenofp.o(x$fpl$usenofp) for __I_use_fp
    dfix.o(x$fpl$dfixr) refers to dcheck1.o(x$fpl$dcheck1) for __fpl_dcheck_NaN1
    dfix.o(x$fpl$dfixr) refers (Special) to usenofp.o(x$fpl$usenofp) for __I_use_fp
    retnan.o(x$fpl$retnan) refers to trapv.o(x$fpl$trapveneer) for __fpl_cmpreturn
    retnan.o(x$fpl$retnan) refers (Special) to usenofp.o(x$fpl$usenofp) for __I_use_fp
    drem.o(x$fpl$drem) refers to dcheck.o(x$fpl$dcheck) for __fpl_dcheck_NaN2
    drem.o(x$fpl$drem) refers (Special) to usenofp.o(x$fpl$usenofp) for __I_use_fp
    drem.o(x$fpl$drem) refers (Special) to dunder.o(x$fpl$dunder) for __dunder_d
    istatus.o(x$fpl$ieeestatus) refers (Special) to usenofp.o(x$fpl$usenofp) for __I_use_fp
    classify.o(.text) refers to fpclassify.o(.text) for __ARM_fpclassify
    classify.o(.text) refers (Special) to usenofp.o(x$fpl$usenofp) for __I_use_fp
    dtoi.o(.text) refers to scalbn_noclz.o(x$fpl$scalbn) for scalbn
    dtoi.o(.text) refers (Special) to usenofp.o(x$fpl$usenofp) for __I_use_fp
    poly.o(.text) refers to dmul.o(x$fpl$dmul) for __aeabi_dmul
    poly.o(.text) refers to daddsub_noclz.o(x$fpl$dadd) for __aeabi_dadd
    poly.o(.text) refers (Special) to usenofp.o(x$fpl$usenofp) for __I_use_fp
    defsig_fpe_outer.o(.text) refers to defsig_fpe_inner.o(.text) for __rt_SIGFPE_inner
    defsig_fpe_outer.o(.text) refers to defsig_exit.o(.text) for __sig_exit
    defsig_fpe_formal.o(.text) refers to rt_raise.o(.text) for __rt_raise
    stkovf.o(.text) refers to defsig_stak_outer.o(.text) for __rt_SIGSTAK
    _get_argv.o(.text) refers to heapext.o(.text) for __heap_extend
    _get_argv.o(.text) refers to defsig_rtmem_outer.o(.text) for __rt_SIGRTMEM
    _get_argv.o(.text) refers to sys_command.o(.text) for _sys_command_string
    _get_argv.o(.text) refers (Special) to hrguard.o(.text) for __heap_region_guard
    trapv.o(x$fpl$trapveneer) refers (Special) to usenofp.o(x$fpl$usenofp) for __I_use_fp
    fpinit.o(x$fpl$fpinit) refers to rt_fp_status_addr_intlibspace.o(.text) for __rt_fp_status_addr
    fpclassify.o(.text) refers (Special) to usenofp.o(x$fpl$usenofp) for __I_use_fp
    sys_command.o(.text) refers (Special) to use_no_semi.o(.text) for __I_use_semihosting
    rt_raise.o(.text) refers to __raise.o(.text) for __raise
    rt_raise.o(.text) refers to sys_exit.o(.text) for _sys_exit
    rt_fp_status_addr.o(.text) refers to rt_fp_status_addr.o(.bss) for __rt_fp_status_addr_data
    rt_fp_status_addr_intlibspace.o(.text) refers (Weak) to libspace.o(.bss) for __libspace_start
    rt_fp_status_addr_onelibspace.o(.text) refers (Weak) to libspace.o(.text) for __user_libspace
    rt_fp_status_addr_twolibspace.o(.text) refers (Weak) to libspace.o(.text) for __user_perthread_libspace
    defsig_exit.o(.text) refers to sys_exit.o(.text) for _sys_exit
    defsig_fpe_inner.o(.text) refers to defsig_general.o(.text) for __default_signal_display
    defsig_rtmem_outer.o(.text) refers to defsig_rtmem_inner.o(.text) for __rt_SIGRTMEM_inner
    defsig_rtmem_outer.o(.text) refers to defsig_exit.o(.text) for __sig_exit
    defsig_rtmem_formal.o(.text) refers to rt_raise.o(.text) for __rt_raise
    defsig_stak_outer.o(.text) refers to defsig_stak_inner.o(.text) for __rt_SIGSTAK_inner
    defsig_stak_outer.o(.text) refers to defsig_exit.o(.text) for __sig_exit
    defsig_stak_formal.o(.text) refers to rt_raise.o(.text) for __rt_raise
    heapext.o(.text) refers to stkheap2.o(.text) for __rt_heap_extend
    __raise.o(.text) refers to defsig.o(CL$$defsig) for __default_signal_handler
    __raise.o(.text) refers to callvia.o(.text) for __ARM_call_via_r2
    defsig_general.o(.text) refers to sys_wrch.o(.text) for _ttywrch
    defsig_rtmem_inner.o(.text) refers to defsig_general.o(.text) for __default_signal_display
    defsig_stak_inner.o(.text) refers to defsig_general.o(.text) for __default_signal_display
    sys_wrch.o(.text) refers (Special) to use_no_semi.o(.text) for __I_use_semihosting
    defsig.o(CL$$defsig) refers (Weak) to defsig_fpe_inner.o(.text) for __rt_SIGFPE_inner
    defsig.o(CL$$defsig) refers (Weak) to defsig_stak_inner.o(.text) for __rt_SIGSTAK_inner
    defsig.o(CL$$defsig) refers (Weak) to defsig_rtmem_inner.o(.text) for __rt_SIGRTMEM_inner


================================================================================

Adding Veneers to the image

    Adding AT veneer (8 bytes, Inline) for call to '__0sprintf' from main.o(.text).
    Adding AT veneer (8 bytes, Inline) for call to '__set_errno' from cos.o(.text).
    Adding AT veneer (8 bytes, Inline) for call to '__rt_lib_init' from kernel.o(.text).
    Adding AT veneer (12 bytes, Long) for call to '__rt_lib_shutdown' from kernel.o(.text).
    Adding TA veneer (4 bytes, Inline) for call to '__aeabi_errno_addr' from _rserrno.o(.text).
    Adding TA veneer (4 bytes, Inline) for call to '__support_dtoi' from _printf_fp_dec.o(.text).
    Adding TA veneer (4 bytes, Inline) for call to '__ieee_status' from _printf_fp_dec.o(.text).
    Adding TA veneer (4 bytes, Inline) for call to '_btod_d2e' from _printf_fp_dec.o(.text).
    Adding TA veneer (4 bytes, Inline) for call to '_btod_ediv' from _printf_fp_dec.o(.text).
    Adding TA veneer (4 bytes, Inline) for call to '_btod_emul' from _printf_fp_dec.o(.text).
    Adding TA veneer (4 bytes, Inline) for call to '_ll_udiv10' from _printf_fp_dec.o(.text).
    Adding TA veneer (4 bytes, Inline) for call to '__aeabi_idivmod' from _printf_fp_dec.o(.text).
    Adding TA veneer (4 bytes, Inline) for call to '__rt_locale' from _printf_fp_dec.o(.text).
    Adding TA veneer (4 bytes, Inline) for call to '__mathlib_classify' from _printf_fp_dec.o(.text).
    Adding TA veneer (4 bytes, Inline) for call to '_printf_fp_dec' from __printf.o(.text).
    Adding TA veneer (4 bytes, Inline) for call to 'strcmp' from lc_numeric_c.o(.text).
    Adding TA veneer (8 bytes, Short) for call to '__rt_exit' from exit.o(.text).
    Adding TA veneer (4 bytes, Inline) for call to '_fp_init' from lib_init.o(.text).
    Adding TA veneer (4 bytes, Inline) for call to '__ARM_argv_veneer' from lib_init.o(.text).
    Adding AT veneer (12 bytes, Long) for call to '_printf_fp_dec_real' from printf1.o(x$fpl$printf1).

20 Veneer(s) (total 112 bytes) added to the image.

================================================================================

Image Symbol Table

    Local Symbols

    Symbol Name                              Value     Ov Type        Size  Object(Section)

    RESET                                    0x00000000   Section      272  startup.o(RESET)
    ../../angel/boardlib.s                   0x00000000   Number         0  boardinit2.o ABSOLUTE
    ../../angel/boardlib.s                   0x00000000   Number         0  cpuinit.o ABSOLUTE
    ../../angel/boardlib.s                   0x00000000   Number         0  boardinit3.o ABSOLUTE
    ../../angel/boardlib.s                   0x00000000   Number         0  boardinit1.o ABSOLUTE
    ../../angel/boardlib.s                   0x00000000   Number         0  boardshut.o ABSOLUTE
    ../../angel/handlers.s                   0x00000000   Number         0  __scatter_zi.o ABSOLUTE
    ../../angel/kernel.s                     0x00000000   Number         0  kernel.o ABSOLUTE
    ../../angel/rt.s                         0x00000000   Number         0  rt_raise.o ABSOLUTE
    ../../angel/rt.s                         0x00000000   Number         0  rt_stackheap_storage_twolibspace.o ABSOLUTE
    ../../angel/rt.s                         0x00000000   Number         0  stack_cleanup.o ABSOLUTE
    ../../angel/rt.s                         0x00000000   Number         0  rt_locale_twolibspace.o ABSOLUTE
    ../../angel/rt.s                         0x00000000   Number         0  rt_fp_status_addr.o ABSOLUTE
    ../../angel/rt.s                         0x00000000   Number         0  rt_stackheap_storage_onelibspace.o ABSOLUTE
    ../../angel/rt.s                         0x00000000   Number         0  rt_stackheap_storage_intlibspace.o ABSOLUTE
    ../../angel/rt.s                         0x00000000   Number         0  rt_fp_status_addr_twolibspace.o ABSOLUTE
    ../../angel/rt.s                         0x00000000   Number         0  rt_stackheap_storage.o ABSOLUTE
    ../../angel/rt.s                         0x00000000   Number         0  aeabi_idiv0_sigfpe.o ABSOLUTE
    ../../angel/rt.s                         0x00000000   Number         0  rt_locale.o ABSOLUTE
    ../../angel/rt.s                         0x00000000   Number         0  aeabi_idiv0.o ABSOLUTE
    ../../angel/rt.s                         0x00000000   Number         0  rt_div0.o ABSOLUTE
    ../../angel/rt.s                         0x00000000   Number         0  rt_locale_onelibspace.o ABSOLUTE
    ../../angel/rt.s                         0x00000000   Number         0  rt_errno_addr.o ABSOLUTE
    ../../angel/rt.s                         0x00000000   Number         0  rt_errno_addr_intlibspace.o ABSOLUTE
    ../../angel/rt.s                         0x00000000   Number         0  rt_errno_addr_onelibspace.o ABSOLUTE
    ../../angel/rt.s                         0x00000000   Number         0  rt_errno_addr_twolibspace.o ABSOLUTE
    ../../angel/rt.s                         0x00000000   Number         0  rt_locale_intlibspace.o ABSOLUTE
    ../../angel/rt.s                         0x00000000   Number         0  rt_fp_status_addr_onelibspace.o ABSOLUTE
    ../../angel/rt.s                         0x00000000   Number         0  rt_fp_status_addr_intlibspace.o ABSOLUTE
    ../../angel/scatter.s                    0x00000000   Number         0  __scatter.o ABSOLUTE
    ../../angel/startup.s                    0x00000000   Number         0  __main.o ABSOLUTE
    ../../angel/sys.s                        0x00000000   Number         0  use_no_semi.o ABSOLUTE
    ../../angel/sys.s                        0x00000000   Number         0  sys_exit.o ABSOLUTE
    ../../angel/sys.s                        0x00000000   Number         0  libspace.o ABSOLUTE
    ../../angel/sys.s                        0x00000000   Number         0  sys_stackheap_outer.o ABSOLUTE
    ../../angel/sysapp.c                     0x00000000   Number         0  sys_wrch.o ABSOLUTE
    ../../angel/sysapp.c                     0x00000000   Number         0  sys_command.o ABSOLUTE
    ../../armsys.c                           0x00000000   Number         0  lib_init.o ABSOLUTE
    ../../armsys.c                           0x00000000   Number         0  no_argv.o ABSOLUTE
    ../../armsys.c                           0x00000000   Number         0  _get_argv.o ABSOLUTE
    ../../armsys.c                           0x00000000   Number         0  lib_init.o ABSOLUTE
    ../../bigflt.c                           0x00000000   Number         0  bigflt0.o ABSOLUTE
    ../../btod.s                             0x00000000   Number         0  btod.o ABSOLUTE
    ../../classify.c                         0x00000000   Number         0  classify.o ABSOLUTE
    ../../cos.c                              0x00000000   Number         0  cos.o ABSOLUTE
    ../../cos_i.c                            0x00000000   Number         0  cos_i.o ABSOLUTE
    ../../d2f.s                              0x00000000   Number         0  d2f.o ABSOLUTE
    ../../daddsub.s                          0x00000000   Number         0  daddsub_noclz.o ABSOLUTE
    ../../dcheck.s                           0x00000000   Number         0  dcheck.o ABSOLUTE
    ../../dcheck1.s                          0x00000000   Number         0  dcheck1.o ABSOLUTE
    ../../dcmpin.s                           0x00000000   Number         0  dcmpin.o ABSOLUTE
    ../../ddiv.s                             0x00000000   Number         0  ddiv.o ABSOLUTE
    ../../dfix.s                             0x00000000   Number         0  dfix.o ABSOLUTE
    ../../dfixu.s                            0x00000000   Number         0  dfixu.o ABSOLUTE
    ../../dflt.s                             0x00000000   Number         0  dflt_noclz.o ABSOLUTE
    ../../division.s                         0x00000000   Number         0  aeabi_sdiv.o ABSOLUTE
    ../../division.s                         0x00000000   Number         0  aeabi_sdiv_div0.o ABSOLUTE
    ../../divrt.s                            0x00000000   Number         0  divrt_7tdmi_div0.o ABSOLUTE
    ../../divrt.s                            0x00000000   Number         0  divrt_7tdmi.o ABSOLUTE
    ../../dleqf.s                            0x00000000   Number         0  dleqf.o ABSOLUTE
    ../../dmul.s                             0x00000000   Number         0  dmul.o ABSOLUTE
    ../../drem.s                             0x00000000   Number         0  drem.o ABSOLUTE
    ../../dsqrt.s                            0x00000000   Number         0  dsqrt.o ABSOLUTE
    ../../dtoi.c                             0x00000000   Number         0  dtoi.o ABSOLUTE
    ../../dunder.s                           0x00000000   Number         0  dunder.o ABSOLUTE
    ../../f2d.s                              0x00000000   Number         0  f2d.o ABSOLUTE
    ../../faddsub.s                          0x00000000   Number         0  faddsub_noclz.o ABSOLUTE
    ../../fcheck.s                           0x00000000   Number         0  fcheck.o ABSOLUTE
    ../../fcheck1.s                          0x00000000   Number         0  fcheck1.o ABSOLUTE
    ../../fenv.c                             0x00000000   Number         0  _rserrno.o ABSOLUTE
    ../../fmul.s                             0x00000000   Number         0  fmul.o ABSOLUTE
    ../../fnorm2.s                           0x00000000   Number         0  fnorm2_noclz.o ABSOLUTE
    ../../fpclassify.c                       0x00000000   Number         0  fpclassify.o ABSOLUTE
    ../../fpinit.s                           0x00000000   Number         0  fpinit.o ABSOLUTE
    ../../funder.s                           0x00000000   Number         0  funder.o ABSOLUTE
    ../../heapalloc.c                        0x00000000   Number         0  hrguard.o ABSOLUTE
    ../../istatus.s                          0x00000000   Number         0  istatus.o ABSOLUTE
    ../../locale.c                           0x00000000   Number         0  lc_numeric_c.o ABSOLUTE
    ../../longlong.s                         0x00000000   Number         0  lludiv10.o ABSOLUTE
    ../../memcpset.s                         0x00000000   Number         0  rt_memclr_w.o ABSOLUTE
    ../../memcpset.s                         0x00000000   Number         0  strcmp.o ABSOLUTE
    ../../poly.c                             0x00000000   Number         0  poly.o ABSOLUTE
    ../../printf.c                           0x00000000   Number         0  _printf_fp_dec.o ABSOLUTE
    ../../printf.c                           0x00000000   Number         0  __0sprintf.o ABSOLUTE
    ../../printf.c                           0x00000000   Number         0  _printf_longlong_hex.o ABSOLUTE
    ../../printf.c                           0x00000000   Number         0  _printf_pad.o ABSOLUTE
    ../../printf.c                           0x00000000   Number         0  _printf_intcommon.o ABSOLUTE
    ../../printf.c                           0x00000000   Number         0  _sputc.o ABSOLUTE
    ../../printf.c                           0x00000000   Number         0  _printf_char_common.o ABSOLUTE
    ../../printf.c                           0x00000000   Number         0  _printf_input_char.o ABSOLUTE
    ../../printf.c                           0x00000000   Number         0  _printf_outstr_char.o ABSOLUTE
    ../../printf.c                           0x00000000   Number         0  __printf.o ABSOLUTE
    ../../printf1.s                          0x00000000   Number         0  printf1.o ABSOLUTE
    ../../retnan.s                           0x00000000   Number         0  retnan.o ABSOLUTE
    ../../rred.c                             0x00000000   Number         0  rred.o ABSOLUTE
    ../../scalbn.s                           0x00000000   Number         0  scalbn_noclz.o ABSOLUTE
    ../../signal.c                           0x00000000   Number         0  defsig_general.o ABSOLUTE
    ../../signal.c                           0x00000000   Number         0  defsig_stak_inner.o ABSOLUTE
    ../../signal.c                           0x00000000   Number         0  defsig_rtmem_inner.o ABSOLUTE
    ../../signal.c                           0x00000000   Number         0  defsig_fpe_inner.o ABSOLUTE
    ../../signal.c                           0x00000000   Number         0  defsig_exit.o ABSOLUTE
    ../../signal.c                           0x00000000   Number         0  defsig_fpe_outer.o ABSOLUTE
    ../../signal.c                           0x00000000   Number         0  defsig_fpe_formal.o ABSOLUTE
    ../../signal.c                           0x00000000   Number         0  __raise.o ABSOLUTE
    ../../signal.c                           0x00000000   Number         0  defsig_rtmem_formal.o ABSOLUTE
    ../../signal.c                           0x00000000   Number         0  defsig_stak_outer.o ABSOLUTE
    ../../signal.c                           0x00000000   Number         0  defsig_rtmem_outer.o ABSOLUTE
    ../../signal.c                           0x00000000   Number         0  defsig_stak_formal.o ABSOLUTE
    ../../signal.s                           0x00000000   Number         0  defsig.o ABSOLUTE
    ../../sin.c                              0x00000000   Number         0  sin.o ABSOLUTE
    ../../sin_i.c                            0x00000000   Number         0  sin_i.o ABSOLUTE
    ../../sqrt.c                             0x00000000   Number         0  sqrt.o ABSOLUTE
    ../../stdlib.c                           0x00000000   Number         0  exit.o ABSOLUTE
    ../../stkheap.s                          0x00000000   Number         0  stacklimit.o ABSOLUTE
    ../../stkheap.s                          0x00000000   Number         0  stkovf.o ABSOLUTE
    ../../stkheap.s                          0x00000000   Number         0  heapext.o ABSOLUTE
    ../../stkheap1.s                         0x00000000   Number         0  stkheap1scss.o ABSOLUTE
    ../../stkheap1.s                         0x00000000   Number         0  stkheap1.o ABSOLUTE
    ../../stkheap1.s                         0x00000000   Number         0  stkheap1sc.o ABSOLUTE
    ../../stkheap2.s                         0x00000000   Number         0  stkheap2scss.o ABSOLUTE
    ../../stkheap2.s                         0x00000000   Number         0  stkheap2sc.o ABSOLUTE
    ../../stkheap2.s                         0x00000000   Number         0  stkheap2.o ABSOLUTE
    ../../trapv.s                            0x00000000   Number         0  trapv.o ABSOLUTE
    ../../unhosted.s                         0x00000000   Number         0  callvia.o ABSOLUTE
    ../../usenofp.s                          0x00000000   Number         0  usenofp.o ABSOLUTE
    Serial.c                                 0x00000000   Number         0  serial.o ABSOLUTE
    Startup.s                                0x00000000   Number         0  startup.o ABSOLUTE
    adc.c                                    0x00000000   Number         0  adc.o ABSOLUTE
    dc.s                                     0x00000000   Number         0  dc.o ABSOLUTE
    main.c                                   0x00000000   Number         0  main.o ABSOLUTE
    Undef_Handler                            0x00000040   ARM Code       4  startup.o(RESET)
    SWI_Handler                              0x00000044   ARM Code       4  startup.o(RESET)
    PAbt_Handler                             0x00000048   ARM Code       4  startup.o(RESET)
    DAbt_Handler                             0x0000004c   ARM Code       4  startup.o(RESET)
    IRQ_Handler                              0x00000050   ARM Code       4  startup.o(RESET)
    FIQ_Handler                              0x00000054   ARM Code       4  startup.o(RESET)
    !!!main                                  0x00000110   Section        8  __main.o(!!!main)
    !!!scatter                               0x00000118   Section       56  __scatter.o(!!!scatter)
    !!handler_zi                             0x00000150   Section       44  __scatter_zi.o(!!handler_zi)
    .emb_text                                0x00000180   Section       16  lib_init.o(.emb_text)
    .text                                    0x00000190   Section      764  main.o(.text)
    .text                                    0x0000048c   Section      532  serial.o(.text)
    .text                                    0x000006a0   Section       32  startup.o(.text)
    .text                                    0x000006c0   Section      228  adc.o(.text)
    .text                                    0x000007a4   Section       84  _printf_pad.o(.text)
    .text                                    0x000007f8   Section      204  _printf_longlong_hex.o(.text)
    .text                                    0x000008cc   Section       44  __0sprintf.o(.text)
    .text                                    0x000008f8   Section       84  rt_memclr_w.o(.text)
    .text                                    0x00000950   Section      364  aeabi_sdiv.o(.text)
    __arm_div8                               0x0000097c   ARM Code       0  aeabi_sdiv.o(.text)
    __arm_div4                               0x000009ac   ARM Code       0  aeabi_sdiv.o(.text)
    __arm_div_large                          0x00000a00   ARM Code       0  aeabi_sdiv.o(.text)
    .text                                    0x00000abc   Section       88  stkheap2.o(.text)
    .text                                    0x00000b14   Section      240  cos.o(.text)
    .text                                    0x00000c04   Section      256  sin.o(.text)
    .text                                    0x00000d04   Section      124  sqrt.o(.text)
    .text                                    0x00000d80   Section      104  kernel.o(.text)
    .text                                    0x00000de8   Section       96  sys_stackheap_outer.o(.text)
    .text                                    0x00000e48   Section        4  aeabi_idiv0.o(.text)
    .text                                    0x00000e4c   Section       16  rt_stackheap_storage_intlibspace.o(.text)
    .text                                    0x00000e64   Section       34  _rserrno.o(.text)
    .text                                    0x00000e86   Section      168  _printf_intcommon.o(.text)
    .text                                    0x00000f30   Section     1606  _printf_fp_dec.o(.text)
    _fp_digits                               0x00000f33   Thumb Code   492  _printf_fp_dec.o(.text)
    _fp_addexp                               0x0000111f   Thumb Code    72  _printf_fp_dec.o(.text)
    .text                                    0x00001578   Section       52  _printf_char_common.o(.text)
    .text                                    0x000015ac   Section       10  _sputc.o(.text)
    .text                                    0x000015b8   Section       16  callvia.o(.text)
    .text                                    0x000015c8   Section      400  cos_i.o(.text)
    .text                                    0x00001758   Section     1200  rred.o(.text)
    .text                                    0x00001c08   Section      376  sin_i.o(.text)
    .text                                    0x00001d80   Section       24  sys_exit.o(.text)
    .text                                    0x00001d98   Section       12  libspace.o(.text)
    .text                                    0x00001da8   Section       16  rt_errno_addr_intlibspace.o(.text)
    .text                                    0x00001dbc   Section       16  rt_locale_intlibspace.o(.text)
    .text                                    0x00001dd0   Section      160  lludiv10.o(.text)
    .text                                    0x00001e70   Section      208  bigflt0.o(.text)
    .text                                    0x00001f40   Section      744  __printf.o(.text)
    .text                                    0x00002228   Section       32  _printf_outstr_char.o(.text)
    .text                                    0x00002248   Section       10  _printf_input_char.o(.text)
    .text                                    0x00002254   Section       48  lc_numeric_c.o(.text)
    .text                                    0x00002284   Section       24  exit.o(.text)
    .text                                    0x000022a4   Section      214  lib_init.o(.text)
    .text                                    0x0000237c   Section       12  boardinit2.o(.text)
    .text                                    0x00002388   Section       16  boardinit3.o(.text)
    .text                                    0x0000239c   Section       56  classify.o(.text)
    .text                                    0x000023d8   Section       96  dtoi.o(.text)
    .text                                    0x00002438   Section      248  poly.o(.text)
    .text                                    0x00002530   Section        4  use_no_semi.o(.text)
    .text                                    0x00002538   Section      160  strcmp.o(.text)
    .text                                    0x000025d8   Section        6  no_argv.o(.text)
    .text                                    0x000025e0   Section       48  fpclassify.o(.text)
    .text                                    0x00002610   Section       16  rt_fp_status_addr_intlibspace.o(.text)
    .text_udiv                               0x00002620   Section       28  aeabi_sdiv.o(.text_udiv)
    CL$$btod_d2e                             0x00002640   Section       56  btod.o(CL$$btod_d2e)
    CL$$btod_d2e_denorm_low                  0x00002678   Section       84  btod.o(CL$$btod_d2e_denorm_low)
    CL$$btod_d2e_norm_op1                    0x000026cc   Section      104  btod.o(CL$$btod_d2e_norm_op1)
    CL$$btod_div_common                      0x00002734   Section      844  btod.o(CL$$btod_div_common)
    CL$$btod_e2e                             0x00002a80   Section      220  btod.o(CL$$btod_e2e)
    CL$$btod_ediv                            0x00002b60   Section       52  btod.o(CL$$btod_ediv)
    CL$$btod_emul                            0x00002b98   Section       52  btod.o(CL$$btod_emul)
    CL$$btod_mult_common                     0x00002bcc   Section      616  btod.o(CL$$btod_mult_common)
    x$fpl$d2f                                0x00002e54   Section      172  d2f.o(x$fpl$d2f)
    x$fpl$dadd                               0x00002f00   Section      468  daddsub_noclz.o(x$fpl$dadd)
    _dadd1                                   0x00002f10   ARM Code       0  daddsub_noclz.o(x$fpl$dadd)
    x$fpl$dcheck                             0x000030d4   Section       16  dcheck.o(x$fpl$dcheck)
    x$fpl$dcheck1                            0x000030e4   Section       16  dcheck1.o(x$fpl$dcheck1)
    x$fpl$dcmpinfnan                         0x000030f4   Section      128  dcmpin.o(x$fpl$dcmpinfnan)
    x$fpl$ddiv                               0x00003174   Section     1216  ddiv.o(x$fpl$ddiv)
    ddiv_entry                               0x00003178   ARM Code       0  ddiv.o(x$fpl$ddiv)
    x$fpl$dfix                               0x00003634   Section      176  dfix.o(x$fpl$dfix)
    x$fpl$dfixu                              0x000036e4   Section      136  dfixu.o(x$fpl$dfixu)
    x$fpl$dflt                               0x0000376c   Section       88  dflt_noclz.o(x$fpl$dflt)
    x$fpl$dfltu                              0x000037c4   Section       12  dflt_noclz.o(x$fpl$dfltu)
    x$fpl$dleqf                              0x000037d0   Section      136  dleqf.o(x$fpl$dleqf)
    x$fpl$dmul                               0x00003858   Section      476  dmul.o(x$fpl$dmul)
    x$fpl$drem                               0x00003a34   Section      508  drem.o(x$fpl$drem)
    x$fpl$drsb                               0x00003c30   Section       24  daddsub_noclz.o(x$fpl$drsb)
    x$fpl$dsqrt                              0x00003c48   Section      392  dsqrt.o(x$fpl$dsqrt)
    x$fpl$dsub                               0x00003dd0   Section      584  daddsub_noclz.o(x$fpl$dsub)
    _dsub1                                   0x00003de0   ARM Code       0  daddsub_noclz.o(x$fpl$dsub)
    x$fpl$dunder                             0x00004018   Section      276  dunder.o(x$fpl$dunder)
    x$fpl$f2d                                0x0000412c   Section      100  f2d.o(x$fpl$f2d)
    x$fpl$fadd                               0x00004190   Section      264  faddsub_noclz.o(x$fpl$fadd)
    _fadd1                                   0x0000419c   ARM Code       0  faddsub_noclz.o(x$fpl$fadd)
    x$fpl$fcheck                             0x00004298   Section       12  fcheck.o(x$fpl$fcheck)
    x$fpl$fcheck1                            0x000042a4   Section       12  fcheck1.o(x$fpl$fcheck1)
    x$fpl$fmul                               0x000042b0   Section      264  fmul.o(x$fpl$fmul)
    x$fpl$fnorm2                             0x000043b8   Section      148  fnorm2_noclz.o(x$fpl$fnorm2)
    x$fpl$fpinit                             0x00004450   Section       24  fpinit.o(x$fpl$fpinit)
    x$fpl$fsub                               0x00004468   Section      360  faddsub_noclz.o(x$fpl$fsub)
    _fsub1                                   0x00004474   ARM Code       0  faddsub_noclz.o(x$fpl$fsub)
    x$fpl$funder                             0x000045d0   Section      144  funder.o(x$fpl$funder)
    x$fpl$ieeestatus                         0x00004664   Section        8  istatus.o(x$fpl$ieeestatus)
    x$fpl$printf1                            0x00004670   Section        4  printf1.o(x$fpl$printf1)
    x$fpl$retnan                             0x00004674   Section      116  retnan.o(x$fpl$retnan)
    x$fpl$scalbn                             0x000046e8   Section      108  scalbn_noclz.o(x$fpl$scalbn)
    x$fpl$trapveneer                         0x00004754   Section       60  trapv.o(x$fpl$trapveneer)
    .constdata                               0x00004790   Section       34  _printf_longlong_hex.o(.constdata)
    x$fpl$usenofp                            0x00004790   Number         0  usenofp.o(x$fpl$usenofp)
    lc_hextab@_printf_longlong_hex_0         0x00004790   Data          17  _printf_longlong_hex.o(.constdata)
    uc_hextab@_printf_longlong_hex_1         0x000047a1   Data          17  _printf_longlong_hex.o(.constdata)
    .constdata                               0x000047b8   Section       48  cos_i.o(.constdata)
    C                                        0x000047b8   Data          48  cos_i.o(.constdata)
    .constdata                               0x000047e8   Section      192  rred.o(.constdata)
    reductions                               0x000047e8   Data         144  rred.o(.constdata)
    pio2s@__ieee754_rem_pio2_1               0x00004878   Data          48  rred.o(.constdata)
    .constdata                               0x000048a8   Section       40  sin_i.o(.constdata)
    S                                        0x000048a8   Data          40  sin_i.o(.constdata)
    .constdata                               0x000048d0   Section      148  bigflt0.o(.constdata)
    tenpwrs_x@_btod_etento_0                 0x000048d0   Data          60  bigflt0.o(.constdata)
    tenpwrs_i@_btod_etento_1                 0x0000490c   Data          64  bigflt0.o(.constdata)
    .constdata                               0x00004964   Section       17  __printf.o(.constdata)
    maptable@__printf_0                      0x00004964   Data          17  __printf.o(.constdata)
    .constdata                               0x00004978   Section       28  lc_numeric_c.o(.constdata)
    __lcnum_c_index                          0x00004978   Data           4  lc_numeric_c.o(.constdata)
    __lcnum_c_lname                          0x0000497c   Data           4  lc_numeric_c.o(.constdata)
    __lcnum_c_pname                          0x00004980   Data           4  lc_numeric_c.o(.constdata)
    __lcnum_c_start                          0x00004984   Data           4  lc_numeric_c.o(.constdata)
    __lcnum_c_tsoff                          0x00004988   Data           4  lc_numeric_c.o(.constdata)
    __lcnum_c_groff                          0x0000498c   Data           4  lc_numeric_c.o(.constdata)
    __lcnum_c_dptxt                          0x00004990   Data           2  lc_numeric_c.o(.constdata)
    __lcnum_c_tstxt                          0x00004992   Data           1  lc_numeric_c.o(.constdata)
    __lcnum_c_grtxt                          0x00004993   Data           1  lc_numeric_c.o(.constdata)
    .bss                                     0x40000000   Section       40  main.o(.bss)
    .bss                                     0x40000028   Section       96  libspace.o(.bss)
    HEAP                                     0x40000088   Number         0  startup.o(HEAP)
    STACK                                    0x40000088   Section     1160  startup.o(STACK)
    Heap_Mem                                 0x40000088   Number         0  startup.o(HEAP)
    Stack_Mem                                0x40000088   Data        1024  startup.o(STACK)
    Stack_Top                                0x40000510   Number         0  startup.o(STACK)

    Global Symbols

    Symbol Name                              Value     Ov Type        Size  Object(Section)

    BuildAttributes$$THUMB_ISAv1$ARM_ISAv4$M$PE$A:L22$X:L11$S22$IEEE1$IW$USESV6$~STKCKD$USESV7$~SHL$OSPACE$EBA8$REQ8$PRES8$EABIv2 0x00000000   Number         0  anon$$obj.o ABSOLUTE
    __ARM_use_no_argv                        0x00000000   Number         0  main.o ABSOLUTE
    __use_stack_checking                     0x00000000   Number         0  stkovf.o ABSOLUTE
    __ARM_exceptions_init                     - Undefined Weak Reference
    __ARM_stackcheck                          - Undefined Weak Reference
    __Heap_DescSize                           - Undefined Weak Reference
    __alloca_initialize                       - Undefined Weak Reference
    __cpp_initialize__aeabi_                  - Undefined Weak Reference
    __cxa_finalize                            - Undefined Weak Reference
    __fpl_infinity                            - Undefined Weak Reference
    __rt_SIGABRT_inner                        - Undefined Weak Reference
    __rt_SIGCPPL_inner                        - Undefined Weak Reference
    __rt_SIGILL_inner                         - Undefined Weak Reference
    __rt_SIGINT_inner                         - Undefined Weak Reference
    __rt_SIGPVFN_inner                        - Undefined Weak Reference
    __rt_SIGRTRED_inner                       - Undefined Weak Reference
    __rt_SIGSEGV_inner                        - Undefined Weak Reference
    __rt_SIGTERM_inner                        - Undefined Weak Reference
    __rt_SIGUSR1_inner                        - Undefined Weak Reference
    __rt_SIGUSR2_inner                        - Undefined Weak Reference
    __rt_sigother_inner                       - Undefined Weak Reference
    __sigvec_lookup                           - Undefined Weak Reference
    __user_heap_extend                        - Undefined Weak Reference
    __user_stack_slop                         - Undefined Weak Reference
    _atexit_init                              - Undefined Weak Reference
    _call_atexit_fns                          - Undefined Weak Reference
    _clock_init                               - Undefined Weak Reference
    _fp_trap_init                             - Undefined Weak Reference
    _get_lc_collate                           - Undefined Weak Reference
    _get_lc_ctype                             - Undefined Weak Reference
    _get_lc_monetary                          - Undefined Weak Reference
    _get_lc_time                              - Undefined Weak Reference
    _getenv_init                              - Undefined Weak Reference
    _handle_redirection                       - Undefined Weak Reference
    _init_alloc                               - Undefined Weak Reference
    _init_user_alloc                          - Undefined Weak Reference
    _initio                                   - Undefined Weak Reference
    _printf_charcount                         - Undefined Weak Reference
    _printf_fp_hex                            - Undefined Weak Reference
    _printf_int_dec                           - Undefined Weak Reference
    _printf_longlong_dec                      - Undefined Weak Reference
    _printf_longlong_oct                      - Undefined Weak Reference
    _printf_mbtowc                            - Undefined Weak Reference
    _printf_str                               - Undefined Weak Reference
    _printf_truncate_unsigned                 - Undefined Weak Reference
    _printf_wc                                - Undefined Weak Reference
    _printf_wctomb                            - Undefined Weak Reference
    _rand_init                                - Undefined Weak Reference
    _signal_init                              - Undefined Weak Reference
    _terminate_user_alloc                     - Undefined Weak Reference
    _terminateio                              - Undefined Weak Reference
    Reset_Handler                            0x00000058   ARM Code       0  startup.o(RESET)
    __main                                   0x00000110   ARM Code       8  __main.o(!!!main)
    __scatterload                            0x00000118   ARM Code       0  __scatter.o(!!!scatter)
    __scatterload_rt2                        0x00000118   ARM Code      48  __scatter.o(!!!scatter)
    __scatterload_null                       0x0000012c   ARM Code       0  __scatter.o(!!!scatter)
    __scatterload_zeroinit                   0x00000150   ARM Code      44  __scatter_zi.o(!!handler_zi)
    Inline Thumb to ARM Veneer to __ARM_argv_veneer 0x0000017d   Thumb Code     0  lib_init.o(.emb_text)
    __ARM_argv_veneer                        0x00000180   ARM Code      16  lib_init.o(.emb_text)
    main                                     0x00000190   ARM Code     764  main.o(.text)
    sendchar                                 0x0000048c   ARM Code      80  serial.o(.text)
    uart0_getkey                             0x000004dc   ARM Code      32  serial.o(.text)
    uart1_getkey                             0x000004fc   ARM Code      32  serial.o(.text)
    uart1_init                               0x0000051c   ARM Code      68  serial.o(.text)
    uart1_putc                               0x00000560   ARM Code      32  serial.o(.text)
    uart1_puts                               0x00000580   ARM Code      40  serial.o(.text)
    uart0_init                               0x000005a8   ARM Code      52  serial.o(.text)
    uart0_putc                               0x000005dc   ARM Code      32  serial.o(.text)
    uart0_puts                               0x000005fc   ARM Code      40  serial.o(.text)
    uart0_dump                               0x00000624   ARM Code     100  serial.o(.text)
    __user_initial_stackheap                 0x000006a0   ARM Code       0  startup.o(.text)
    init_adc0                                0x000006c0   ARM Code      28  adc.o(.text)
    init_adc1                                0x000006dc   ARM Code       4  adc.o(.text)
    adc_read                                 0x000006e0   ARM Code     180  adc.o(.text)
    _printf_pre_padding                      0x000007a5   Thumb Code    48  _printf_pad.o(.text)
    _printf_post_padding                     0x000007d5   Thumb Code    36  _printf_pad.o(.text)
    _printf_longlong_hex                     0x000007f9   Thumb Code   182  _printf_longlong_hex.o(.text)
    Inline ARM to Thumb Veneer to __0sprintf 0x000008c4   ARM Code       0  __0sprintf.o(.text)
    __0sprintf                               0x000008cd   Thumb Code    40  __0sprintf.o(.text)
    __aeabi_memclr4                          0x000008f8   ARM Code       0  rt_memclr_w.o(.text)
    __aeabi_memclr8                          0x000008f8   ARM Code       0  rt_memclr_w.o(.text)
    __rt_memclr_w                            0x000008f8   ARM Code      84  rt_memclr_w.o(.text)
    _memset_w                                0x000008fc   ARM Code       0  rt_memclr_w.o(.text)
    Inline Thumb to ARM Veneer to __aeabi_idivmod 0x0000094d   Thumb Code     0  aeabi_sdiv.o(.text)
    __aeabi_idiv                             0x00000950   ARM Code       0  aeabi_sdiv.o(.text)
    __aeabi_idivmod                          0x00000950   ARM Code     364  aeabi_sdiv.o(.text)
    __use_two_region_memory                  0x00000abc   ARM Code       4  stkheap2.o(.text)
    __rt_stackheap_init                      0x00000ac0   ARM Code      60  stkheap2.o(.text)
    __rt_heap_extend                         0x00000afc   ARM Code      24  stkheap2.o(.text)
    cos                                      0x00000b14   ARM Code     212  cos.o(.text)
    __softfp_cos                             0x00000be8   ARM Code       4  cos.o(.text)
    sin                                      0x00000c04   ARM Code     228  sin.o(.text)
    __softfp_sin                             0x00000ce8   ARM Code       4  sin.o(.text)
    sqrt                                     0x00000d04   ARM Code     100  sqrt.o(.text)
    __softfp_sqrt                            0x00000d68   ARM Code       4  sqrt.o(.text)
    __rt_entry                               0x00000d80   ARM Code      76  kernel.o(.text)
    __rt_exit                                0x00000dcc   ARM Code      20  kernel.o(.text)
    __rt_abort                               0x00000de0   ARM Code       8  kernel.o(.text)
    __user_setup_stackheap                   0x00000de8   ARM Code      96  sys_stackheap_outer.o(.text)
    __aeabi_idiv0                            0x00000e48   ARM Code       4  aeabi_idiv0.o(.text)
    __rt_stackheap_storage                   0x00000e4c   ARM Code      12  rt_stackheap_storage_intlibspace.o(.text)
    Inline ARM to Thumb Veneer to __set_errno 0x00000e5c   ARM Code       0  _rserrno.o(.text)
    __read_errno                             0x00000e65   Thumb Code    18  _rserrno.o(.text)
    __set_errno                              0x00000e77   Thumb Code    16  _rserrno.o(.text)
    _printf_int_common                       0x00000e87   Thumb Code   168  _printf_intcommon.o(.text)
    __lib_sel_fp_printf                      0x00000f31   Thumb Code     2  _printf_fp_dec.o(.text)
    _fp_display                              0x00001167   Thumb Code   806  _printf_fp_dec.o(.text)
    _printf_fp_dec_real                      0x0000148d   Thumb Code   234  _printf_fp_dec.o(.text)
    _printf_char_common                      0x00001579   Thumb Code    44  _printf_char_common.o(.text)
    _sputc                                   0x000015ad   Thumb Code    10  _sputc.o(.text)
    __ARM_call_via_r0                        0x000015b9   Thumb Code     2  callvia.o(.text)
    __call_via_r0                            0x000015b9   Thumb Code     0  callvia.o(.text)
    __ARM_call_via_r1                        0x000015bb   Thumb Code     2  callvia.o(.text)
    __call_via_r1                            0x000015bb   Thumb Code     0  callvia.o(.text)
    __ARM_call_via_r2                        0x000015bd   Thumb Code     2  callvia.o(.text)
    __call_via_r2                            0x000015bd   Thumb Code     0  callvia.o(.text)
    __ARM_call_via_r3                        0x000015bf   Thumb Code     2  callvia.o(.text)
    __call_via_r3                            0x000015bf   Thumb Code     0  callvia.o(.text)
    __ARM_call_via_r4                        0x000015c1   Thumb Code     2  callvia.o(.text)
    __call_via_r4                            0x000015c1   Thumb Code     0  callvia.o(.text)
    __ARM_call_via_r5                        0x000015c3   Thumb Code     2  callvia.o(.text)
    __call_via_r5                            0x000015c3   Thumb Code     0  callvia.o(.text)
    __ARM_call_via_r6                        0x000015c5   Thumb Code     2  callvia.o(.text)
    __call_via_r6                            0x000015c5   Thumb Code     0  callvia.o(.text)
    __ARM_call_via_r7                        0x000015c7   Thumb Code     2  callvia.o(.text)
    __call_via_r7                            0x000015c7   Thumb Code     0  callvia.o(.text)
    __kernel_cos                             0x000015c8   ARM Code     372  cos_i.o(.text)
    __ieee754_rem_pio2                       0x00001758   ARM Code    1176  rred.o(.text)
    __kernel_sin                             0x00001c08   ARM Code     364  sin_i.o(.text)
    _sys_exit                                0x00001d80   ARM Code      20  sys_exit.o(.text)
    __user_libspace                          0x00001d98   ARM Code       8  libspace.o(.text)
    __user_perproc_libspace                  0x00001d98   ARM Code       0  libspace.o(.text)
    __user_perthread_libspace                0x00001d98   ARM Code       0  libspace.o(.text)
    Inline Thumb to ARM Veneer to __aeabi_errno_addr 0x00001da5   Thumb Code     0  rt_errno_addr_intlibspace.o(.text)
    __aeabi_errno_addr                       0x00001da8   ARM Code      12  rt_errno_addr_intlibspace.o(.text)
    __rt_errno_addr_intlibspace              0x00001da8   ARM Code       0  rt_errno_addr_intlibspace.o(.text)
    Inline Thumb to ARM Veneer to __rt_locale 0x00001db9   Thumb Code     0  rt_locale_intlibspace.o(.text)
    __rt_locale                              0x00001dbc   ARM Code      12  rt_locale_intlibspace.o(.text)
    Inline Thumb to ARM Veneer to _ll_udiv10 0x00001dcd   Thumb Code     0  lludiv10.o(.text)
    _ll_udiv10                               0x00001dd0   ARM Code     160  lludiv10.o(.text)
    _btod_etento                             0x00001e71   Thumb Code   202  bigflt0.o(.text)
    __printf                                 0x00001f41   Thumb Code   740  __printf.o(.text)
    _printf_outstr_char                      0x00002229   Thumb Code    32  _printf_outstr_char.o(.text)
    _printf_input_char                       0x00002249   Thumb Code    10  _printf_input_char.o(.text)
    _get_lc_numeric                          0x00002255   Thumb Code    40  lc_numeric_c.o(.text)
    exit                                     0x00002285   Thumb Code    24  exit.o(.text)
    Inline ARM to Thumb Veneer to __rt_lib_init 0x0000229c   ARM Code       0  lib_init.o(.text)
    __rt_lib_init                            0x000022a5   Thumb Code   188  lib_init.o(.text)
    __rt_lib_shutdown                        0x00002361   Thumb Code    26  lib_init.o(.text)
    _platform_post_stackheap_init            0x0000237c   ARM Code      12  boardinit2.o(.text)
    _platform_post_lib_init                  0x00002388   ARM Code      16  boardinit3.o(.text)
    Inline Thumb to ARM Veneer to __mathlib_classify 0x00002399   Thumb Code     0  classify.o(.text)
    __mathlib_classify                       0x0000239c   ARM Code      56  classify.o(.text)
    Inline Thumb to ARM Veneer to __support_dtoi 0x000023d5   Thumb Code     0  dtoi.o(.text)
    __support_dtoi                           0x000023d8   ARM Code      96  dtoi.o(.text)
    __kernel_poly                            0x00002438   ARM Code     248  poly.o(.text)
    __I_use_semihosting                      0x00002530   ARM Code       0  use_no_semi.o(.text)
    __use_no_semihosting_swi                 0x00002530   ARM Code       4  use_no_semi.o(.text)
    Inline Thumb to ARM Veneer to strcmp     0x00002535   Thumb Code     0  strcmp.o(.text)
    strcmp                                   0x00002538   ARM Code     156  strcmp.o(.text)
    __ARM_get_argv                           0x000025d9   Thumb Code     6  no_argv.o(.text)
    __ARM_fpclassify                         0x000025e0   ARM Code      44  fpclassify.o(.text)
    __rt_fp_status_addr                      0x00002610   ARM Code      12  rt_fp_status_addr_intlibspace.o(.text)
    __aeabi_uidiv                            0x00002620   ARM Code       0  aeabi_sdiv.o(.text_udiv)
    __aeabi_uidivmod                         0x00002620   ARM Code      28  aeabi_sdiv.o(.text_udiv)
    Inline Thumb to ARM Veneer to _btod_d2e  0x0000263d   Thumb Code     0  btod.o(CL$$btod_d2e)
    _btod_d2e                                0x00002640   ARM Code      56  btod.o(CL$$btod_d2e)
    _d2e_denorm_low                          0x00002678   ARM Code      84  btod.o(CL$$btod_d2e_denorm_low)
    _d2e_norm_op1                            0x000026cc   ARM Code     104  btod.o(CL$$btod_d2e_norm_op1)
    __btod_div_common                        0x00002734   ARM Code     716  btod.o(CL$$btod_div_common)
    _e2e                                     0x00002a80   ARM Code     220  btod.o(CL$$btod_e2e)
    Inline Thumb to ARM Veneer to _btod_ediv 0x00002b5d   Thumb Code     0  btod.o(CL$$btod_ediv)
    _btod_ediv                               0x00002b60   ARM Code      52  btod.o(CL$$btod_ediv)
    Inline Thumb to ARM Veneer to _btod_emul 0x00002b95   Thumb Code     0  btod.o(CL$$btod_emul)
    _btod_emul                               0x00002b98   ARM Code      52  btod.o(CL$$btod_emul)
    __btod_mult_common                       0x00002bcc   ARM Code     616  btod.o(CL$$btod_mult_common)
    Long ARM to Thumb Veneer to __rt_lib_shutdown 0x00002e34   ARM Code       0  anon$$obj.o(Veneer$$Code)
    Short Thumb to ARM Veneer to __rt_exit   0x00002e41   Thumb Code     0  anon$$obj.o(Veneer$$Code)
    Long ARM to Thumb Veneer to _printf_fp_dec_real 0x00002e48   ARM Code       0  anon$$obj.o(Veneer$$Code)
    __aeabi_d2f                              0x00002e54   ARM Code       0  d2f.o(x$fpl$d2f)
    _d2f                                     0x00002e54   ARM Code     168  d2f.o(x$fpl$d2f)
    __fpl_inf_d2f                            0x00002ef4   ARM Code       0  d2f.o(x$fpl$d2f)
    __aeabi_dadd                             0x00002f00   ARM Code       0  daddsub_noclz.o(x$fpl$dadd)
    _dadd                                    0x00002f00   ARM Code     452  daddsub_noclz.o(x$fpl$dadd)
    __fpl_inf_dadd                           0x0000307c   ARM Code       0  daddsub_noclz.o(x$fpl$dadd)
    __fpl_dcheck_NaN2                        0x000030d4   ARM Code      12  dcheck.o(x$fpl$dcheck)
    __fpl_dcheck_NaN1                        0x000030e4   ARM Code      12  dcheck1.o(x$fpl$dcheck1)
    __fpl_dcmp_InfNaN                        0x000030f4   ARM Code     128  dcmpin.o(x$fpl$dcmpinfnan)
    __fpl_inf_dcmp                           0x00003118   ARM Code       0  dcmpin.o(x$fpl$dcmpinfnan)
    __aeabi_ddiv                             0x00003174   ARM Code       0  ddiv.o(x$fpl$ddiv)
    _ddiv                                    0x00003174   ARM Code     464  ddiv.o(x$fpl$ddiv)
    __fpl_inf_ddiv                           0x00003300   ARM Code       0  ddiv.o(x$fpl$ddiv)
    _ddiv_mantissas                          0x00003344   ARM Code     608  ddiv.o(x$fpl$ddiv)
    __aeabi_d2iz                             0x00003634   ARM Code       0  dfix.o(x$fpl$dfix)
    _dfix                                    0x00003634   ARM Code     172  dfix.o(x$fpl$dfix)
    __fpl_inf_dfix                           0x000036d4   ARM Code       0  dfix.o(x$fpl$dfix)
    __aeabi_d2uiz                            0x000036e4   ARM Code       0  dfixu.o(x$fpl$dfixu)
    _dfixu                                   0x000036e4   ARM Code     132  dfixu.o(x$fpl$dfixu)
    __fpl_inf_dfixu                          0x00003760   ARM Code       0  dfixu.o(x$fpl$dfixu)
    __aeabi_i2d                              0x0000376c   ARM Code       0  dflt_noclz.o(x$fpl$dflt)
    _dflt                                    0x0000376c   ARM Code      88  dflt_noclz.o(x$fpl$dflt)
    __dflt_normalise                         0x0000377c   ARM Code       0  dflt_noclz.o(x$fpl$dflt)
    __aeabi_ui2d                             0x000037c4   ARM Code       0  dflt_noclz.o(x$fpl$dfltu)
    _dfltu                                   0x000037c4   ARM Code      12  dflt_noclz.o(x$fpl$dfltu)
    __aeabi_cdcmple                          0x000037d0   ARM Code       0  dleqf.o(x$fpl$dleqf)
    _dcmple                                  0x000037d0   ARM Code     132  dleqf.o(x$fpl$dleqf)
    __aeabi_dmul                             0x00003858   ARM Code       0  dmul.o(x$fpl$dmul)
    _dmul                                    0x00003858   ARM Code     460  dmul.o(x$fpl$dmul)
    __fpl_inf_dmul                           0x000039f0   ARM Code       0  dmul.o(x$fpl$dmul)
    _drem                                    0x00003a34   ARM Code     496  drem.o(x$fpl$drem)
    __fpl_inf_drem                           0x00003bec   ARM Code       0  drem.o(x$fpl$drem)
    __aeabi_drsub                            0x00003c30   ARM Code       0  daddsub_noclz.o(x$fpl$drsb)
    _drsb                                    0x00003c30   ARM Code      24  daddsub_noclz.o(x$fpl$drsb)
    _dsqrt                                   0x00003c48   ARM Code     384  dsqrt.o(x$fpl$dsqrt)
    __fpl_inf_dsqrt                          0x00003dac   ARM Code       0  dsqrt.o(x$fpl$dsqrt)
    __aeabi_dsub                             0x00003dd0   ARM Code       0  daddsub_noclz.o(x$fpl$dsub)
    _dsub                                    0x00003dd0   ARM Code     572  daddsub_noclz.o(x$fpl$dsub)
    __fpl_inf_dsub                           0x00003fc4   ARM Code       0  daddsub_noclz.o(x$fpl$dsub)
    __dunder                                 0x00004018   ARM Code     272  dunder.o(x$fpl$dunder)
    __dunder_d                               0x00004128   ARM Code       4  dunder.o(x$fpl$dunder)
    __aeabi_f2d                              0x0000412c   ARM Code       0  f2d.o(x$fpl$f2d)
    _f2d                                     0x0000412c   ARM Code      96  f2d.o(x$fpl$f2d)
    __fpl_inf_f2d                            0x00004180   ARM Code       0  f2d.o(x$fpl$f2d)
    __aeabi_fadd                             0x00004190   ARM Code       0  faddsub_noclz.o(x$fpl$fadd)
    _fadd                                    0x00004190   ARM Code     260  faddsub_noclz.o(x$fpl$fadd)
    __fpl_inf_fadd                           0x0000426c   ARM Code       0  faddsub_noclz.o(x$fpl$fadd)
    __fpl_fcheck_NaN2                        0x00004298   ARM Code       8  fcheck.o(x$fpl$fcheck)
    __fpl_fcheck_NaN1                        0x000042a4   ARM Code       8  fcheck1.o(x$fpl$fcheck1)
    __aeabi_fmul                             0x000042b0   ARM Code       0  fmul.o(x$fpl$fmul)
    _fmul                                    0x000042b0   ARM Code     260  fmul.o(x$fpl$fmul)
    __fpl_inf_fmul                           0x00004398   ARM Code       0  fmul.o(x$fpl$fmul)
    __fpl_normalise2                         0x000043b8   ARM Code     148  fnorm2_noclz.o(x$fpl$fnorm2)
    Inline Thumb to ARM Veneer to _fp_init   0x0000444d   Thumb Code     0  fpinit.o(x$fpl$fpinit)
    _fp_init                                 0x00004450   ARM Code      24  fpinit.o(x$fpl$fpinit)
    __fplib_config_pureend_doubles           0x00004460   ARM Code       0  fpinit.o(x$fpl$fpinit)
    __aeabi_fsub                             0x00004468   ARM Code       0  faddsub_noclz.o(x$fpl$fsub)
    _fsub                                    0x00004468   ARM Code     356  faddsub_noclz.o(x$fpl$fsub)
    __fpl_inf_fsub                           0x000045a4   ARM Code       0  faddsub_noclz.o(x$fpl$fsub)
    __funder                                 0x000045d0   ARM Code     140  funder.o(x$fpl$funder)
    __funder_d                               0x0000465c   ARM Code       4  funder.o(x$fpl$funder)
    Inline Thumb to ARM Veneer to __ieee_status 0x00004661   Thumb Code     0  istatus.o(x$fpl$ieeestatus)
    __ieee_status                            0x00004664   ARM Code       8  istatus.o(x$fpl$ieeestatus)
    Inline Thumb to ARM Veneer to _printf_fp_dec 0x0000466d   Thumb Code     0  printf1.o(x$fpl$printf1)
    _printf_fp_dec                           0x00004670   ARM Code       4  printf1.o(x$fpl$printf1)
    __fpl_return_NaN                         0x00004674   ARM Code     116  retnan.o(x$fpl$retnan)
    __ARM_scalbn                             0x000046e8   ARM Code       0  scalbn_noclz.o(x$fpl$scalbn)
    scalbln                                  0x000046e8   ARM Code       0  scalbn_noclz.o(x$fpl$scalbn)
    scalblnl                                 0x000046e8   ARM Code       0  scalbn_noclz.o(x$fpl$scalbn)
    scalbn                                   0x000046e8   ARM Code     108  scalbn_noclz.o(x$fpl$scalbn)
    scalbnl                                  0x000046e8   ARM Code       0  scalbn_noclz.o(x$fpl$scalbn)
    __fpl_inf_scalbn                         0x00004750   ARM Code       0  scalbn_noclz.o(x$fpl$scalbn)
    __fpl_cmpreturn                          0x00004754   ARM Code      60  trapv.o(x$fpl$trapveneer)
    __I_use_fp                               0x00004790   Number         0  usenofp.o(x$fpl$usenofp)
    Region$$Table$$Base                      0x00004994   Number         0  anon$$obj.o(Region$$Table)
    Region$$Table$$Limit                     0x000049a4   Number         0  anon$$obj.o(Region$$Table)
    adcc                                     0x40000000   Data          20  main.o(.bss)
    FFT                                      0x40000014   Data          20  main.o(.bss)
    __libspace_start                         0x40000028   Data          96  libspace.o(.bss)


================================================================================

Memory Map of the image

  Image Entry point : 0x00000110

  Load Region LR_IROM1 (Base: 0x00000000, Size: 0x000049a4, Max: 0xffffffff, ABSOLUTE)

    Execution Region ER_IROM1 (Base: 0x00000000, Size: 0x000049a4, Max: 0x00080000, ABSOLUTE)

    Base Addr    Size         Type   Attr      Idx    E Section Name        Object

    0x00000000   0x00000110   Code   RO           50    RESET               startup.o
    0x00000110   0x00000008   Code   RO           99  * !!!main             __main.o(c_t__un.l)
    0x00000118   0x00000038   Code   RO          372    !!!scatter          __scatter.o(c_t__un.l)
    0x00000150   0x0000002c   Code   RO          374    !!handler_zi        __scatter_zi.o(c_t__un.l)
    0x0000017c   0x00000004   Ven    RO          274    .emb_text           lib_init.o(c_t__un.l)
    0x00000180   0x00000010   Code   RO          274    .emb_text           lib_init.o(c_t__un.l)
    0x00000190   0x000002fc   Code   RO            1    .text               main.o
    0x0000048c   0x00000214   Code   RO           32    .text               serial.o
    0x000006a0   0x00000020   Code   RO           51    .text               startup.o
    0x000006c0   0x000000e4   Code   RO           57    .text               adc.o
    0x000007a4   0x00000054   Code   RO           72    .text               _printf_pad.o(c_t__un.l)
    0x000007f8   0x000000cc   Code   RO           74    .text               _printf_longlong_hex.o(c_t__un.l)
    0x000008c4   0x00000008   Ven    RO           77    .text               __0sprintf.o(c_t__un.l)
    0x000008cc   0x0000002c   Code   RO           77    .text               __0sprintf.o(c_t__un.l)
    0x000008f8   0x00000054   Code   RO           79    .text               rt_memclr_w.o(c_t__un.l)
    0x0000094c   0x00000004   Ven    RO           81    .text               aeabi_sdiv.o(c_t__un.l)
    0x00000950   0x0000016c   Code   RO           81    .text               aeabi_sdiv.o(c_t__un.l)
    0x00000abc   0x00000058   Code   RO           97    .text               stkheap2.o(c_t__un.l)
    0x00000b14   0x000000f0   Code   RO          135    .text               cos.o(m_t_pu.l)
    0x00000c04   0x00000100   Code   RO          137    .text               sin.o(m_t_pu.l)
    0x00000d04   0x0000007c   Code   RO          139    .text               sqrt.o(m_t_pu.l)
    0x00000d80   0x00000068   Code   RO          141    .text               kernel.o(c_t__un.l)
    0x00000de8   0x00000060   Code   RO          144    .text               sys_stackheap_outer.o(c_t__un.l)
    0x00000e48   0x00000004   Code   RO          146    .text               aeabi_idiv0.o(c_t__un.l)
    0x00000e4c   0x00000010   Code   RO          153    .text               rt_stackheap_storage_intlibspace.o(c_t__un.l)
    0x00000e5c   0x00000008   Ven    RO          159    .text               _rserrno.o(c_t__un.l)
    0x00000e64   0x00000022   Code   RO          159    .text               _rserrno.o(c_t__un.l)
    0x00000e86   0x000000a8   Code   RO          161    .text               _printf_intcommon.o(c_t__un.l)
    0x00000f2e   0x00000002   PAD
    0x00000f30   0x00000646   Code   RO          163    .text               _printf_fp_dec.o(c_t__un.l)
    0x00001576   0x00000002   PAD
    0x00001578   0x00000034   Code   RO          165    .text               _printf_char_common.o(c_t__un.l)
    0x000015ac   0x0000000a   Code   RO          167    .text               _sputc.o(c_t__un.l)
    0x000015b6   0x00000002   PAD
    0x000015b8   0x00000010   Code   RO          190    .text               callvia.o(h_t__un.l)
    0x000015c8   0x00000190   Code   RO          191    .text               cos_i.o(m_t_pu.l)
    0x00001758   0x000004b0   Code   RO          194    .text               rred.o(m_t_pu.l)
    0x00001c08   0x00000178   Code   RO          197    .text               sin_i.o(m_t_pu.l)
    0x00001d80   0x00000018   Code   RO          200    .text               sys_exit.o(c_t__un.l)
    0x00001d98   0x0000000c   Code   RO          202    .text               libspace.o(c_t__un.l)
    0x00001da4   0x00000004   Ven    RO          210    .text               rt_errno_addr_intlibspace.o(c_t__un.l)
    0x00001da8   0x00000010   Code   RO          210    .text               rt_errno_addr_intlibspace.o(c_t__un.l)
    0x00001db8   0x00000004   Ven    RO          219    .text               rt_locale_intlibspace.o(c_t__un.l)
    0x00001dbc   0x00000010   Code   RO          219    .text               rt_locale_intlibspace.o(c_t__un.l)
    0x00001dcc   0x00000004   Ven    RO          225    .text               lludiv10.o(c_t__un.l)
    0x00001dd0   0x000000a0   Code   RO          225    .text               lludiv10.o(c_t__un.l)
    0x00001e70   0x000000d0   Code   RO          227    .text               bigflt0.o(c_t__un.l)
    0x00001f40   0x000002e8   Code   RO          252    .text               __printf.o(c_t__un.l)
    0x00002228   0x00000020   Code   RO          255    .text               _printf_outstr_char.o(c_t__un.l)
    0x00002248   0x0000000a   Code   RO          257    .text               _printf_input_char.o(c_t__un.l)
    0x00002252   0x00000002   PAD
    0x00002254   0x00000030   Code   RO          259    .text               lc_numeric_c.o(c_t__un.l)
    0x00002284   0x00000018   Code   RO          262    .text               exit.o(c_t__un.l)
    0x0000229c   0x00000008   Ven    RO          275    .text               lib_init.o(c_t__un.l)
    0x000022a4   0x000000d6   Code   RO          275    .text               lib_init.o(c_t__un.l)
    0x0000237a   0x00000002   PAD
    0x0000237c   0x0000000c   Code   RO          280    .text               boardinit2.o(c_t__un.l)
    0x00002388   0x00000010   Code   RO          282    .text               boardinit3.o(c_t__un.l)
    0x00002398   0x00000004   Ven    RO          298    .text               classify.o(m_t_pu.l)
    0x0000239c   0x00000038   Code   RO          298    .text               classify.o(m_t_pu.l)
    0x000023d4   0x00000004   Ven    RO          300    .text               dtoi.o(m_t_pu.l)
    0x000023d8   0x00000060   Code   RO          300    .text               dtoi.o(m_t_pu.l)
    0x00002438   0x000000f8   Code   RO          302    .text               poly.o(m_t_pu.l)
    0x00002530   0x00000004   Code   RO          304    .text               use_no_semi.o(c_t__un.l)
    0x00002534   0x00000004   Ven    RO          312    .text               strcmp.o(c_t__un.l)
    0x00002538   0x000000a0   Code   RO          312    .text               strcmp.o(c_t__un.l)
    0x000025d8   0x00000006   Code   RO          322    .text               no_argv.o(c_t__un.l)
    0x000025de   0x00000002   PAD
    0x000025e0   0x00000030   Code   RO          328    .text               fpclassify.o(m_t_pu.l)
    0x00002610   0x00000010   Code   RO          337    .text               rt_fp_status_addr_intlibspace.o(c_t__un.l)
    0x00002620   0x0000001c   Code   RO           82    .text_udiv          aeabi_sdiv.o(c_t__un.l)
    0x0000263c   0x00000004   Ven    RO          230    CL$$btod_d2e        btod.o(c_t__un.l)
    0x00002640   0x00000038   Code   RO          230    CL$$btod_d2e        btod.o(c_t__un.l)
    0x00002678   0x00000054   Code   RO          232    CL$$btod_d2e_denorm_low  btod.o(c_t__un.l)
    0x000026cc   0x00000068   Code   RO          231    CL$$btod_d2e_norm_op1  btod.o(c_t__un.l)
    0x00002734   0x0000034c   Code   RO          240    CL$$btod_div_common  btod.o(c_t__un.l)
    0x00002a80   0x000000dc   Code   RO          237    CL$$btod_e2e        btod.o(c_t__un.l)
    0x00002b5c   0x00000004   Ven    RO          234    CL$$btod_ediv       btod.o(c_t__un.l)
    0x00002b60   0x00000034   Code   RO          234    CL$$btod_ediv       btod.o(c_t__un.l)
    0x00002b94   0x00000004   Ven    RO          233    CL$$btod_emul       btod.o(c_t__un.l)
    0x00002b98   0x00000034   Code   RO          233    CL$$btod_emul       btod.o(c_t__un.l)
    0x00002bcc   0x00000268   Code   RO          239    CL$$btod_mult_common  btod.o(c_t__un.l)
    0x00002e34   0x0000000c   Ven    RO          379    Veneer$$Code        anon$$obj.o
    0x00002e40   0x00000008   Ven    RO          392    Veneer$$Code        anon$$obj.o
    0x00002e48   0x0000000c   Ven    RO          395    Veneer$$Code        anon$$obj.o
    0x00002e54   0x000000ac   Code   RO          101    x$fpl$d2f           d2f.o(fz_t_p.l)
    0x00002f00   0x000001d4   Code   RO          103    x$fpl$dadd          daddsub_noclz.o(fz_t_p.l)
    0x000030d4   0x00000010   Code   RO          170    x$fpl$dcheck        dcheck.o(fz_t_p.l)
    0x000030e4   0x00000010   Code   RO          172    x$fpl$dcheck1       dcheck1.o(fz_t_p.l)
    0x000030f4   0x00000080   Code   RO          286    x$fpl$dcmpinfnan    dcmpin.o(fz_t_p.l)
    0x00003174   0x000004c0   Code   RO          110    x$fpl$ddiv          ddiv.o(fz_t_p.l)
    0x00003634   0x000000b0   Code   RO          288    x$fpl$dfix          dfix.o(fz_t_p.l)
    0x000036e4   0x00000088   Code   RO          113    x$fpl$dfixu         dfixu.o(fz_t_p.l)
    0x0000376c   0x00000058   Code   RO          118    x$fpl$dflt          dflt_noclz.o(fz_t_p.l)
    0x000037c4   0x0000000c   Code   RO          117    x$fpl$dfltu         dflt_noclz.o(fz_t_p.l)
    0x000037d0   0x00000088   Code   RO          186    x$fpl$dleqf         dleqf.o(fz_t_p.l)
    0x00003858   0x000001dc   Code   RO          121    x$fpl$dmul          dmul.o(fz_t_p.l)
    0x00003a34   0x000001fc   Code   RO          294    x$fpl$drem          drem.o(fz_t_p.l)
    0x00003c30   0x00000018   Code   RO          104    x$fpl$drsb          daddsub_noclz.o(fz_t_p.l)
    0x00003c48   0x00000188   Code   RO          174    x$fpl$dsqrt         dsqrt.o(fz_t_p.l)
    0x00003dd0   0x00000248   Code   RO          105    x$fpl$dsub          daddsub_noclz.o(fz_t_p.l)
    0x00004018   0x00000114   Code   RO          176    x$fpl$dunder        dunder.o(fz_t_p.l)
    0x0000412c   0x00000064   Code   RO          123    x$fpl$f2d           f2d.o(fz_t_p.l)
    0x00004190   0x00000108   Code   RO          125    x$fpl$fadd          faddsub_noclz.o(fz_t_p.l)
    0x00004298   0x0000000c   Code   RO          178    x$fpl$fcheck        fcheck.o(fz_t_p.l)
    0x000042a4   0x0000000c   Code   RO          180    x$fpl$fcheck1       fcheck1.o(fz_t_p.l)
    0x000042b0   0x00000108   Code   RO          131    x$fpl$fmul          fmul.o(fz_t_p.l)
    0x000043b8   0x00000094   Code   RO          182    x$fpl$fnorm2        fnorm2_noclz.o(fz_t_p.l)
    0x0000444c   0x00000004   Ven    RO          326    x$fpl$fpinit        fpinit.o(fz_t_p.l)
    0x00004450   0x00000018   Code   RO          326    x$fpl$fpinit        fpinit.o(fz_t_p.l)
    0x00004468   0x00000168   Code   RO          127    x$fpl$fsub          faddsub_noclz.o(fz_t_p.l)
    0x000045d0   0x00000090   Code   RO          184    x$fpl$funder        funder.o(fz_t_p.l)
    0x00004660   0x00000004   Ven    RO          296    x$fpl$ieeestatus    istatus.o(fz_t_p.l)
    0x00004664   0x00000008   Code   RO          296    x$fpl$ieeestatus    istatus.o(fz_t_p.l)
    0x0000466c   0x00000004   Ven    RO          133    x$fpl$printf1       printf1.o(fz_t_p.l)
    0x00004670   0x00000004   Code   RO          133    x$fpl$printf1       printf1.o(fz_t_p.l)
    0x00004674   0x00000074   Code   RO          292    x$fpl$retnan        retnan.o(fz_t_p.l)
    0x000046e8   0x0000006c   Code   RO          188    x$fpl$scalbn        scalbn_noclz.o(fz_t_p.l)
    0x00004754   0x0000003c   Code   RO          324    x$fpl$trapveneer    trapv.o(fz_t_p.l)
    0x00004790   0x00000000   Code   RO          169    x$fpl$usenofp       usenofp.o(fz_t_p.l)
    0x00004790   0x00000022   Data   RO           75    .constdata          _printf_longlong_hex.o(c_t__un.l)
    0x000047b2   0x00000006   PAD
    0x000047b8   0x00000030   Data   RO          192    .constdata          cos_i.o(m_t_pu.l)
    0x000047e8   0x000000c0   Data   RO          195    .constdata          rred.o(m_t_pu.l)
    0x000048a8   0x00000028   Data   RO          198    .constdata          sin_i.o(m_t_pu.l)
    0x000048d0   0x00000094   Data   RO          228    .constdata          bigflt0.o(c_t__un.l)
    0x00004964   0x00000011   Data   RO          253    .constdata          __printf.o(c_t__un.l)
    0x00004975   0x00000003   PAD
    0x00004978   0x0000001c   Data   RO          260    .constdata          lc_numeric_c.o(c_t__un.l)
    0x00004994   0x00000010   Data   RO          371    Region$$Table       anon$$obj.o


    Execution Region RW_IRAM1 (Base: 0x40000000, Size: 0x00000510, Max: 0x00008000, ABSOLUTE)

    Base Addr    Size         Type   Attr      Idx    E Section Name        Object

    0x40000000   0x00000028   Zero   RW            2    .bss                main.o
    0x40000028   0x00000060   Zero   RW          203    .bss                libspace.o(c_t__un.l)
    0x40000088   0x00000000   Zero   RW           49    HEAP                startup.o
    0x40000088   0x00000488   Zero   RW           48    STACK               startup.o


================================================================================

Image component sizes


      Code (inc. data)   RO Data    RW Data    ZI Data      Debug   Object Name

       228         16          0          0          0        628   adc.o
       764         40          0          0         40       8028   main.o
       532         24          0          0          0       1452   serial.o
       304         60          0          0       1160        568   startup.o

    ------------------------------------------------------------------------
      1860        148         16          0       1200      10676   Object Totals
        32          8         16          0          0          0   (incl. Generated)
         0          0          0          0          0          0   (incl. Padding)

    ------------------------------------------------------------------------

      Code (inc. data)   RO Data    RW Data    ZI Data      Debug   Library Member Name

        52          4          0          0          0          0   __0sprintf.o
         8          0          0          0          0          0   __main.o
       744          4         17          0          0          0   __printf.o
        56          8          0          0          0          0   __scatter.o
        44          0          0          0          0          0   __scatter_zi.o
        52          8          0          0          0          0   _printf_char_common.o
      1606         44          0          0          0          0   _printf_fp_dec.o
        10          0          0          0          0          0   _printf_input_char.o
       168          0          0          0          0          0   _printf_intcommon.o
       204         22         34          0          0          0   _printf_longlong_hex.o
        32          0          0          0          0          0   _printf_outstr_char.o
        84          0          0          0          0          0   _printf_pad.o
        42          0          0          0          0          0   _rserrno.o
        10          0          0          0          0          0   _sputc.o
         4          0          0          0          0          0   aeabi_idiv0.o
       396          0          0          0          0          0   aeabi_sdiv.o
       208          6        148          0          0          0   bigflt0.o
        12          0          0          0          0          0   boardinit2.o
        16          0          0          0          0          0   boardinit3.o
      2040        128          0          0          0          0   btod.o
        16          0          0          0          0          0   callvia.o
        60          0          0          0          0          0   classify.o
       240         24          0          0          0          0   cos.o
       400         28         48          0          0          0   cos_i.o
       172          4          0          0          0          0   d2f.o
      1076         28          0          0          0          0   daddsub_noclz.o
        16          4          0          0          0          0   dcheck.o
        16          4          0          0          0          0   dcheck1.o
       128          0          0          0          0          0   dcmpin.o
      1216        144          0          0          0          0   ddiv.o
       176          4          0          0          0          0   dfix.o
       136          4          0          0          0          0   dfixu.o
       100          0          0          0          0          0   dflt_noclz.o
       136          4          0          0          0          0   dleqf.o
       476         16          0          0          0          0   dmul.o
       508         12          0          0          0          0   drem.o
       392          8          0          0          0          0   dsqrt.o
       100          0          0          0          0          0   dtoi.o
       276          0          0          0          0          0   dunder.o
        24          0          0          0          0          0   exit.o
       100          4          0          0          0          0   f2d.o
       624          8          0          0          0          0   faddsub_noclz.o
        12          4          0          0          0          0   fcheck.o
        12          4          0          0          0          0   fcheck1.o
       264          4          0          0          0          0   fmul.o
       148          0          0          0          0          0   fnorm2_noclz.o
        48          4          0          0          0          0   fpclassify.o
        28          0          0          0          0          0   fpinit.o
       144          0          0          0          0          0   funder.o
        12          0          0          0          0          0   istatus.o
       104          4          0          0          0          0   kernel.o
        48          8         28          0          0          0   lc_numeric_c.o
       242          4          0          0          0          0   lib_init.o
        12          4          0          0         96          0   libspace.o
       164          0          0          0          0          0   lludiv10.o
         6          0          0          0          0          0   no_argv.o
       248          0          0          0          0          0   poly.o
         8          0          0          0          0          0   printf1.o
       116          0          0          0          0          0   retnan.o
      1200        104        192          0          0          0   rred.o
        20          4          0          0          0          0   rt_errno_addr_intlibspace.o
        16          4          0          0          0          0   rt_fp_status_addr_intlibspace.o
        20          4          0          0          0          0   rt_locale_intlibspace.o
        84          0          0          0          0          0   rt_memclr_w.o
        16          4          0          0          0          0   rt_stackheap_storage_intlibspace.o
       108          0          0          0          0          0   scalbn_noclz.o
       256         24          0          0          0          0   sin.o
       376         12         40          0          0          0   sin_i.o
       124         20          0          0          0          0   sqrt.o
        88          0          0          0          0          0   stkheap2.o
       164          4          0          0          0          0   strcmp.o
        24          8          0          0          0          0   sys_exit.o
        96          0          0          0          0          0   sys_stackheap_outer.o
        60          0          0          0          0          0   trapv.o
         4          0          0          0          0          0   use_no_semi.o
         0          0          0          0          0          0   usenofp.o

    ------------------------------------------------------------------------
     16460        744        516          0         96          0   Library Totals
        12          0          9          0          0          0   (incl. Padding)

    ------------------------------------------------------------------------

      Code (inc. data)   RO Data    RW Data    ZI Data      Debug   Library Name

      6920        272        227          0         96          0   c_t__un.l
      6460        256          0          0          0          0   fz_t_p.l
        16          0          0          0          0          0   h_t__un.l
      3052        216        280          0          0          0   m_t_pu.l

    ------------------------------------------------------------------------
     16460        744        516          0         96          0   Library Totals

    ------------------------------------------------------------------------

================================================================================


      Code (inc. data)   RO Data    RW Data    ZI Data      Debug   

     18320        892        532          0       1296      10676   Grand Totals
     18320        892        532          0       1296      10676   Image Totals

================================================================================

    Total RO  Size (Code + RO Data)                18852 (  18.41kB)
    Total RW  Size (RW Data + ZI Data)              1296 (   1.27kB)
    Total ROM Size (Code + RO Data + RW Data)      18852 (  18.41kB)

================================================================================

