<html>
<body>
<pre>
<h1>µVision Build Log</h1>
<h2>Project:</h2>
E:\Passport\2_D_Drive_Embedded_PC\7_EmbeddedLAb20.com\Kits\Emtron_ARM_Kit\LPC2148_example_codes\LPC2148_example_codes\8_Serial_ADC\uart_test.uvproj
Project File Date:  <unknown>

<h2>Output:</h2>
Build target 'Target 1'
compiling main.c...
main.c(16): warning:  #223-D: function "sprintf" declared implicitly
compiling Serial.c...
assembling Startup.s...
linking...
uart_test.axf: Error: L6218E: Undefined symbol adc_read (referred from main.o).
uart_test.axf: Error: L6218E: Undefined symbol init_adc0 (referred from main.o).
Target not created
Build target 'Target 1'
compiling main.c...
main.c(16): warning:  #223-D: function "sprintf" declared implicitly
compiling Serial.c...
assembling Startup.s...
compiling adc.c...
linking...
Program Size: Code=3036 RO-data=76 RW-data=0 ZI-data=1256  
FromELF: creating hex file...
"uart_test.axf" - 0 Error(s), 1 Warning(s).
